117.136.75.139 - - [29/Jul/2015:16:11:58 +0800] "GET /static/upload/images/2014-05-13/7c31925b-e83e-4d73-b82c-bad08e262db5.jpg HTTP/1.1" 200 302122 "https://m.baidu.com/s?tn=zbios&pu=sz%401320_480%2Ccuid%401F51B3DD3A20FEF45827F30AD81C46E17A9605B88OCGGOGDSPO%2Ccua%40750_1334_iphone_6.7.0.1_0%2Ccut%40iPhone7%252C2_8.4%2Cosname%40baiduboxapp%2Cctv%401%2Ccfrom%401099a%2Ccsrc%40app_box_txt&bd_page_type=1&word=TLQV6F82CIbOHKfx1UM6X7DtQ3HKCtHOEw1YYhl5KgpWWHiljHyqhbFaSR9vuL8jhPHaxMSyBXGwsTjcnQd9tA%3D%3D&cki=1&sa=iks_4&ss=110&network=51_13&from=1099a" "Mozilla/5.0 (iPhone; CPU iPhone OS 8_4 like Mac OS X) AppleWebKit/600.1.4 (KHTML, like Gecko) Mobile/12H143 baiduboxapp/0_1.0.7.6_enohpi_4331_057/4.8_2C2%257enohPi/1099a/1F51B3DD3A20FEF45827F30AD81C46E17A9605B88OCGGOGDSPO/1" "-"
119.130.187.39 - - [29/Jul/2015:16:11:59 +0800] "POST /admin/remind/newOrderRemind HTTP/1.1" 200 2 "http://www.sinbad.com.cn/login" "Mozilla/5.0 (Windows NT 6.3; WOW64) AppleWebKit/537.36 (KHTML, like Gecko) Chrome/38.0.2125.122 Safari/537.36" "-"
119.130.187.39 - - [29/Jul/2015:16:12:02 +0800] "POST /admin/base/baseRoute/newSaveRoute HTTP/1.1" 200 20365 "http://www.sinbad.com.cn/login" "Mozilla/5.0 (Windows NT 6.3; WOW64) AppleWebKit/537.36 (KHTML, like Gecko) Chrome/43.0.2357.130 Safari/537.36" "-"
119.130.187.39 - - [29/Jul/2015:16:12:02 +0800] "POST /admin/remind/newOrderRemind HTTP/1.1" 200 2 "http://www.sinbad.com.cn/login" "Mozilla/5.0 (Windows NT 6.1) AppleWebKit/537.36 (KHTML, like Gecko) Chrome/44.0.2403.89 Safari/537.36" "-"
23.91.97.32 - - [29/Jul/2015:16:12:03 +0800] "POST /admin/remind/newOrderRemind HTTP/1.1" 200 153 "http://www.sinbad.com.cn/login" "Mozilla/5.0 (Windows NT 6.1) AppleWebKit/537.36 (KHTML, like Gecko) Chrome/43.0.2357.134 Safari/537.36" "-"
113.67.132.125 - - [29/Jul/2015:16:12:05 +0800] "POST /admin/remind/newOrderRemind HTTP/1.1" 200 2 "http://www.sinbad.com.cn/login" "Mozilla/5.0 (Windows NT 6.1; WOW64) AppleWebKit/537.36 (KHTML, like Gecko) Chrome/43.0.2357.134 Safari/537.36" "-"
113.67.132.125 - - [29/Jul/2015:16:12:08 +0800] "POST /admin/remind/newOrderRemind HTTP/1.1" 200 2 "http://www.sinbad.com.cn/login" "Mozilla/5.0 (Windows NT 6.1; WOW64) AppleWebKit/537.36 (KHTML, like Gecko) Chrome/43.0.2357.134 Safari/537.36" "-"
220.181.108.154 - - [29/Jul/2015:16:12:09 +0800] "GET /destination/637/geography.html HTTP/1.1" 200 7560 "-" "Mozilla/5.0 (compatible; Baiduspider/2.0; +http://www.baidu.com/search/spider.html)" "-"
23.91.97.32 - - [29/Jul/2015:16:12:10 +0800] "POST /admin/remind/newOrderRemind HTTP/1.1" 200 153 "http://www.sinbad.com.cn/login" "Mozilla/5.0 (Windows NT 6.3; WOW64) AppleWebKit/537.36 (KHTML, like Gecko) Chrome/44.0.2403.107 Safari/537.36" "-"
119.130.187.39 - - [29/Jul/2015:16:12:11 +0800] "POST /admin/remind/newOrderRemind HTTP/1.1" 200 2 "http://www.sinbad.com.cn/login" "Mozilla/5.0 (Windows NT 6.3; WOW64) AppleWebKit/537.36 (KHTML, like Gecko) Chrome/31.0.1650.63 Safari/537.36" "-"
123.125.71.17 - - [29/Jul/2015:16:12:11 +0800] "GET /js/calendar/skin/WdatePicker.css HTTP/1.1" 200 125 "http://www.sinbad.com.cn/destination/637/geography.html" "Mozilla/5.0 (compatible; Baiduspider/2.0; +http://www.baidu.com/search/spider.html)" "-"
119.130.187.39 - - [29/Jul/2015:16:12:13 +0800] "POST /admin/remind/newOrderRemind HTTP/1.1" 200 2 "http://www.sinbad.com.cn/login" "Mozilla/5.0 (Windows NT 6.1; WOW64) AppleWebKit/537.36 (KHTML, like Gecko) Chrome/41.0.2272.118 Safari/537.36" "-"
220.181.108.85 - - [29/Jul/2015:16:12:13 +0800] "GET /js/jquery.foucs.js HTTP/1.1" 200 1901 "http://www.sinbad.com.cn/destination/637/geography.html" "Mozilla/5.0 (compatible; Baiduspider/2.0; +http://www.baidu.com/search/spider.html)" "-"
113.67.132.125 - - [29/Jul/2015:16:12:14 +0800] "POST /admin/remind/newOrderRemind HTTP/1.1" 200 153 "http://www.sinbad.com.cn/login" "Mozilla/5.0 (Windows NT 6.1; WOW64) AppleWebKit/537.36 (KHTML, like Gecko) Chrome/45.0.2427.7 Safari/537.36" "-"
113.96.88.57 - - [29/Jul/2015:16:12:14 +0800] "POST /admin/remind/newOrderRemind HTTP/1.1" 200 2 "http://www.sinbad.com.cn/login" "Mozilla/5.0 (Windows NT 6.3; WOW64) AppleWebKit/537.36 (KHTML, like Gecko) Chrome/43.0.2357.134 Safari/537.36" "-"
119.130.187.39 - - [29/Jul/2015:16:12:15 +0800] "POST /admin/remind/newOrderRemind HTTP/1.1" 200 2 "http://www.sinbad.com.cn/login" "Mozilla/5.0 (Windows NT 6.3; WOW64) AppleWebKit/537.36 (KHTML, like Gecko) Chrome/43.0.2357.130 Safari/537.36" "-"
119.130.187.39 - - [29/Jul/2015:16:12:16 +0800] "POST /admin/remind/newOrderRemind HTTP/1.1" 200 2 "http://www.sinbad.com.cn/login#rel0007-3" "Mozilla/4.0 (compatible; MSIE 7.0; Windows NT 5.1; Trident/4.0; .NET CLR 2.0.50727; .NET CLR 3.0.4506.2152; .NET CLR 3.5.30729)" "-"
119.130.187.39 - - [29/Jul/2015:16:12:17 +0800] "POST /admin/remind/newOrderRemind HTTP/1.1" 200 2 "http://www.sinbad.com.cn/login" "Mozilla/5.0 (Windows NT 6.3; WOW64) AppleWebKit/537.36 (KHTML, like Gecko) Chrome/43.0.2357.81 Safari/537.36" "-"
119.130.187.39 - - [29/Jul/2015:16:12:21 +0800] "POST /admin/remind/newOrderRemind HTTP/1.0" 200 2 "http://www.sinbad.com.cn/login" "Mozilla/5.0 (Windows NT 6.1; WOW64) AppleWebKit/537.36 (KHTML, like Gecko) Chrome/39.0.2171.99 Safari/537.36 LBBROWSER" "-"
119.130.187.39 - - [29/Jul/2015:16:12:22 +0800] "POST /admin/remind/newOrderRemind HTTP/1.1" 200 2 "http://www.sinbad.com.cn/login" "Mozilla/5.0 (Windows NT 6.1; WOW64) AppleWebKit/537.36 (KHTML, like Gecko) Chrome/31.0.1650.63 Safari/537.36" "-"
119.130.187.39 - - [29/Jul/2015:16:12:22 +0800] "POST /admin/remind/newOrderRemind HTTP/1.1" 200 2 "http://www.sinbad.com.cn/login#_blank" "Mozilla/4.0 (compatible; MSIE 7.0; Windows NT 6.3; WOW64; Trident/7.0; .NET4.0E; .NET4.0C; Tablet PC 2.0; .NET CLR 3.5.30729; .NET CLR 2.0.50727; .NET CLR 3.0.30729; InfoPath.2; GWX:QUALIFIED; LCJB)" "-"
119.130.187.39 - - [29/Jul/2015:16:12:24 +0800] "POST /admin/remind/newOrderRemind HTTP/1.1" 200 2 "http://www.sinbad.com.cn/login" "Mozilla/5.0 (Windows NT 6.3; WOW64) AppleWebKit/537.36 (KHTML, like Gecko) Chrome/38.0.2125.122 Safari/537.36" "-"
115.28.26.13 - - [29/Jul/2015:16:12:27 +0800] "GET / HTTP/1.1" 200 28245 "-" "Mozilla/5.0 (compatible; MSIE 9.0; Windows NT 6.1; Win64; x64; Trident/5.0)" "-"
119.130.187.39 - - [29/Jul/2015:16:12:27 +0800] "POST /admin/remind/newOrderRemind HTTP/1.1" 200 2 "http://www.sinbad.com.cn/login" "Mozilla/5.0 (Windows NT 6.1) AppleWebKit/537.36 (KHTML, like Gecko) Chrome/44.0.2403.89 Safari/537.36" "-"
223.67.98.102 - - [29/Jul/2015:16:12:27 +0800] "GET /static/upload/images/2014-05-13/7c31925b-e83e-4d73-b82c-bad08e262db5.jpg HTTP/1.1" 200 302122 "http://www.baidu.com/from=844b/s?word=%E9%A6%99%E6%A0%BC%E9%87%8C%E6%8B%89%E9%85%92%E5%BA%97&ts=7545003&t_kt=53&sa=ib&ms=1&ss=101" "Mozilla/5.0 (iPhone; CPU iPhone OS 8_4 like Mac OS X) AppleWebKit/600.1.4 (KHTML, like Gecko) Version/8.0 Mobile/12H143 Safari/600.1.4" "-"
182.254.140.12 - - [29/Jul/2015:16:12:29 +0800] "GET /activity?page=longteng HTTP/1.1" 200 5906 "http://sinbad.com.cn/" "Mozilla/4.0 (compatible; MSIE 8.0; Windows NT 6.1; WOW64; Trident/4.0; EmbeddedWB 14.52 from: http://www.bsalsa.com/ EmbeddedWB 14.52; SLCC2; .NET CLR 2.0.50727; .NET CLR 3.5.30729; .NET CLR 3.0.30729; .NET4.0C; .NET4.0E)" "-"
182.254.140.12 - - [29/Jul/2015:16:12:29 +0800] "GET /css/global.css HTTP/1.1" 200 5546 "http://www.sinbad.com.cn/activity?page=longteng" "Mozilla/4.0 (compatible; MSIE 8.0; Windows NT 6.1; WOW64; Trident/4.0; EmbeddedWB 14.52 from: http://www.bsalsa.com/ EmbeddedWB 14.52; SLCC2; .NET CLR 2.0.50727; .NET CLR 3.5.30729; .NET CLR 3.0.30729; .NET4.0C; .NET4.0E)" "-"
182.254.140.12 - - [29/Jul/2015:16:12:29 +0800] "GET /css/longteng.css HTTP/1.1" 200 683 "http://www.sinbad.com.cn/activity?page=longteng" "Mozilla/4.0 (compatible; MSIE 8.0; Windows NT 6.1; WOW64; Trident/4.0; EmbeddedWB 14.52 from: http://www.bsalsa.com/ EmbeddedWB 14.52; SLCC2; .NET CLR 2.0.50727; .NET CLR 3.5.30729; .NET CLR 3.0.30729; .NET4.0C; .NET4.0E)" "-"
182.254.140.12 - - [29/Jul/2015:16:12:29 +0800] "GET /js/global.js HTTP/1.1" 200 4857 "http://www.sinbad.com.cn/activity?page=longteng" "Mozilla/4.0 (compatible; MSIE 8.0; Windows NT 6.1; WOW64; Trident/4.0; EmbeddedWB 14.52 from: http://www.bsalsa.com/ EmbeddedWB 14.52; SLCC2; .NET CLR 2.0.50727; .NET CLR 3.5.30729; .NET CLR 3.0.30729; .NET4.0C; .NET4.0E)" "-"
182.254.140.12 - - [29/Jul/2015:16:12:29 +0800] "GET /js/jquery.js HTTP/1.1" 200 37209 "http://www.sinbad.com.cn/activity?page=longteng" "Mozilla/4.0 (compatible; MSIE 8.0; Windows NT 6.1; WOW64; Trident/4.0; EmbeddedWB 14.52 from: http://www.bsalsa.com/ EmbeddedWB 14.52; SLCC2; .NET CLR 2.0.50727; .NET CLR 3.5.30729; .NET CLR 3.0.30729; .NET4.0C; .NET4.0E)" "-"
23.91.97.32 - - [29/Jul/2015:16:12:29 +0800] "POST /admin/remind/newOrderRemind HTTP/1.1" 200 153 "http://www.sinbad.com.cn/login" "Mozilla/5.0 (Windows NT 6.1) AppleWebKit/537.36 (KHTML, like Gecko) Chrome/43.0.2357.134 Safari/537.36" "-"
113.67.132.125 - - [29/Jul/2015:16:12:30 +0800] "POST /admin/remind/newOrderRemind HTTP/1.1" 200 2 "http://www.sinbad.com.cn/login" "Mozilla/5.0 (Windows NT 6.1; WOW64) AppleWebKit/537.36 (KHTML, like Gecko) Chrome/43.0.2357.134 Safari/537.36" "-"
113.96.84.142 - - [29/Jul/2015:16:12:30 +0800] "GET /activity?page=expo2015 HTTP/1.1" 200 6887 "http://sinbad.com.cn/" "Mozilla/5.0 (compatible; MSIE 9.0; Windows NT 6.1; WOW64; Trident/5.0; SLCC2; .NET CLR 2.0.50727; .NET CLR 3.5.30729; .NET CLR 3.0.30729; .NET4.0C; .NET4.0E; TheWorld)" "-"
113.96.84.142 - - [29/Jul/2015:16:12:30 +0800] "GET /css/global.css HTTP/1.1" 200 5546 "http://www.sinbad.com.cn/activity?page=expo2015" "Mozilla/5.0 (compatible; MSIE 9.0; Windows NT 6.1; WOW64; Trident/5.0; SLCC2; .NET CLR 2.0.50727; .NET CLR 3.5.30729; .NET CLR 3.0.30729; .NET4.0C; .NET4.0E; TheWorld)" "-"
113.96.84.142 - - [29/Jul/2015:16:12:30 +0800] "GET /js/global.js HTTP/1.1" 200 4857 "http://www.sinbad.com.cn/activity?page=expo2015" "Mozilla/5.0 (compatible; MSIE 9.0; Windows NT 6.1; WOW64; Trident/5.0; SLCC2; .NET CLR 2.0.50727; .NET CLR 3.5.30729; .NET CLR 3.0.30729; .NET4.0C; .NET4.0E; TheWorld)" "-"
113.96.84.142 - - [29/Jul/2015:16:12:30 +0800] "GET /css/expo.css HTTP/1.1" 200 1499 "http://www.sinbad.com.cn/activity?page=expo2015" "Mozilla/5.0 (compatible; MSIE 9.0; Windows NT 6.1; WOW64; Trident/5.0; SLCC2; .NET CLR 2.0.50727; .NET CLR 3.5.30729; .NET CLR 3.0.30729; .NET4.0C; .NET4.0E; TheWorld)" "-"
113.96.84.142 - - [29/Jul/2015:16:12:30 +0800] "GET /js/jquery.js HTTP/1.1" 200 37209 "http://www.sinbad.com.cn/activity?page=expo2015" "Mozilla/5.0 (compatible; MSIE 9.0; Windows NT 6.1; WOW64; Trident/5.0; SLCC2; .NET CLR 2.0.50727; .NET CLR 3.5.30729; .NET CLR 3.0.30729; .NET4.0C; .NET4.0E; TheWorld)" "-"
113.67.132.125 - - [29/Jul/2015:16:12:33 +0800] "POST /admin/remind/newOrderRemind HTTP/1.1" 200 2 "http://www.sinbad.com.cn/login" "Mozilla/5.0 (Windows NT 6.1; WOW64) AppleWebKit/537.36 (KHTML, like Gecko) Chrome/43.0.2357.134 Safari/537.36" "-"
119.130.187.39 - - [29/Jul/2015:16:12:34 +0800] "GET /login HTTP/1.1" 200 887 "-" "Mozilla/5.0 (Windows NT 5.1) AppleWebKit/537.36 (KHTML, like Gecko) Chrome/43.0.2357.124 Safari/537.36" "-"
119.130.187.39 - - [29/Jul/2015:16:12:34 +0800] "GET /favicon.ico HTTP/1.1" 404 570 "http://www.sinbad.com.cn/login" "Mozilla/5.0 (Windows NT 5.1) AppleWebKit/537.36 (KHTML, like Gecko) Chrome/43.0.2357.124 Safari/537.36" "-"
23.91.97.32 - - [29/Jul/2015:16:12:35 +0800] "POST /admin/remind/newOrderRemind HTTP/1.1" 200 153 "http://www.sinbad.com.cn/login" "Mozilla/5.0 (Windows NT 6.3; WOW64) AppleWebKit/537.36 (KHTML, like Gecko) Chrome/44.0.2403.107 Safari/537.36" "-"
119.130.187.39 - - [29/Jul/2015:16:12:36 +0800] "POST /admin/remind/newOrderRemind HTTP/1.1" 200 2 "http://www.sinbad.com.cn/login" "Mozilla/5.0 (Windows NT 6.3; WOW64) AppleWebKit/537.36 (KHTML, like Gecko) Chrome/31.0.1650.63 Safari/537.36" "-"
119.130.187.39 - - [29/Jul/2015:16:12:36 +0800] "POST /login HTTP/1.1" 200 5581 "http://www.sinbad.com.cn/login" "Mozilla/5.0 (Windows NT 5.1) AppleWebKit/537.36 (KHTML, like Gecko) Chrome/43.0.2357.124 Safari/537.36" "-"
119.130.187.39 - - [29/Jul/2015:16:12:36 +0800] "GET /static/js/dwz_jui/dwz.frag.xml?_=1438157621290 HTTP/1.1" 200 2481 "http://www.sinbad.com.cn/login" "Mozilla/5.0 (Windows NT 5.1) AppleWebKit/537.36 (KHTML, like Gecko) Chrome/43.0.2357.124 Safari/537.36" "-"
113.67.132.125 - - [29/Jul/2015:16:12:39 +0800] "POST /admin/remind/newOrderRemind HTTP/1.1" 200 153 "http://www.sinbad.com.cn/login" "Mozilla/5.0 (Windows NT 6.1; WOW64) AppleWebKit/537.36 (KHTML, like Gecko) Chrome/45.0.2427.7 Safari/537.36" "-"
119.130.187.39 - - [29/Jul/2015:16:12:39 +0800] "POST /admin/remind/newOrderRemind HTTP/1.1" 200 2 "http://www.sinbad.com.cn/login" "Mozilla/5.0 (Windows NT 6.1; WOW64) AppleWebKit/537.36 (KHTML, like Gecko) Chrome/41.0.2272.118 Safari/537.36" "-"
113.96.88.57 - - [29/Jul/2015:16:12:39 +0800] "POST /admin/remind/newOrderRemind HTTP/1.1" 200 2 "http://www.sinbad.com.cn/login" "Mozilla/5.0 (Windows NT 6.3; WOW64) AppleWebKit/537.36 (KHTML, like Gecko) Chrome/43.0.2357.134 Safari/537.36" "-"
119.130.187.39 - - [29/Jul/2015:16:12:40 +0800] "POST /admin/remind/newOrderRemind HTTP/1.1" 200 2 "http://www.sinbad.com.cn/login" "Mozilla/5.0 (Windows NT 6.3; WOW64) AppleWebKit/537.36 (KHTML, like Gecko) Chrome/43.0.2357.130 Safari/537.36" "-"
23.91.97.32 - - [29/Jul/2015:16:12:40 +0800] "POST /admin/base/baseRoute/newSaveRoute HTTP/1.1" 200 3495 "http://www.sinbad.com.cn/login" "Mozilla/5.0 (Windows NT 6.1) AppleWebKit/537.36 (KHTML, like Gecko) Chrome/43.0.2357.134 Safari/537.36" "-"
192.3.139.92 - - [29/Jul/2015:16:12:40 +0800] "GET /activity?page=longteng HTTP/1.1" 200 5906 "http://sinbad.com.cn/" "Mozilla/4.0 (compatible; MSIE 6.0; Windows NT 5.1; SV1; SE 2.x)" "-"
192.3.139.92 - - [29/Jul/2015:16:12:40 +0800] "GET /css/global.css HTTP/1.1" 200 5546 "http://www.sinbad.com.cn/activity?page=longteng" "Mozilla/4.0 (compatible; MSIE 6.0; Windows NT 5.1; SV1; SE 2.x)" "-"
119.130.187.39 - - [29/Jul/2015:16:12:41 +0800] "GET /admin/base/baseRoute/list?rel=0005-1&_=1438157624051 HTTP/1.1" 200 10088 "http://www.sinbad.com.cn/login" "Mozilla/5.0 (Windows NT 5.1) AppleWebKit/537.36 (KHTML, like Gecko) Chrome/43.0.2357.124 Safari/537.36" "-"
192.3.139.92 - - [29/Jul/2015:16:12:41 +0800] "GET /css/longteng.css HTTP/1.1" 200 683 "http://www.sinbad.com.cn/activity?page=longteng" "Mozilla/4.0 (compatible; MSIE 6.0; Windows NT 5.1; SV1; SE 2.x)" "-"
113.96.84.142 - - [29/Jul/2015:16:12:41 +0800] "GET / HTTP/1.1" 200 8310 "http://www.sinbad.com.cn/activity?page=expo2015" "Mozilla/5.0 (compatible; MSIE 9.0; Windows NT 6.1; WOW64; Trident/5.0; SLCC2; .NET CLR 2.0.50727; .NET CLR 3.5.30729; .NET CLR 3.0.30729; .NET4.0C; .NET4.0E; TheWorld)" "-"
119.130.187.39 - - [29/Jul/2015:16:12:41 +0800] "POST /admin/remind/newOrderRemind HTTP/1.1" 200 2 "http://www.sinbad.com.cn/login#rel0007-3" "Mozilla/4.0 (compatible; MSIE 7.0; Windows NT 5.1; Trident/4.0; .NET CLR 2.0.50727; .NET CLR 3.0.4506.2152; .NET CLR 3.5.30729)" "-"
119.130.187.39 - - [29/Jul/2015:16:12:42 +0800] "POST /admin/remind/newOrderRemind HTTP/1.1" 200 2 "http://www.sinbad.com.cn/login" "Mozilla/5.0 (Windows NT 6.3; WOW64) AppleWebKit/537.36 (KHTML, like Gecko) Chrome/43.0.2357.81 Safari/537.36" "-"
113.96.84.142 - - [29/Jul/2015:16:12:42 +0800] "GET /css/index.css HTTP/1.1" 200 1363 "http://www.sinbad.com.cn/" "Mozilla/5.0 (compatible; MSIE 9.0; Windows NT 6.1; WOW64; Trident/5.0; SLCC2; .NET CLR 2.0.50727; .NET CLR 3.5.30729; .NET CLR 3.0.30729; .NET4.0C; .NET4.0E; TheWorld)" "-"
192.3.139.92 - - [29/Jul/2015:16:12:42 +0800] "GET /js/global.js HTTP/1.1" 200 4857 "http://www.sinbad.com.cn/activity?page=longteng" "Mozilla/4.0 (compatible; MSIE 6.0; Windows NT 5.1; SV1; SE 2.x)" "-"
113.96.84.142 - - [29/Jul/2015:16:12:42 +0800] "GET /js/jquery.lazyload.js HTTP/1.1" 200 2529 "http://www.sinbad.com.cn/" "Mozilla/5.0 (compatible; MSIE 9.0; Windows NT 6.1; WOW64; Trident/5.0; SLCC2; .NET CLR 2.0.50727; .NET CLR 3.5.30729; .NET CLR 3.0.30729; .NET4.0C; .NET4.0E; TheWorld)" "-"
113.96.84.142 - - [29/Jul/2015:16:12:42 +0800] "GET /js/index.js HTTP/1.1" 200 694 "http://www.sinbad.com.cn/" "Mozilla/5.0 (compatible; MSIE 9.0; Windows NT 6.1; WOW64; Trident/5.0; SLCC2; .NET CLR 2.0.50727; .NET CLR 3.5.30729; .NET CLR 3.0.30729; .NET4.0C; .NET4.0E; TheWorld)" "-"
119.130.187.39 - - [29/Jul/2015:16:12:42 +0800] "GET /static/upload/images/2015-07-29/00c710ff-c6ba-4c6d-b848-6e82e3225922.jpg HTTP/1.1" 200 537383 "http://www.sinbad.com.cn/login" "Mozilla/5.0 (Windows NT 5.1) AppleWebKit/537.36 (KHTML, like Gecko) Chrome/43.0.2357.124 Safari/537.36" "-"
23.91.97.32 - - [29/Jul/2015:16:12:42 +0800] "GET /static/js/dwz_jui/uploadify/scripts/uploadify.swf?preventswfcaching=1438157478688 HTTP/1.1" 200 12675 "http://www.sinbad.com.cn/login" "Mozilla/5.0 (Windows NT 6.1) AppleWebKit/537.36 (KHTML, like Gecko) Chrome/43.0.2357.134 Safari/537.36" "-"
183.15.104.31 - - [29/Jul/2015:16:12:42 +0800] "GET /route/routeId598.html HTTP/1.1" 200 20130 "http://sinbad.com.cn/" "Mozilla/5.0 (compatible; MSIE 10.0; Windows NT 6.1; Trident/6.0; 360SE)" "-"
23.91.97.32 - - [29/Jul/2015:16:12:43 +0800] "GET /static/js/dwz_jui/uploadify/scripts/uploadify.swf?preventswfcaching=1438157478688 HTTP/1.1" 200 12675 "http://www.sinbad.com.cn/login" "Mozilla/5.0 (Windows NT 6.1) AppleWebKit/537.36 (KHTML, like Gecko) Chrome/43.0.2357.134 Safari/537.36" "-"
23.91.97.32 - - [29/Jul/2015:16:12:43 +0800] "GET /static/js/dwz_jui/uploadify/scripts/uploadify.swf?preventswfcaching=1438157478821 HTTP/1.1" 200 12675 "http://www.sinbad.com.cn/login" "Mozilla/5.0 (Windows NT 6.1) AppleWebKit/537.36 (KHTML, like Gecko) Chrome/43.0.2357.134 Safari/537.36" "-"
23.91.97.32 - - [29/Jul/2015:16:12:43 +0800] "GET /static/js/dwz_jui/uploadify/scripts/uploadify.swf?preventswfcaching=1438157478932 HTTP/1.1" 200 12675 "http://www.sinbad.com.cn/login" "Mozilla/5.0 (Windows NT 6.1) AppleWebKit/537.36 (KHTML, like Gecko) Chrome/43.0.2357.134 Safari/537.36" "-"
183.15.104.31 - - [29/Jul/2015:16:12:43 +0800] "GET /css/global.css HTTP/1.1" 200 5546 "http://www.sinbad.com.cn/route/routeId598.html" "Mozilla/5.0 (compatible; MSIE 10.0; Windows NT 6.1; Trident/6.0; 360SE)" "-"
183.15.104.31 - - [29/Jul/2015:16:12:43 +0800] "GET /css/detail.css HTTP/1.1" 200 5461 "http://www.sinbad.com.cn/route/routeId598.html" "Mozilla/5.0 (compatible; MSIE 10.0; Windows NT 6.1; Trident/6.0; 360SE)" "-"
183.15.104.31 - - [29/Jul/2015:16:12:43 +0800] "GET /js/global.js HTTP/1.1" 200 4857 "http://www.sinbad.com.cn/route/routeId598.html" "Mozilla/5.0 (compatible; MSIE 10.0; Windows NT 6.1; Trident/6.0; 360SE)" "-"
23.91.97.32 - - [29/Jul/2015:16:12:44 +0800] "GET / HTTP/1.1" 200 8310 "http://www.sinbad.com.cn/login" "Mozilla/5.0 (Windows NT 6.1) AppleWebKit/537.36 (KHTML, like Gecko) Chrome/43.0.2357.134 Safari/537.36" "-"
183.15.104.31 - - [29/Jul/2015:16:12:44 +0800] "GET /js/jquery.js HTTP/1.1" 200 37209 "http://www.sinbad.com.cn/route/routeId598.html" "Mozilla/5.0 (compatible; MSIE 10.0; Windows NT 6.1; Trident/6.0; 360SE)" "-"
183.15.104.31 - - [29/Jul/2015:16:12:45 +0800] "GET /js/detail.js HTTP/1.1" 200 8619 "http://www.sinbad.com.cn/route/routeId598.html" "Mozilla/5.0 (compatible; MSIE 10.0; Windows NT 6.1; Trident/6.0; 360SE)" "-"
23.91.97.32 - - [29/Jul/2015:16:12:45 +0800] "GET / HTTP/1.1" 200 8310 "http://www.sinbad.com.cn/login" "Mozilla/5.0 (Windows NT 6.1) AppleWebKit/537.36 (KHTML, like Gecko) Chrome/43.0.2357.134 Safari/537.36" "-"
183.15.104.31 - - [29/Jul/2015:16:12:45 +0800] "GET /js/jquery.lazy.min.js HTTP/1.1" 200 1234 "http://www.sinbad.com.cn/route/routeId598.html" "Mozilla/5.0 (compatible; MSIE 10.0; Windows NT 6.1; Trident/6.0; 360SE)" "-"
183.15.104.31 - - [29/Jul/2015:16:12:45 +0800] "GET /js/calendar/WdatePicker.js HTTP/1.1" 200 4342 "http://www.sinbad.com.cn/route/routeId598.html" "Mozilla/5.0 (compatible; MSIE 10.0; Windows NT 6.1; Trident/6.0; 360SE)" "-"
119.130.187.39 - - [29/Jul/2015:16:12:45 +0800] "POST /admin/base/baseRoute/list?rel=0005-1 HTTP/1.1" 200 2689 "http://www.sinbad.com.cn/login" "Mozilla/5.0 (Windows NT 5.1) AppleWebKit/537.36 (KHTML, like Gecko) Chrome/43.0.2357.124 Safari/537.36" "-"
23.91.97.32 - - [29/Jul/2015:16:12:46 +0800] "GET / HTTP/1.1" 200 8310 "http://www.sinbad.com.cn/login" "Mozilla/5.0 (Windows NT 6.1) AppleWebKit/537.36 (KHTML, like Gecko) Chrome/43.0.2357.134 Safari/537.36" "-"
66.249.67.76 - - [29/Jul/2015:16:12:46 +0800] "GET /route/routeId377.html HTTP/1.1" 200 41091 "-" "Mozilla/5.0 (compatible; Googlebot/2.1; +http://www.google.com/bot.html)" "-"
119.130.187.39 - - [29/Jul/2015:16:12:46 +0800] "POST /admin/remind/newOrderRemind HTTP/1.0" 200 2 "http://www.sinbad.com.cn/login" "Mozilla/5.0 (Windows NT 6.1; WOW64) AppleWebKit/537.36 (KHTML, like Gecko) Chrome/39.0.2171.99 Safari/537.36 LBBROWSER" "-"
183.15.104.31 - - [29/Jul/2015:16:12:47 +0800] "GET /js/calendar/skin/WdatePicker.css HTTP/1.1" 200 125 "http://www.sinbad.com.cn/route/routeId598.html" "Mozilla/5.0 (compatible; MSIE 10.0; Windows NT 6.1; Trident/6.0; 360SE)" "-"
119.130.187.39 - - [29/Jul/2015:16:12:47 +0800] "POST /admin/remind/newOrderRemind HTTP/1.1" 200 2 "http://www.sinbad.com.cn/login" "Mozilla/5.0 (Windows NT 6.1; WOW64) AppleWebKit/537.36 (KHTML, like Gecko) Chrome/31.0.1650.63 Safari/537.36" "-"
119.130.187.39 - - [29/Jul/2015:16:12:47 +0800] "POST /admin/remind/newOrderRemind HTTP/1.1" 200 2 "http://www.sinbad.com.cn/login#_blank" "Mozilla/4.0 (compatible; MSIE 7.0; Windows NT 6.3; WOW64; Trident/7.0; .NET4.0E; .NET4.0C; Tablet PC 2.0; .NET CLR 3.5.30729; .NET CLR 2.0.50727; .NET CLR 3.0.30729; InfoPath.2; GWX:QUALIFIED; LCJB)" "-"
119.130.187.39 - - [29/Jul/2015:16:12:49 +0800] "POST /admin/remind/newOrderRemind HTTP/1.1" 200 2 "http://www.sinbad.com.cn/login" "Mozilla/5.0 (Windows NT 6.3; WOW64) AppleWebKit/537.36 (KHTML, like Gecko) Chrome/38.0.2125.122 Safari/537.36" "-"
192.3.139.92 - - [29/Jul/2015:16:12:52 +0800] "GET /route/routeId424.html HTTP/1.1" 200 25056 "http://www.sinbad.com.cn/activity?page=longteng" "Mozilla/4.0 (compatible; MSIE 6.0; Windows NT 5.1; SV1; SE 2.x)" "-"
119.130.187.39 - - [29/Jul/2015:16:12:52 +0800] "POST /admin/remind/newOrderRemind HTTP/1.1" 200 2 "http://www.sinbad.com.cn/login" "Mozilla/5.0 (Windows NT 6.1) AppleWebKit/537.36 (KHTML, like Gecko) Chrome/44.0.2403.89 Safari/537.36" "-"
192.3.139.92 - - [29/Jul/2015:16:12:53 +0800] "GET /css/detail.css HTTP/1.1" 200 5461 "http://www.sinbad.com.cn/route/routeId424.html" "Mozilla/4.0 (compatible; MSIE 6.0; Windows NT 5.1; SV1; SE 2.x)" "-"
192.3.139.92 - - [29/Jul/2015:16:12:53 +0800] "GET /js/global.js HTTP/1.1" 200 4857 "http://www.sinbad.com.cn/route/routeId424.html" "Mozilla/4.0 (compatible; MSIE 6.0; Windows NT 5.1; SV1; SE 2.x)" "-"
119.130.187.39 - - [29/Jul/2015:16:12:53 +0800] "GET /admin/base/baseRoute/edit?id=597&rel=0005-1&_=1438157638345 HTTP/1.1" 200 53650 "http://www.sinbad.com.cn/login" "Mozilla/5.0 (Windows NT 5.1) AppleWebKit/537.36 (KHTML, like Gecko) Chrome/43.0.2357.124 Safari/537.36" "-"
113.96.84.142 - - [29/Jul/2015:16:12:53 +0800] "GET /route/routeId681.html HTTP/1.1" 200 28205 "http://www.sinbad.com.cn/" "Mozilla/5.0 (compatible; MSIE 9.0; Windows NT 6.1; WOW64; Trident/5.0; SLCC2; .NET CLR 2.0.50727; .NET CLR 3.5.30729; .NET CLR 3.0.30729; .NET4.0C; .NET4.0E; TheWorld)" "-"
113.96.84.142 - - [29/Jul/2015:16:12:53 +0800] "GET /css/detail.css HTTP/1.1" 200 5461 "http://www.sinbad.com.cn/route/routeId681.html" "Mozilla/5.0 (compatible; MSIE 9.0; Windows NT 6.1; WOW64; Trident/5.0; SLCC2; .NET CLR 2.0.50727; .NET CLR 3.5.30729; .NET CLR 3.0.30729; .NET4.0C; .NET4.0E; TheWorld)" "-"
192.3.139.92 - - [29/Jul/2015:16:12:53 +0800] "GET /js/detail.js HTTP/1.1" 200 8619 "http://www.sinbad.com.cn/route/routeId424.html" "Mozilla/4.0 (compatible; MSIE 6.0; Windows NT 5.1; SV1; SE 2.x)" "-"
192.3.139.92 - - [29/Jul/2015:16:12:53 +0800] "GET /js/jquery.js HTTP/1.1" 200 34694 "http://www.sinbad.com.cn/route/routeId424.html" "Mozilla/4.0 (compatible; MSIE 6.0; Windows NT 5.1; SV1; SE 2.x)" "-"
119.130.187.39 - - [29/Jul/2015:16:12:54 +0800] "GET /static/js/dwz_jui/uploadify/scripts/uploadify.swf?preventswfcaching=1438157638883 HTTP/1.1" 200 12675 "http://www.sinbad.com.cn/login" "Mozilla/5.0 (Windows NT 5.1) AppleWebKit/537.36 (KHTML, like Gecko) Chrome/43.0.2357.124 Safari/537.36" "-"
119.130.187.39 - - [29/Jul/2015:16:12:54 +0800] "GET /static/js/dwz_jui/uploadify/scripts/uploadify.swf?preventswfcaching=1438157638883 HTTP/1.1" 200 12675 "http://www.sinbad.com.cn/login" "Mozilla/5.0 (Windows NT 5.1) AppleWebKit/537.36 (KHTML, like Gecko) Chrome/43.0.2357.124 Safari/537.36" "-"
119.130.187.39 - - [29/Jul/2015:16:12:54 +0800] "GET /static/js/dwz_jui/uploadify/scripts/uploadify.swf?preventswfcaching=1438157639045 HTTP/1.1" 200 12675 "http://www.sinbad.com.cn/login" "Mozilla/5.0 (Windows NT 5.1) AppleWebKit/537.36 (KHTML, like Gecko) Chrome/43.0.2357.124 Safari/537.36" "-"
113.96.84.142 - - [29/Jul/2015:16:12:54 +0800] "GET /js/detail.js HTTP/1.1" 200 8619 "http://www.sinbad.com.cn/route/routeId681.html" "Mozilla/5.0 (compatible; MSIE 9.0; Windows NT 6.1; WOW64; Trident/5.0; SLCC2; .NET CLR 2.0.50727; .NET CLR 3.5.30729; .NET CLR 3.0.30729; .NET4.0C; .NET4.0E; TheWorld)" "-"
113.96.84.142 - - [29/Jul/2015:16:12:54 +0800] "GET /js/jquery.lazy.min.js HTTP/1.1" 200 1234 "http://www.sinbad.com.cn/route/routeId681.html" "Mozilla/5.0 (compatible; MSIE 9.0; Windows NT 6.1; WOW64; Trident/5.0; SLCC2; .NET CLR 2.0.50727; .NET CLR 3.5.30729; .NET CLR 3.0.30729; .NET4.0C; .NET4.0E; TheWorld)" "-"
113.96.84.142 - - [29/Jul/2015:16:12:54 +0800] "GET /js/calendar/WdatePicker.js HTTP/1.1" 200 4342 "http://www.sinbad.com.cn/route/routeId681.html" "Mozilla/5.0 (compatible; MSIE 9.0; Windows NT 6.1; WOW64; Trident/5.0; SLCC2; .NET CLR 2.0.50727; .NET CLR 3.5.30729; .NET CLR 3.0.30729; .NET4.0C; .NET4.0E; TheWorld)" "-"
119.130.187.39 - - [29/Jul/2015:16:12:54 +0800] "GET /static/js/dwz_jui/uploadify/scripts/uploadify.swf?preventswfcaching=1438157639045 HTTP/1.1" 200 12675 "http://www.sinbad.com.cn/login" "Mozilla/5.0 (Windows NT 5.1) AppleWebKit/537.36 (KHTML, like Gecko) Chrome/43.0.2357.124 Safari/537.36" "-"
23.91.97.32 - - [29/Jul/2015:16:12:54 +0800] "POST /admin/remind/newOrderRemind HTTP/1.1" 200 153 "http://www.sinbad.com.cn/login" "Mozilla/5.0 (Windows NT 6.1) AppleWebKit/537.36 (KHTML, like Gecko) Chrome/43.0.2357.134 Safari/537.36" "-"
113.96.84.142 - - [29/Jul/2015:16:12:55 +0800] "GET /js/calendar/skin/WdatePicker.css HTTP/1.1" 200 125 "http://www.sinbad.com.cn/route/routeId681.html" "Mozilla/5.0 (compatible; MSIE 9.0; Windows NT 6.1; WOW64; Trident/5.0; SLCC2; .NET CLR 2.0.50727; .NET CLR 3.5.30729; .NET CLR 3.0.30729; .NET4.0C; .NET4.0E; TheWorld)" "-"
113.67.132.125 - - [29/Jul/2015:16:12:55 +0800] "POST /admin/remind/newOrderRemind HTTP/1.1" 200 2 "http://www.sinbad.com.cn/login" "Mozilla/5.0 (Windows NT 6.1; WOW64) AppleWebKit/537.36 (KHTML, like Gecko) Chrome/43.0.2357.134 Safari/537.36" "-"
119.130.187.39 - - [29/Jul/2015:16:12:55 +0800] "GET / HTTP/1.1" 200 8310 "http://www.sinbad.com.cn/login" "Mozilla/5.0 (Windows NT 5.1) AppleWebKit/537.36 (KHTML, like Gecko) Chrome/43.0.2357.124 Safari/537.36" "-"
119.130.187.39 - - [29/Jul/2015:16:12:55 +0800] "GET / HTTP/1.1" 200 8310 "http://www.sinbad.com.cn/login" "Mozilla/5.0 (Windows NT 5.1) AppleWebKit/537.36 (KHTML, like Gecko) Chrome/43.0.2357.124 Safari/537.36" "-"
113.67.132.125 - - [29/Jul/2015:16:12:59 +0800] "POST /admin/remind/newOrderRemind HTTP/1.1" 200 2 "http://www.sinbad.com.cn/login" "Mozilla/5.0 (Windows NT 6.1; WOW64) AppleWebKit/537.36 (KHTML, like Gecko) Chrome/43.0.2357.134 Safari/537.36" "-"
23.91.97.32 - - [29/Jul/2015:16:13:00 +0800] "POST /admin/remind/newOrderRemind HTTP/1.1" 200 153 "http://www.sinbad.com.cn/login" "Mozilla/5.0 (Windows NT 6.3; WOW64) AppleWebKit/537.36 (KHTML, like Gecko) Chrome/44.0.2403.107 Safari/537.36" "-"
119.130.187.39 - - [29/Jul/2015:16:13:01 +0800] "POST /admin/remind/newOrderRemind HTTP/1.1" 200 2 "http://www.sinbad.com.cn/login" "Mozilla/5.0 (Windows NT 6.3; WOW64) AppleWebKit/537.36 (KHTML, like Gecko) Chrome/31.0.1650.63 Safari/537.36" "-"
119.130.187.39 - - [29/Jul/2015:16:13:01 +0800] "POST /admin/remind/newOrderRemind HTTP/1.1" 200 153 "http://www.sinbad.com.cn/login" "Mozilla/5.0 (Windows NT 5.1) AppleWebKit/537.36 (KHTML, like Gecko) Chrome/43.0.2357.124 Safari/537.36" "-"
121.224.224.138 - - [29/Jul/2015:16:13:03 +0800] "GET /static/upload/images/2014-05-13/2d1a379a-117b-4c92-9e79-9612ebb26d27.jpg HTTP/1.1" 200 297437 "http://pic.sogou.com/pic/download.jsp?statref=searchlist&keyword=%E9%A6%99%E6%A0%BC%E9%87%8C%E6%8B%89%E9%85%92%E5%BA%97&index=2&v=5&amp;uID=XSnc_jR5Z13pjuTp" "Mozilla/5.0 (Linux; U; Android 4.3; zh-cn; Coolpad 8720L Build/JSS15Q) AppleWebKit/534.30 (KHTML, like Gecko) Version/4.0 Mobile Safari/534.30 SogouMSE,SogouMobileBrowser/3.8.4" "-"
113.67.132.125 - - [29/Jul/2015:16:13:04 +0800] "POST /admin/remind/newOrderRemind HTTP/1.1" 200 153 "http://www.sinbad.com.cn/login" "Mozilla/5.0 (Windows NT 6.1; WOW64) AppleWebKit/537.36 (KHTML, like Gecko) Chrome/45.0.2427.7 Safari/537.36" "-"
113.96.88.57 - - [29/Jul/2015:16:13:04 +0800] "POST /admin/remind/newOrderRemind HTTP/1.1" 200 2 "http://www.sinbad.com.cn/login" "Mozilla/5.0 (Windows NT 6.3; WOW64) AppleWebKit/537.36 (KHTML, like Gecko) Chrome/43.0.2357.134 Safari/537.36" "-"
119.130.187.39 - - [29/Jul/2015:16:13:05 +0800] "POST /admin/remind/newOrderRemind HTTP/1.1" 200 2 "http://www.sinbad.com.cn/login" "Mozilla/5.0 (Windows NT 6.3; WOW64) AppleWebKit/537.36 (KHTML, like Gecko) Chrome/43.0.2357.130 Safari/537.36" "-"
119.130.187.39 - - [29/Jul/2015:16:13:05 +0800] "POST /admin/remind/newOrderRemind HTTP/1.1" 200 2 "http://www.sinbad.com.cn/login" "Mozilla/5.0 (Windows NT 6.1; WOW64) AppleWebKit/537.36 (KHTML, like Gecko) Chrome/41.0.2272.118 Safari/537.36" "-"
113.67.132.125 - - [29/Jul/2015:16:13:05 +0800] "GET /admin/base/baseBanner/list?rel=0004-3&_=1438157584961 HTTP/1.1" 200 3511 "http://www.sinbad.com.cn/login" "Mozilla/5.0 (Windows NT 6.1; WOW64) AppleWebKit/537.36 (KHTML, like Gecko) Chrome/45.0.2427.7 Safari/537.36" "-"
119.130.187.39 - - [29/Jul/2015:16:13:06 +0800] "POST /admin/remind/newOrderRemind HTTP/1.1" 200 2 "http://www.sinbad.com.cn/login#rel0007-3" "Mozilla/4.0 (compatible; MSIE 7.0; Windows NT 5.1; Trident/4.0; .NET CLR 2.0.50727; .NET CLR 3.0.4506.2152; .NET CLR 3.5.30729)" "-"
119.130.187.39 - - [29/Jul/2015:16:13:07 +0800] "POST /admin/remind/newOrderRemind HTTP/1.1" 200 2 "http://www.sinbad.com.cn/login" "Mozilla/5.0 (Windows NT 6.3; WOW64) AppleWebKit/537.36 (KHTML, like Gecko) Chrome/43.0.2357.81 Safari/537.36" "-"
23.91.97.32 - - [29/Jul/2015:16:13:09 +0800] "POST /admin/base/baseRoute/newSaveRoute HTTP/1.1" 200 7196 "http://www.sinbad.com.cn/login" "Mozilla/5.0 (Windows NT 6.3; WOW64) AppleWebKit/537.36 (KHTML, like Gecko) Chrome/44.0.2403.107 Safari/537.36" "-"
119.130.187.39 - - [29/Jul/2015:16:13:12 +0800] "POST /admin/remind/newOrderRemind HTTP/1.0" 200 2 "http://www.sinbad.com.cn/login" "Mozilla/5.0 (Windows NT 6.1; WOW64) AppleWebKit/537.36 (KHTML, like Gecko) Chrome/39.0.2171.99 Safari/537.36 LBBROWSER" "-"
119.130.187.39 - - [29/Jul/2015:16:13:12 +0800] "POST /admin/remind/newOrderRemind HTTP/1.1" 200 2 "http://www.sinbad.com.cn/login" "Mozilla/5.0 (Windows NT 6.1; WOW64) AppleWebKit/537.36 (KHTML, like Gecko) Chrome/31.0.1650.63 Safari/537.36" "-"
119.130.187.39 - - [29/Jul/2015:16:13:12 +0800] "POST /admin/remind/newOrderRemind HTTP/1.1" 200 2 "http://www.sinbad.com.cn/login#_blank" "Mozilla/4.0 (compatible; MSIE 7.0; Windows NT 6.3; WOW64; Trident/7.0; .NET4.0E; .NET4.0C; Tablet PC 2.0; .NET CLR 3.5.30729; .NET CLR 2.0.50727; .NET CLR 3.0.30729; InfoPath.2; GWX:QUALIFIED; LCJB)" "-"
119.130.187.39 - - [29/Jul/2015:16:13:14 +0800] "POST /admin/remind/newOrderRemind HTTP/1.1" 200 2 "http://www.sinbad.com.cn/login" "Mozilla/5.0 (Windows NT 6.3; WOW64) AppleWebKit/537.36 (KHTML, like Gecko) Chrome/38.0.2125.122 Safari/537.36" "-"
121.224.224.138 - - [29/Jul/2015:16:13:15 +0800] "GET /static/upload/images/2014-05-13/7c31925b-e83e-4d73-b82c-bad08e262db5.jpg HTTP/1.1" 200 302130 "http://pic.sogou.com/pic/download.jsp?statref=searchlist&keyword=%E9%A6%99%E6%A0%BC%E9%87%8C%E6%8B%89%E9%85%92%E5%BA%97&index=2&v=5&amp;uID=XSnc_jR5Z13pjuTp" "Mozilla/5.0 (Linux; U; Android 4.3; zh-cn; Coolpad 8720L Build/JSS15Q) AppleWebKit/534.30 (KHTML, like Gecko) Version/4.0 Mobile Safari/534.30 SogouMSE,SogouMobileBrowser/3.8.4" "-"
59.173.107.22 - - [29/Jul/2015:16:13:15 +0800] "GET /static/upload/images/2014-10-31/8aeb3421-c133-4de8-a0ac-934c25b3d825.jpg HTTP/1.1" 200 355360 "http://www.baidu.com/from=844b/s?word=%E8%80%B6%E7%A8%A3%E5%B1%B1&sa=tb&ts=7587728&t_kt=153&ms=1&ss=100" "Mozilla/5.0 (Linux; Android 4.4.4; zh-cn; SAMSUNG SM-A7000 Build/KTU84P) AppleWebKit/537.36 (KHTML, like Gecko) Version/2.0 Chrome/34.0.1847.76 Mobile Safari/537.36" "-"
117.86.45.49 - - [29/Jul/2015:16:13:16 +0800] "GET /static/upload/images/2014-11-10/3f8d5b90-df67-4c4f-9762-e7d53c0381fa.jpg HTTP/1.1" 200 552855 "http://image.baidu.com/search/detail?ct=503316480&z=0&ipn=d&word=%E6%82%89%E5%B0%BC%E9%B1%BC%E5%B8%82%E5%9C%BA&pn=5&spn=0&di=54033085370&pi=&rn=1&tn=baiduimagedetail&ie=utf-8&oe=utf-8&cl=2&lm=-1&cs=501440693%2C4156922531&os=2555484741%2C4072875552&adpicid=0&ln=21&fr=ala&sme=&cg=&bdtype=0&objurl=http%3A%2F%2Fvimg.mangocity.com%2Fvimg%2Ftrip%2Fbig_238659_1427700286151.jpg&fromurl=ippr_z2C%24qAzdH3FAzdH3Fsey57_z%26e3B4wg25vtpy_z%26e3Bv54AzdH3FFd9dba0_z%26e3Bip4s&gsm=0" "Mozilla/5.0 (Windows NT 6.1; WOW64) AppleWebKit/537.36 (KHTML, like Gecko) Chrome/39.0.2171.99 Safari/537.36 2345chrome v3.0.0.8180" "-"
119.130.187.39 - - [29/Jul/2015:16:13:17 +0800] "POST /admin/remind/newOrderRemind HTTP/1.1" 200 2 "http://www.sinbad.com.cn/login" "Mozilla/5.0 (Windows NT 6.1) AppleWebKit/537.36 (KHTML, like Gecko) Chrome/44.0.2403.89 Safari/537.36" "-"
119.130.187.39 - - [29/Jul/2015:16:13:17 +0800] "GET /admin/sys/memberOrder/list?rel=0007-3&pageNum=&numPerPage=&id=&contractName=&contractPhone=&routeName=&operatorName=&saleName=&startCreate=&endCreate=&status=&orderFrom=&orderField=&orderDirection=&_=1438157511154 HTTP/1.0" 200 164016 "http://www.sinbad.com.cn/login" "Mozilla/5.0 (Windows NT 6.1; WOW64) AppleWebKit/537.36 (KHTML, like Gecko) Chrome/39.0.2171.99 Safari/537.36 LBBROWSER" "-"
23.91.97.32 - - [29/Jul/2015:16:13:19 +0800] "POST /admin/remind/newOrderRemind HTTP/1.1" 200 153 "http://www.sinbad.com.cn/login" "Mozilla/5.0 (Windows NT 6.1) AppleWebKit/537.36 (KHTML, like Gecko) Chrome/43.0.2357.134 Safari/537.36" "-"
113.67.132.125 - - [29/Jul/2015:16:13:20 +0800] "POST /admin/remind/newOrderRemind HTTP/1.1" 200 2 "http://www.sinbad.com.cn/login" "Mozilla/5.0 (Windows NT 6.1; WOW64) AppleWebKit/537.36 (KHTML, like Gecko) Chrome/43.0.2357.134 Safari/537.36" "-"
113.67.132.125 - - [29/Jul/2015:16:13:20 +0800] "POST /admin/base/baseBanner/list?rel=0004-3 HTTP/1.1" 200 2566 "http://www.sinbad.com.cn/login" "Mozilla/5.0 (Windows NT 6.1; WOW64) AppleWebKit/537.36 (KHTML, like Gecko) Chrome/45.0.2427.7 Safari/537.36" "-"
113.67.132.125 - - [29/Jul/2015:16:13:24 +0800] "GET /admin/base/baseBanner/add?rel=0004-3&_=1438157603697 HTTP/1.1" 200 1115 "http://www.sinbad.com.cn/login" "Mozilla/5.0 (Windows NT 6.1; WOW64) AppleWebKit/537.36 (KHTML, like Gecko) Chrome/45.0.2427.7 Safari/537.36" "-"
114.242.249.5 - - [29/Jul/2015:16:13:24 +0800] "GET /static/upload/images/2015-03-03/3595ceca-0e7c-45e3-bc9a-5c5ea8e0963e.jpg HTTP/1.1" 200 129880 "http://m.baidu.com/pu=sz%401320_2001/s?word=%E6%88%9B%E7%BA%B3%E7%94%B5%E5%BD%B1%E8%8A%822015&sa=ts_5&ts=7592982&t_kt=396&ss=100&rq=%E6%88%9B%E7%BA%B3" "Mozilla/5.0 (iPhone; CPU iPhone OS 7_0_1 like Mac OS X) AppleWebKit/537.51.1 (KHTML, like Gecko) Version/7.0 Mobile/11A470a Safari/9537.53" "-"
113.67.132.125 - - [29/Jul/2015:16:13:24 +0800] "GET /static/js/dwz_jui/uploadify/scripts/uploadify.swf?preventswfcaching=1438157604298 HTTP/1.1" 200 12675 "http://www.sinbad.com.cn/login" "Mozilla/5.0 (Windows NT 6.1; WOW64) AppleWebKit/537.36 (KHTML, like Gecko) Chrome/45.0.2427.7 Safari/537.36" "-"
113.67.132.125 - - [29/Jul/2015:16:13:25 +0800] "POST /admin/remind/newOrderRemind HTTP/1.1" 200 2 "http://www.sinbad.com.cn/login" "Mozilla/5.0 (Windows NT 6.1; WOW64) AppleWebKit/537.36 (KHTML, like Gecko) Chrome/43.0.2357.134 Safari/537.36" "-"
113.67.132.125 - - [29/Jul/2015:16:13:25 +0800] "GET /static/js/dwz_jui/uploadify/scripts/uploadify.swf?preventswfcaching=1438157604298 HTTP/1.1" 200 12675 "http://www.sinbad.com.cn/login" "Mozilla/5.0 (Windows NT 6.1; WOW64) AppleWebKit/537.36 (KHTML, like Gecko) Chrome/45.0.2427.7 Safari/537.36" "-"
23.91.97.32 - - [29/Jul/2015:16:13:25 +0800] "POST /admin/remind/newOrderRemind HTTP/1.1" 200 153 "http://www.sinbad.com.cn/login" "Mozilla/5.0 (Windows NT 6.3; WOW64) AppleWebKit/537.36 (KHTML, like Gecko) Chrome/44.0.2403.107 Safari/537.36" "-"
119.130.187.39 - - [29/Jul/2015:16:13:26 +0800] "POST /admin/remind/newOrderRemind HTTP/1.1" 200 2 "http://www.sinbad.com.cn/login" "Mozilla/5.0 (Windows NT 6.3; WOW64) AppleWebKit/537.36 (KHTML, like Gecko) Chrome/31.0.1650.63 Safari/537.36" "-"
113.67.132.125 - - [29/Jul/2015:16:13:26 +0800] "GET / HTTP/1.1" 200 8310 "http://www.sinbad.com.cn/login" "Mozilla/5.0 (Windows NT 6.1; WOW64) AppleWebKit/537.36 (KHTML, like Gecko) Chrome/45.0.2427.7 Safari/537.36" "-"
119.130.187.39 - - [29/Jul/2015:16:13:26 +0800] "POST /admin/remind/newOrderRemind HTTP/1.1" 200 153 "http://www.sinbad.com.cn/login" "Mozilla/5.0 (Windows NT 5.1) AppleWebKit/537.36 (KHTML, like Gecko) Chrome/43.0.2357.124 Safari/537.36" "-"
110.184.39.31 - - [29/Jul/2015:16:13:27 +0800] "GET /upload/NULL_TEMP/main/themeImg.sthml/save/img1/2C1FBEBDA256480181FC1557247EE9F7.jpg HTTP/1.1" 404 168 "http://image.baidu.com/search/detail?ct=503316480&z=3&ipn=d&word=%E6%99%AE%E5%90%89%E7%BE%8E%E9%A3%9F&step_word=&pn=423&spn=0&di=101300075140&pi=&rn=1&tn=baiduimagedetail&is=0%2C0&istype=0&ie=utf-8&oe=utf-8&in=&cl=2&lm=-1&st=-1&cs=2767234176%2C3544291301&os=2628015710%2C1475945462&adpicid=0&ln=1984&fr=&fmq=1438156042171_R&ic=0&s=undefined&se=&sme=&tab=0&width=&height=&face=undefined&ist=&jit=&cg=&bdtype=0&objurl=http%3A%2F%2Fimage.xitek.com%2Fforum%2F201002%2F1257%2F125748%2F125748_1266910581.jpg&fromurl=ippr_z2C%24qAzdH3FAzdH3Fu5674_z%26e3Bxtpjh_z%26e3Bv54AzdH3Fu5674-etjopi6jw1-pt1-08amml-jxp6w--wvpt5g-r6tgpwksj-rw2j-8_z%26e3Bip4s&gsm=168" "Mozilla/5.0 (Windows NT 6.1; WOW64; rv:39.0) Gecko/20100101 Firefox/39.0" "-"
183.224.236.10 - - [29/Jul/2015:16:13:27 +0800] "GET /static/upload/images/2014-05-13/7c31925b-e83e-4d73-b82c-bad08e262db5.jpg HTTP/1.1" 200 302130 "http://m.baidu.com/s?tn=bmbadr&pu=cuid%400uHRu_8fHu0Ma2u5lu2Sf_uMvilh8HuXYaHB8gaf28iIPv8T_a2Vi_u6-ijKOv8PA%2Csz%401320_480%2Cosname%40baidubrowser%2Ccua%40_PvjhYa6vhIDJEjPkJAiC_C-2N_UhvCpxGNqA%2Ccut%40pfs8uYuS-fygasib4aBjCf41mjQm5BqAC%2Cctv%402%2Ccfrom%401005584a%2Ccen%40cuid_cua_cut%2Ccsrc%40app_box_txt&from=1399k&word=%E9%A6%99%E6%A0%BC%E9%87%8C%E6%8B%89%E9%85%92%E5%BA%97" "Mozilla/5.0 (Linux; U; Android 4.3; zh-cn; SM-G9098 Build/JSS15J) AppleWebKit/534.24 (KHTML, like Gecko) Version/4.0 Mobile Safari/534.24 T5/2.0 baidubrowser/5.7.5.0 (Baidu; P1 4.3)" "-"
66.249.67.76 - - [29/Jul/2015:16:13:28 +0800] "GET /static/upload/images/2014-10-17/dfb3ac34-4a85-4bf1-8526-24f2b1ec10dc.jpg HTTP/1.1" 200 370886 "-" "Googlebot-Image/1.0" "-"
113.67.132.125 - - [29/Jul/2015:16:13:29 +0800] "POST /admin/remind/newOrderRemind HTTP/1.1" 200 153 "http://www.sinbad.com.cn/login" "Mozilla/5.0 (Windows NT 6.1; WOW64) AppleWebKit/537.36 (KHTML, like Gecko) Chrome/45.0.2427.7 Safari/537.36" "-"
119.130.187.39 - - [29/Jul/2015:16:13:30 +0800] "POST /admin/remind/newOrderRemind HTTP/1.1" 200 2 "http://www.sinbad.com.cn/login" "Mozilla/5.0 (Windows NT 6.3; WOW64) AppleWebKit/537.36 (KHTML, like Gecko) Chrome/43.0.2357.130 Safari/537.36" "-"
119.130.187.39 - - [29/Jul/2015:16:13:30 +0800] "POST /admin/remind/newOrderRemind HTTP/1.1" 200 2 "http://www.sinbad.com.cn/login" "Mozilla/5.0 (Windows NT 6.1; WOW64) AppleWebKit/537.36 (KHTML, like Gecko) Chrome/41.0.2272.118 Safari/537.36" "-"
113.67.132.125 - - [29/Jul/2015:16:13:30 +0800] "GET / HTTP/1.1" 200 8310 "http://www.sinbad.com.cn/login" "Mozilla/5.0 (Windows NT 6.1; WOW64) AppleWebKit/537.36 (KHTML, like Gecko) Chrome/45.0.2427.7 Safari/537.36" "-"
113.96.88.57 - - [29/Jul/2015:16:13:30 +0800] "POST /admin/remind/newOrderRemind HTTP/1.1" 200 2 "http://www.sinbad.com.cn/login" "Mozilla/5.0 (Windows NT 6.3; WOW64) AppleWebKit/537.36 (KHTML, like Gecko) Chrome/43.0.2357.134 Safari/537.36" "-"
66.249.67.76 - - [29/Jul/2015:16:13:31 +0800] "GET /destination/2873/activity?page=-2 HTTP/1.1" 200 6116 "-" "Mozilla/5.0 (compatible; Googlebot/2.1; +http://www.google.com/bot.html)" "-"
119.130.187.39 - - [29/Jul/2015:16:13:31 +0800] "POST /admin/remind/newOrderRemind HTTP/1.1" 200 2 "http://www.sinbad.com.cn/login#rel0007-3" "Mozilla/4.0 (compatible; MSIE 7.0; Windows NT 5.1; Trident/4.0; .NET CLR 2.0.50727; .NET CLR 3.0.4506.2152; .NET CLR 3.5.30729)" "-"
119.130.187.39 - - [29/Jul/2015:16:13:32 +0800] "POST /admin/remind/newOrderRemind HTTP/1.1" 200 2 "http://www.sinbad.com.cn/login" "Mozilla/5.0 (Windows NT 6.3; WOW64) AppleWebKit/537.36 (KHTML, like Gecko) Chrome/43.0.2357.81 Safari/537.36" "-"
42.91.113.190 - - [29/Jul/2015:16:13:33 +0800] "GET /upload/NULL_TEMP/main/themeImg.sthml/save/img1/FD2D5DF7BD764159B9ED3FDE03A87D84.jpg HTTP/1.1" 404 570 "http://image.baidu.com/search/detail?ct=503316480&z=3&ipn=d&word=%E6%B3%B0%E5%9B%BD%E7%8E%89%E4%BD%9B%E5%AF%BA&step_word=&pn=1042&spn=0&di=101064731240&pi=&rn=1&tn=baiduimagedetail&is=0%2C0&istype=0&ie=utf-8&oe=utf-8&in=&cl=2&lm=-1&st=-1&cs=4026193252%2C4240038315&os=231068052%2C1507708285&adpicid=0&ln=1984&fr=&fmq=1438156693315_R&ic=0&s=undefined&se=&sme=&tab=0&width=&height=&face=undefined&ist=&jit=&cg=&bdtype=0&objurl=http%3A%2F%2Fblog.gxnews.com.cn%2Fupload%2Fimages%2F2007%2F10%2Fu2333%2F20071071773517311.jpg&fromurl=ippr_z2C%24qAzdH3FAzdH3Fks52_z%26e3B2xgjof_z%26e3Bv54_z%26e3BvgAzdH3F7AzdH3FdnnnAzdH3FwAzdH3Fbnd09_z%26e3Bip4s&gsm=3c0" "Mozilla/5.0 (Windows NT 6.1) AppleWebKit/537.36 (KHTML, like Gecko) Chrome/31.0.1650.63 Safari/537.36" "-"
118.72.187.227 - - [29/Jul/2015:16:13:35 +0800] "GET /static/upload/images/2014-10-23/ace5fc41-d3e4-43f9-a4de-bee65fb59681.jpg HTTP/1.1" 200 475633 "http://image.baidu.com/search/wiseala?tn=wiseala&iswiseala=1&ie=utf8&wiseps=1&word=%E6%B5%B7%E5%BA%95%E6%99%AF" "Mozilla/5.0 (Linux; U; Android 4.4.2; zh-cn; MEEG 201M Build/KOT49H) AppleWebKit/534.24 (KHTML, like Gecko) Version/4.0 Mobile Safari/534.24 T5/2.0 baiduboxapp/5.0 (Baidu; P1 4.4.2)" "-"
119.130.187.39 - - [29/Jul/2015:16:13:37 +0800] "POST /admin/remind/newOrderRemind HTTP/1.0" 200 2 "http://www.sinbad.com.cn/login" "Mozilla/5.0 (Windows NT 6.1; WOW64) AppleWebKit/537.36 (KHTML, like Gecko) Chrome/39.0.2171.99 Safari/537.36 LBBROWSER" "-"
119.130.187.39 - - [29/Jul/2015:16:13:37 +0800] "POST /admin/remind/newOrderRemind HTTP/1.1" 200 2 "http://www.sinbad.com.cn/login" "Mozilla/5.0 (Windows NT 6.1; WOW64) AppleWebKit/537.36 (KHTML, like Gecko) Chrome/31.0.1650.63 Safari/537.36" "-"
119.130.187.39 - - [29/Jul/2015:16:13:37 +0800] "POST /admin/remind/newOrderRemind HTTP/1.1" 200 2 "http://www.sinbad.com.cn/login#_blank" "Mozilla/4.0 (compatible; MSIE 7.0; Windows NT 6.3; WOW64; Trident/7.0; .NET4.0E; .NET4.0C; Tablet PC 2.0; .NET CLR 3.5.30729; .NET CLR 2.0.50727; .NET CLR 3.0.30729; InfoPath.2; GWX:QUALIFIED; LCJB)" "-"
119.130.187.39 - - [29/Jul/2015:16:13:39 +0800] "POST /admin/remind/newOrderRemind HTTP/1.1" 200 2 "http://www.sinbad.com.cn/login" "Mozilla/5.0 (Windows NT 6.3; WOW64) AppleWebKit/537.36 (KHTML, like Gecko) Chrome/38.0.2125.122 Safari/537.36" "-"
192.3.139.92 - - [29/Jul/2015:16:13:41 +0800] "GET /js/jquery.js HTTP/1.1" 200 34694 "http://www.sinbad.com.cn/activity?page=longteng" "Mozilla/4.0 (compatible; MSIE 6.0; Windows NT 5.1; SV1; SE 2.x)" "-"
119.130.187.39 - - [29/Jul/2015:16:13:42 +0800] "POST /admin/remind/newOrderRemind HTTP/1.1" 200 2 "http://www.sinbad.com.cn/login" "Mozilla/5.0 (Windows NT 6.1) AppleWebKit/537.36 (KHTML, like Gecko) Chrome/44.0.2403.89 Safari/537.36" "-"
23.91.97.32 - - [29/Jul/2015:16:13:44 +0800] "POST /admin/remind/newOrderRemind HTTP/1.1" 200 153 "http://www.sinbad.com.cn/login" "Mozilla/5.0 (Windows NT 6.1) AppleWebKit/537.36 (KHTML, like Gecko) Chrome/43.0.2357.134 Safari/537.36" "-"
113.67.132.125 - - [29/Jul/2015:16:13:45 +0800] "POST /admin/remind/newOrderRemind HTTP/1.1" 200 2 "http://www.sinbad.com.cn/login" "Mozilla/5.0 (Windows NT 6.1; WOW64) AppleWebKit/537.36 (KHTML, like Gecko) Chrome/43.0.2357.134 Safari/537.36" "-"
23.91.97.32 - - [29/Jul/2015:16:13:50 +0800] "POST /admin/remind/newOrderRemind HTTP/1.1" 200 153 "http://www.sinbad.com.cn/login" "Mozilla/5.0 (Windows NT 6.3; WOW64) AppleWebKit/537.36 (KHTML, like Gecko) Chrome/44.0.2403.107 Safari/537.36" "-"
113.67.132.125 - - [29/Jul/2015:16:13:50 +0800] "POST /admin/remind/newOrderRemind HTTP/1.1" 200 2 "http://www.sinbad.com.cn/login" "Mozilla/5.0 (Windows NT 6.1; WOW64) AppleWebKit/537.36 (KHTML, like Gecko) Chrome/43.0.2357.134 Safari/537.36" "-"
119.130.187.39 - - [29/Jul/2015:16:13:51 +0800] "POST /admin/remind/newOrderRemind HTTP/1.1" 200 2 "http://www.sinbad.com.cn/login" "Mozilla/5.0 (Windows NT 6.3; WOW64) AppleWebKit/537.36 (KHTML, like Gecko) Chrome/31.0.1650.63 Safari/537.36" "-"
119.130.187.39 - - [29/Jul/2015:16:13:51 +0800] "POST /admin/remind/newOrderRemind HTTP/1.1" 200 153 "http://www.sinbad.com.cn/login" "Mozilla/5.0 (Windows NT 5.1) AppleWebKit/537.36 (KHTML, like Gecko) Chrome/43.0.2357.124 Safari/537.36" "-"
113.67.132.125 - - [29/Jul/2015:16:13:54 +0800] "POST /admin/remind/newOrderRemind HTTP/1.1" 200 153 "http://www.sinbad.com.cn/login" "Mozilla/5.0 (Windows NT 6.1; WOW64) AppleWebKit/537.36 (KHTML, like Gecko) Chrome/45.0.2427.7 Safari/537.36" "-"
113.96.88.57 - - [29/Jul/2015:16:13:54 +0800] "POST /admin/remind/newOrderRemind HTTP/1.1" 200 2 "http://www.sinbad.com.cn/login" "Mozilla/5.0 (Windows NT 6.3; WOW64) AppleWebKit/537.36 (KHTML, like Gecko) Chrome/43.0.2357.134 Safari/537.36" "-"
119.130.187.39 - - [29/Jul/2015:16:13:55 +0800] "POST /admin/remind/newOrderRemind HTTP/1.1" 200 2 "http://www.sinbad.com.cn/login" "Mozilla/5.0 (Windows NT 6.3; WOW64) AppleWebKit/537.36 (KHTML, like Gecko) Chrome/43.0.2357.130 Safari/537.36" "-"
119.130.187.39 - - [29/Jul/2015:16:13:55 +0800] "POST /admin/remind/newOrderRemind HTTP/1.1" 200 2 "http://www.sinbad.com.cn/login" "Mozilla/5.0 (Windows NT 6.1; WOW64) AppleWebKit/537.36 (KHTML, like Gecko) Chrome/41.0.2272.118 Safari/537.36" "-"
119.130.187.39 - - [29/Jul/2015:16:13:56 +0800] "POST /admin/remind/newOrderRemind HTTP/1.1" 200 2 "http://www.sinbad.com.cn/login#rel0007-3" "Mozilla/4.0 (compatible; MSIE 7.0; Windows NT 5.1; Trident/4.0; .NET CLR 2.0.50727; .NET CLR 3.0.4506.2152; .NET CLR 3.5.30729)" "-"
119.130.187.39 - - [29/Jul/2015:16:13:57 +0800] "POST /admin/remind/newOrderRemind HTTP/1.1" 200 2 "http://www.sinbad.com.cn/login" "Mozilla/5.0 (Windows NT 6.3; WOW64) AppleWebKit/537.36 (KHTML, like Gecko) Chrome/43.0.2357.81 Safari/537.36" "-"
119.130.187.39 - - [29/Jul/2015:16:14:02 +0800] "POST /admin/remind/newOrderRemind HTTP/1.1" 200 378 "http://www.sinbad.com.cn/login" "Mozilla/5.0 (Windows NT 6.1; WOW64) AppleWebKit/537.36 (KHTML, like Gecko) Chrome/31.0.1650.63 Safari/537.36" "-"
119.130.187.39 - - [29/Jul/2015:16:14:02 +0800] "POST /admin/remind/newOrderRemind HTTP/1.1" 200 378 "http://www.sinbad.com.cn/login#_blank" "Mozilla/4.0 (compatible; MSIE 7.0; Windows NT 6.3; WOW64; Trident/7.0; .NET4.0E; .NET4.0C; Tablet PC 2.0; .NET CLR 3.5.30729; .NET CLR 2.0.50727; .NET CLR 3.0.30729; InfoPath.2; GWX:QUALIFIED; LCJB)" "-"
119.130.187.39 - - [29/Jul/2015:16:14:03 +0800] "POST /admin/remind/newOrderRemind HTTP/1.0" 200 378 "http://www.sinbad.com.cn/login" "Mozilla/5.0 (Windows NT 6.1; WOW64) AppleWebKit/537.36 (KHTML, like Gecko) Chrome/39.0.2171.99 Safari/537.36 LBBROWSER" "-"
119.130.187.39 - - [29/Jul/2015:16:14:04 +0800] "POST /admin/remind/newOrderRemind HTTP/1.1" 200 378 "http://www.sinbad.com.cn/login" "Mozilla/5.0 (Windows NT 6.3; WOW64) AppleWebKit/537.36 (KHTML, like Gecko) Chrome/38.0.2125.122 Safari/537.36" "-"
119.130.187.39 - - [29/Jul/2015:16:14:07 +0800] "POST /admin/remind/newOrderRemind HTTP/1.1" 200 378 "http://www.sinbad.com.cn/login" "Mozilla/5.0 (Windows NT 6.1) AppleWebKit/537.36 (KHTML, like Gecko) Chrome/44.0.2403.89 Safari/537.36" "-"
113.67.132.125 - - [29/Jul/2015:16:14:10 +0800] "POST /admin/remind/newOrderRemind HTTP/1.1" 200 378 "http://www.sinbad.com.cn/login" "Mozilla/5.0 (Windows NT 6.1; WOW64) AppleWebKit/537.36 (KHTML, like Gecko) Chrome/43.0.2357.134 Safari/537.36" "-"
23.91.97.32 - - [29/Jul/2015:16:14:10 +0800] "POST /admin/remind/newOrderRemind HTTP/1.1" 200 153 "http://www.sinbad.com.cn/login" "Mozilla/5.0 (Windows NT 6.1) AppleWebKit/537.36 (KHTML, like Gecko) Chrome/43.0.2357.134 Safari/537.36" "-"
119.139.157.38 - - [29/Jul/2015:16:14:14 +0800] "GET /static/upload/images/2014-05-13/e17e2416-37b1-445d-bd03-dd4b31b0fad5.jpg HTTP/1.1" 200 312974 "http://image.baidu.com/search/detail?tn=baiduimagedetail&word=%E6%B3%B0%E5%9B%BD%E8%9D%B4%E8%9D%B6%E5%9B%AD%E5%9B%BE%E7%89%87&ie=utf-8&step_word=&ipn=d&istype=0&fr=&os=700119078,4204845217&cs=4043979876,1346521485&di=0&pn=1&simi=cardserver&simics=3531148441%2C2320952480&cardserver=1&srctype=14&bdtype=14" "Mozilla/4.0 (compatible; MSIE 8.0; Windows NT 5.1; Trident/4.0)" "-"
113.67.132.125 - - [29/Jul/2015:16:14:15 +0800] "POST /admin/remind/newOrderRemind HTTP/1.1" 200 378 "http://www.sinbad.com.cn/login" "Mozilla/5.0 (Windows NT 6.1; WOW64) AppleWebKit/537.36 (KHTML, like Gecko) Chrome/43.0.2357.134 Safari/537.36" "-"
