119.130.187.39 - - [29/Jul/2015:16:17:22 +0800] "POST /admin/remind/newOrderRemind HTTP/1.1" 200 2 "http://www.sinbad.com.cn/login#_blank" "Mozilla/4.0 (compatible; MSIE 7.0; Windows NT 6.3; WOW64; Trident/7.0; .NET4.0E; .NET4.0C; Tablet PC 2.0; .NET CLR 3.5.30729; .NET CLR 2.0.50727; .NET CLR 3.0.30729; InfoPath.2; GWX:QUALIFIED; LCJB)" "-"
14.192.213.133 - - [29/Jul/2015:16:17:23 +0800] "GET /images/zs.jpg HTTP/1.1" 200 21842 "http://www.sinbad.com.cn/route/routeId85.html" "Mozilla/5.0 (Macintosh; Intel Mac OS X 10_10_3) AppleWebKit/600.5.17 (KHTML, like Gecko) Version/8.0.5 Safari/600.5.17" "-"
14.192.213.133 - - [29/Jul/2015:16:17:23 +0800] "GET /static/upload/images/2015-01-30/9ad5571e-9a59-4e64-9026-b967d77c8f9b.jpg HTTP/1.1" 200 580513 "http://www.sinbad.com.cn/route/routeId85.html" "Mozilla/5.0 (Macintosh; Intel Mac OS X 10_10_3) AppleWebKit/600.5.17 (KHTML, like Gecko) Version/8.0.5 Safari/600.5.17" "-"
119.130.187.39 - - [29/Jul/2015:16:17:24 +0800] "POST /admin/remind/newOrderRemind HTTP/1.1" 200 2 "http://www.sinbad.com.cn/login" "Mozilla/5.0 (Windows NT 6.3; WOW64) AppleWebKit/537.36 (KHTML, like Gecko) Chrome/38.0.2125.122 Safari/537.36" "-"
14.192.213.133 - - [29/Jul/2015:16:17:25 +0800] "GET /images/l03.png HTTP/1.1" 200 4767 "http://www.sinbad.com.cn/route/routeId85.html" "Mozilla/5.0 (Macintosh; Intel Mac OS X 10_10_3) AppleWebKit/600.5.17 (KHTML, like Gecko) Version/8.0.5 Safari/600.5.17" "-"
14.192.213.133 - - [29/Jul/2015:16:17:26 +0800] "GET /images/weixin-sinbad.jpg HTTP/1.1" 200 20970 "http://www.sinbad.com.cn/route/routeId85.html" "Mozilla/5.0 (Macintosh; Intel Mac OS X 10_10_3) AppleWebKit/600.5.17 (KHTML, like Gecko) Version/8.0.5 Safari/600.5.17" "-"
14.192.213.133 - - [29/Jul/2015:16:17:26 +0800] "GET /images/ll01.png HTTP/1.1" 200 9694 "http://www.sinbad.com.cn/route/routeId85.html" "Mozilla/5.0 (Macintosh; Intel Mac OS X 10_10_3) AppleWebKit/600.5.17 (KHTML, like Gecko) Version/8.0.5 Safari/600.5.17" "-"
14.192.213.133 - - [29/Jul/2015:16:17:26 +0800] "GET /images/l01.png HTTP/1.1" 200 4480 "http://www.sinbad.com.cn/route/routeId85.html" "Mozilla/5.0 (Macintosh; Intel Mac OS X 10_10_3) AppleWebKit/600.5.17 (KHTML, like Gecko) Version/8.0.5 Safari/600.5.17" "-"
14.192.213.133 - - [29/Jul/2015:16:17:26 +0800] "GET /images/l05.png HTTP/1.1" 200 5164 "http://www.sinbad.com.cn/route/routeId85.html" "Mozilla/5.0 (Macintosh; Intel Mac OS X 10_10_3) AppleWebKit/600.5.17 (KHTML, like Gecko) Version/8.0.5 Safari/600.5.17" "-"
14.192.213.133 - - [29/Jul/2015:16:17:27 +0800] "GET /images/l02.png HTTP/1.1" 200 5126 "http://www.sinbad.com.cn/route/routeId85.html" "Mozilla/5.0 (Macintosh; Intel Mac OS X 10_10_3) AppleWebKit/600.5.17 (KHTML, like Gecko) Version/8.0.5 Safari/600.5.17" "-"
115.28.26.13 - - [29/Jul/2015:16:17:27 +0800] "GET / HTTP/1.1" 200 28245 "-" "Mozilla/5.0 (compatible; MSIE 9.0; Windows NT 6.1; Win64; x64; Trident/5.0)" "-"
14.192.213.133 - - [29/Jul/2015:16:17:27 +0800] "GET /images/weixin.png HTTP/1.1" 200 32125 "http://www.sinbad.com.cn/route/routeId85.html" "Mozilla/5.0 (Macintosh; Intel Mac OS X 10_10_3) AppleWebKit/600.5.17 (KHTML, like Gecko) Version/8.0.5 Safari/600.5.17" "-"
14.192.213.133 - - [29/Jul/2015:16:17:27 +0800] "GET /images/ll05.png HTTP/1.1" 200 10796 "http://www.sinbad.com.cn/route/routeId85.html" "Mozilla/5.0 (Macintosh; Intel Mac OS X 10_10_3) AppleWebKit/600.5.17 (KHTML, like Gecko) Version/8.0.5 Safari/600.5.17" "-"
119.130.187.39 - - [29/Jul/2015:16:17:27 +0800] "POST /admin/remind/newOrderRemind HTTP/1.1" 200 2 "http://www.sinbad.com.cn/login" "Mozilla/5.0 (Windows NT 6.1) AppleWebKit/537.36 (KHTML, like Gecko) Chrome/44.0.2403.89 Safari/537.36" "-"
14.192.213.133 - - [29/Jul/2015:16:17:28 +0800] "GET /images/ll06.png HTTP/1.1" 200 9187 "http://www.sinbad.com.cn/route/routeId85.html" "Mozilla/5.0 (Macintosh; Intel Mac OS X 10_10_3) AppleWebKit/600.5.17 (KHTML, like Gecko) Version/8.0.5 Safari/600.5.17" "-"
14.192.213.133 - - [29/Jul/2015:16:17:28 +0800] "GET /images/logo_global.png HTTP/1.1" 200 11343 "http://www.sinbad.com.cn/route/routeId85.html" "Mozilla/5.0 (Macintosh; Intel Mac OS X 10_10_3) AppleWebKit/600.5.17 (KHTML, like Gecko) Version/8.0.5 Safari/600.5.17" "-"
14.192.213.133 - - [29/Jul/2015:16:17:28 +0800] "GET /images/search-btn.png HTTP/1.1" 200 3205 "http://www.sinbad.com.cn/route/routeId85.html" "Mozilla/5.0 (Macintosh; Intel Mac OS X 10_10_3) AppleWebKit/600.5.17 (KHTML, like Gecko) Version/8.0.5 Safari/600.5.17" "-"
14.192.213.133 - - [29/Jul/2015:16:17:28 +0800] "GET /images/tel.jpg HTTP/1.1" 200 2401 "http://www.sinbad.com.cn/route/routeId85.html" "Mozilla/5.0 (Macintosh; Intel Mac OS X 10_10_3) AppleWebKit/600.5.17 (KHTML, like Gecko) Version/8.0.5 Safari/600.5.17" "-"
66.249.67.76 - - [29/Jul/2015:16:17:28 +0800] "GET /route/routeId668.html HTTP/1.1" 200 23515 "-" "Mozilla/5.0 (compatible; Googlebot/2.1; +http://www.google.com/bot.html)" "-"
14.192.213.133 - - [29/Jul/2015:16:17:28 +0800] "GET /images/nav_cur.png HTTP/1.1" 200 760 "http://www.sinbad.com.cn/route/routeId85.html" "Mozilla/5.0 (Macintosh; Intel Mac OS X 10_10_3) AppleWebKit/600.5.17 (KHTML, like Gecko) Version/8.0.5 Safari/600.5.17" "-"
14.192.213.133 - - [29/Jul/2015:16:17:29 +0800] "GET /images/detail/level.jpg HTTP/1.1" 200 1867 "http://www.sinbad.com.cn/route/routeId85.html" "Mozilla/5.0 (Macintosh; Intel Mac OS X 10_10_3) AppleWebKit/600.5.17 (KHTML, like Gecko) Version/8.0.5 Safari/600.5.17" "-"
119.130.187.39 - - [29/Jul/2015:16:17:29 +0800] "POST /admin/remind/newOrderRemind HTTP/1.0" 200 2 "http://www.sinbad.com.cn/login" "Mozilla/5.0 (Windows NT 6.1; WOW64) AppleWebKit/537.36 (KHTML, like Gecko) Chrome/39.0.2171.99 Safari/537.36 LBBROWSER" "-"
14.192.213.133 - - [29/Jul/2015:16:17:29 +0800] "GET /images/skin_v20.png HTTP/1.1" 200 3024 "http://www.sinbad.com.cn/route/routeId85.html" "Mozilla/5.0 (Macintosh; Intel Mac OS X 10_10_3) AppleWebKit/600.5.17 (KHTML, like Gecko) Version/8.0.5 Safari/600.5.17" "-"
14.192.213.133 - - [29/Jul/2015:16:17:29 +0800] "GET /images/place_cur.png HTTP/1.1" 200 903 "http://www.sinbad.com.cn/route/routeId85.html" "Mozilla/5.0 (Macintosh; Intel Mac OS X 10_10_3) AppleWebKit/600.5.17 (KHTML, like Gecko) Version/8.0.5 Safari/600.5.17" "-"
14.192.213.133 - - [29/Jul/2015:16:17:29 +0800] "GET /images/ll03.png HTTP/1.1" 200 8492 "http://www.sinbad.com.cn/route/routeId85.html" "Mozilla/5.0 (Macintosh; Intel Mac OS X 10_10_3) AppleWebKit/600.5.17 (KHTML, like Gecko) Version/8.0.5 Safari/600.5.17" "-"
14.192.213.133 - - [29/Jul/2015:16:17:30 +0800] "GET /images/l06.png HTTP/1.1" 200 4696 "http://www.sinbad.com.cn/route/routeId85.html" "Mozilla/5.0 (Macintosh; Intel Mac OS X 10_10_3) AppleWebKit/600.5.17 (KHTML, like Gecko) Version/8.0.5 Safari/600.5.17" "-"
113.67.132.125 - - [29/Jul/2015:16:17:30 +0800] "POST /admin/remind/newOrderRemind HTTP/1.1" 200 2 "http://www.sinbad.com.cn/login" "Mozilla/5.0 (Windows NT 6.1; WOW64) AppleWebKit/537.36 (KHTML, like Gecko) Chrome/43.0.2357.134 Safari/537.36" "-"
14.192.213.133 - - [29/Jul/2015:16:17:30 +0800] "GET /images/btn_right.png HTTP/1.1" 200 2320 "http://www.sinbad.com.cn/route/routeId85.html" "Mozilla/5.0 (Macintosh; Intel Mac OS X 10_10_3) AppleWebKit/600.5.17 (KHTML, like Gecko) Version/8.0.5 Safari/600.5.17" "-"
14.192.213.133 - - [29/Jul/2015:16:17:30 +0800] "GET /images/btn_left.png HTTP/1.1" 200 2335 "http://www.sinbad.com.cn/route/routeId85.html" "Mozilla/5.0 (Macintosh; Intel Mac OS X 10_10_3) AppleWebKit/600.5.17 (KHTML, like Gecko) Version/8.0.5 Safari/600.5.17" "-"
14.192.213.133 - - [29/Jul/2015:16:17:30 +0800] "GET /images/detail/border.jpg HTTP/1.1" 200 727 "http://www.sinbad.com.cn/route/routeId85.html" "Mozilla/5.0 (Macintosh; Intel Mac OS X 10_10_3) AppleWebKit/600.5.17 (KHTML, like Gecko) Version/8.0.5 Safari/600.5.17" "-"
14.192.213.133 - - [29/Jul/2015:16:17:30 +0800] "GET /images/detail/sbtn_book.png HTTP/1.1" 200 7809 "http://www.sinbad.com.cn/route/routeId85.html" "Mozilla/5.0 (Macintosh; Intel Mac OS X 10_10_3) AppleWebKit/600.5.17 (KHTML, like Gecko) Version/8.0.5 Safari/600.5.17" "-"
14.192.213.133 - - [29/Jul/2015:16:17:30 +0800] "GET /images/detail/icon1.jpg HTTP/1.1" 200 946 "http://www.sinbad.com.cn/route/routeId85.html" "Mozilla/5.0 (Macintosh; Intel Mac OS X 10_10_3) AppleWebKit/600.5.17 (KHTML, like Gecko) Version/8.0.5 Safari/600.5.17" "-"
14.192.213.133 - - [29/Jul/2015:16:17:31 +0800] "GET /images/detail/icon2.jpg HTTP/1.1" 200 1007 "http://www.sinbad.com.cn/route/routeId85.html" "Mozilla/5.0 (Macintosh; Intel Mac OS X 10_10_3) AppleWebKit/600.5.17 (KHTML, like Gecko) Version/8.0.5 Safari/600.5.17" "-"
14.192.213.133 - - [29/Jul/2015:16:17:31 +0800] "GET /images/detail/icon3.jpg HTTP/1.1" 200 1038 "http://www.sinbad.com.cn/route/routeId85.html" "Mozilla/5.0 (Macintosh; Intel Mac OS X 10_10_3) AppleWebKit/600.5.17 (KHTML, like Gecko) Version/8.0.5 Safari/600.5.17" "-"
14.192.213.133 - - [29/Jul/2015:16:17:31 +0800] "GET /images/tips.png HTTP/1.1" 200 7603 "http://www.sinbad.com.cn/route/routeId85.html" "Mozilla/5.0 (Macintosh; Intel Mac OS X 10_10_3) AppleWebKit/600.5.17 (KHTML, like Gecko) Version/8.0.5 Safari/600.5.17" "-"
14.192.213.133 - - [29/Jul/2015:16:17:32 +0800] "GET /images/detail/icon4.jpg HTTP/1.1" 200 1104 "http://www.sinbad.com.cn/route/routeId85.html" "Mozilla/5.0 (Macintosh; Intel Mac OS X 10_10_3) AppleWebKit/600.5.17 (KHTML, like Gecko) Version/8.0.5 Safari/600.5.17" "-"
14.192.213.133 - - [29/Jul/2015:16:17:32 +0800] "GET /images/detail/xuxian.jpg HTTP/1.1" 200 825 "http://www.sinbad.com.cn/route/routeId85.html" "Mozilla/5.0 (Macintosh; Intel Mac OS X 10_10_3) AppleWebKit/600.5.17 (KHTML, like Gecko) Version/8.0.5 Safari/600.5.17" "-"
14.192.213.133 - - [29/Jul/2015:16:17:32 +0800] "GET /images/detail/pic_left.png HTTP/1.1" 200 2247 "http://www.sinbad.com.cn/route/routeId85.html" "Mozilla/5.0 (Macintosh; Intel Mac OS X 10_10_3) AppleWebKit/600.5.17 (KHTML, like Gecko) Version/8.0.5 Safari/600.5.17" "-"
14.192.213.133 - - [29/Jul/2015:16:17:32 +0800] "GET /images/detail/pic_right.png HTTP/1.1" 200 2581 "http://www.sinbad.com.cn/route/routeId85.html" "Mozilla/5.0 (Macintosh; Intel Mac OS X 10_10_3) AppleWebKit/600.5.17 (KHTML, like Gecko) Version/8.0.5 Safari/600.5.17" "-"
14.192.213.133 - - [29/Jul/2015:16:17:32 +0800] "GET /images/detail/bottom_circle.jpg HTTP/1.1" 200 920 "http://www.sinbad.com.cn/route/routeId85.html" "Mozilla/5.0 (Macintosh; Intel Mac OS X 10_10_3) AppleWebKit/600.5.17 (KHTML, like Gecko) Version/8.0.5 Safari/600.5.17" "-"
14.192.213.133 - - [29/Jul/2015:16:17:32 +0800] "GET /images/prev.jpg HTTP/1.1" 200 877 "http://www.sinbad.com.cn/route/routeId85.html" "Mozilla/5.0 (Macintosh; Intel Mac OS X 10_10_3) AppleWebKit/600.5.17 (KHTML, like Gecko) Version/8.0.5 Safari/600.5.17" "-"
23.91.97.32 - - [29/Jul/2015:16:17:32 +0800] "POST /admin/remind/newOrderRemind HTTP/1.1" 200 153 "http://www.sinbad.com.cn/login" "Mozilla/5.0 (Windows NT 6.1) AppleWebKit/537.36 (KHTML, like Gecko) Chrome/43.0.2357.134 Safari/537.36" "-"
14.192.213.133 - - [29/Jul/2015:16:17:33 +0800] "GET /images/next.jpg HTTP/1.1" 200 1420 "http://www.sinbad.com.cn/route/routeId85.html" "Mozilla/5.0 (Macintosh; Intel Mac OS X 10_10_3) AppleWebKit/600.5.17 (KHTML, like Gecko) Version/8.0.5 Safari/600.5.17" "-"
14.192.213.133 - - [29/Jul/2015:16:17:33 +0800] "GET /images/detail/yhj_tips.jpg HTTP/1.1" 200 2426 "http://www.sinbad.com.cn/route/routeId85.html" "Mozilla/5.0 (Macintosh; Intel Mac OS X 10_10_3) AppleWebKit/600.5.17 (KHTML, like Gecko) Version/8.0.5 Safari/600.5.17" "-"
14.192.213.133 - - [29/Jul/2015:16:17:33 +0800] "GET /images/detail/yhj.jpg HTTP/1.1" 200 966 "http://www.sinbad.com.cn/route/routeId85.html" "Mozilla/5.0 (Macintosh; Intel Mac OS X 10_10_3) AppleWebKit/600.5.17 (KHTML, like Gecko) Version/8.0.5 Safari/600.5.17" "-"
221.221.254.114 - - [29/Jul/2015:16:17:33 +0800] "GET /static/upload/images/2014-04-19/ae7cc8e7-784c-40b1-b543-b37efa82e25e.jpg HTTP/1.1" 200 504567 "http://image.baidu.com/search/wisepadsearch?tn=wisepadsearch&ie=utf8&iswiseala=1&fr=alawise&ala=1&pos=1&word=%E4%B8%9B%E6%9E%97%E9%A3%9E%E8%B7%83" "Mozilla/5.0 (iPad; CPU OS 8_4 like Mac OS X) AppleWebKit/534.46 (KHTML, like Gecko) BaiduHD/4.1.0.0 Mobile/10A406 Safari/8536.25" "-"
14.192.213.133 - - [29/Jul/2015:16:17:33 +0800] "GET /images/detail/h2_hb.jpg HTTP/1.1" 200 3319 "http://www.sinbad.com.cn/route/routeId85.html" "Mozilla/5.0 (Macintosh; Intel Mac OS X 10_10_3) AppleWebKit/600.5.17 (KHTML, like Gecko) Version/8.0.5 Safari/600.5.17" "-"
14.192.213.133 - - [29/Jul/2015:16:17:33 +0800] "GET /images/detail/btn_more.jpg HTTP/1.1" 200 4888 "http://www.sinbad.com.cn/route/routeId85.html" "Mozilla/5.0 (Macintosh; Intel Mac OS X 10_10_3) AppleWebKit/600.5.17 (KHTML, like Gecko) Version/8.0.5 Safari/600.5.17" "-"
14.192.213.133 - - [29/Jul/2015:16:17:33 +0800] "GET /images/detail/day.jpg HTTP/1.1" 200 1849 "http://www.sinbad.com.cn/route/routeId85.html" "Mozilla/5.0 (Macintosh; Intel Mac OS X 10_10_3) AppleWebKit/600.5.17 (KHTML, like Gecko) Version/8.0.5 Safari/600.5.17" "-"
14.192.213.133 - - [29/Jul/2015:16:17:33 +0800] "GET /images/detail/comment.jpg HTTP/1.1" 200 3126 "http://www.sinbad.com.cn/route/routeId85.html" "Mozilla/5.0 (Macintosh; Intel Mac OS X 10_10_3) AppleWebKit/600.5.17 (KHTML, like Gecko) Version/8.0.5 Safari/600.5.17" "-"
14.192.213.133 - - [29/Jul/2015:16:17:33 +0800] "GET /images/in.png HTTP/1.1" 200 1292 "http://www.sinbad.com.cn/route/routeId85.html" "Mozilla/5.0 (Macintosh; Intel Mac OS X 10_10_3) AppleWebKit/600.5.17 (KHTML, like Gecko) Version/8.0.5 Safari/600.5.17" "-"
123.125.71.44 - - [29/Jul/2015:16:17:34 +0800] "GET /destination3538/activity.html HTTP/1.1" 200 8097 "-" "Mozilla/5.0 (compatible; Baiduspider/2.0; +http://www.baidu.com/search/spider.html)" "-"
14.192.213.133 - - [29/Jul/2015:16:17:35 +0800] "GET /images/circle.png HTTP/1.1" 200 1201 "http://www.sinbad.com.cn/route/routeId85.html" "Mozilla/5.0 (Macintosh; Intel Mac OS X 10_10_3) AppleWebKit/600.5.17 (KHTML, like Gecko) Version/8.0.5 Safari/600.5.17" "-"
119.130.187.39 - - [29/Jul/2015:16:17:36 +0800] "POST /admin/remind/newOrderRemind HTTP/1.1" 200 2 "http://www.sinbad.com.cn/login" "Mozilla/5.0 (Windows NT 6.3; WOW64) AppleWebKit/537.36 (KHTML, like Gecko) Chrome/31.0.1650.63 Safari/537.36" "-"
23.91.97.32 - - [29/Jul/2015:16:17:39 +0800] "POST /admin/remind/newOrderRemind HTTP/1.1" 200 153 "http://www.sinbad.com.cn/login" "Mozilla/5.0 (Windows NT 6.3; WOW64) AppleWebKit/537.36 (KHTML, like Gecko) Chrome/44.0.2403.107 Safari/537.36" "-"
113.96.88.57 - - [29/Jul/2015:16:17:39 +0800] "POST /admin/remind/newOrderRemind HTTP/1.1" 200 2 "http://www.sinbad.com.cn/login" "Mozilla/5.0 (Windows NT 6.3; WOW64) AppleWebKit/537.36 (KHTML, like Gecko) Chrome/43.0.2357.134 Safari/537.36" "-"
119.130.187.39 - - [29/Jul/2015:16:17:40 +0800] "POST /admin/remind/newOrderRemind HTTP/1.1" 200 2 "http://www.sinbad.com.cn/login" "Mozilla/5.0 (Windows NT 6.3; WOW64) AppleWebKit/537.36 (KHTML, like Gecko) Chrome/43.0.2357.130 Safari/537.36" "-"
113.67.132.125 - - [29/Jul/2015:16:17:40 +0800] "POST /admin/remind/newOrderRemind HTTP/1.1" 200 153 "http://www.sinbad.com.cn/login" "Mozilla/5.0 (Windows NT 6.1; WOW64) AppleWebKit/537.36 (KHTML, like Gecko) Chrome/45.0.2427.7 Safari/537.36" "-"
113.67.132.125 - - [29/Jul/2015:16:17:40 +0800] "POST /admin/remind/newOrderRemind HTTP/1.1" 200 2 "http://www.sinbad.com.cn/login" "Mozilla/5.0 (Windows NT 6.1; WOW64) AppleWebKit/537.36 (KHTML, like Gecko) Chrome/43.0.2357.134 Safari/537.36" "-"
14.192.213.133 - - [29/Jul/2015:16:17:41 +0800] "GET /static/upload/images/2015-07-22/6d31cd8c-9a48-46fd-8e21-cebe2ea630c8.jpg HTTP/1.1" 200 535893 "http://www.sinbad.com.cn/route/routeId85.html" "Mozilla/5.0 (Macintosh; Intel Mac OS X 10_10_3) AppleWebKit/600.5.17 (KHTML, like Gecko) Version/8.0.5 Safari/600.5.17" "-"
119.130.187.39 - - [29/Jul/2015:16:17:41 +0800] "POST /admin/remind/newOrderRemind HTTP/1.1" 200 2 "http://www.sinbad.com.cn/login#rel0007-3" "Mozilla/4.0 (compatible; MSIE 7.0; Windows NT 5.1; Trident/4.0; .NET CLR 2.0.50727; .NET CLR 3.0.4506.2152; .NET CLR 3.5.30729)" "-"
119.130.187.39 - - [29/Jul/2015:16:17:42 +0800] "POST /admin/remind/newOrderRemind HTTP/1.1" 200 2 "http://www.sinbad.com.cn/login" "Mozilla/5.0 (Windows NT 6.3; WOW64) AppleWebKit/537.36 (KHTML, like Gecko) Chrome/43.0.2357.81 Safari/537.36" "-"
119.130.187.39 - - [29/Jul/2015:16:17:43 +0800] "POST /admin/remind/newOrderRemind HTTP/1.1" 200 2 "http://www.sinbad.com.cn/login" "Mozilla/5.0 (Windows NT 6.1; WOW64) AppleWebKit/537.36 (KHTML, like Gecko) Chrome/41.0.2272.118 Safari/537.36" "-"
183.228.212.121 - - [29/Jul/2015:16:17:44 +0800] "GET /static/upload/images/2015-03-03/3595ceca-0e7c-45e3-bc9a-5c5ea8e0963e.jpg HTTP/1.1" 200 291603 "https://m.baidu.com/s?from=1011267h&word=%E6%88%9B%E7%BA%B3%E7%94%B5%E5%BD%B1%E8%8A%822015" "Mozilla/5.0 (Linux; U; Android 4.2.1; zh-cn; 2013022 Build/HM2013022) AppleWebKit/537.36 (KHTML, like Gecko) Version/4.0 Mobile Safari/537.36 XiaoMi/MiuiBrowser/2.1.1" "-"
123.125.71.44 - - [29/Jul/2015:16:17:45 +0800] "POST /gotoSpotComment HTTP/1.1" 200 305 "http://www.sinbad.com.cn/destination3538/activity.html" "Mozilla/5.0 (compatible; Baiduspider/2.0; +http://www.baidu.com/search/spider.html)" "-"
60.26.203.49 - - [29/Jul/2015:16:17:46 +0800] "GET /activity?page=expo2015 HTTP/1.1" 200 6887 "http://sinbad.com.cn/" "Mozilla/4.0 (compatible; MSIE 10.0; Windows NT 6.1; SV1; 360SE)" "-"
60.26.203.49 - - [29/Jul/2015:16:17:46 +0800] "GET /css/global.css HTTP/1.1" 200 5546 "http://www.sinbad.com.cn/activity?page=expo2015" "Mozilla/4.0 (compatible; MSIE 10.0; Windows NT 6.1; SV1; 360SE)" "-"
60.26.203.49 - - [29/Jul/2015:16:17:46 +0800] "GET /css/expo.css HTTP/1.1" 200 1499 "http://www.sinbad.com.cn/activity?page=expo2015" "Mozilla/4.0 (compatible; MSIE 10.0; Windows NT 6.1; SV1; 360SE)" "-"
60.26.203.49 - - [29/Jul/2015:16:17:47 +0800] "GET /js/jquery.js HTTP/1.1" 200 37209 "http://www.sinbad.com.cn/activity?page=expo2015" "Mozilla/4.0 (compatible; MSIE 10.0; Windows NT 6.1; SV1; 360SE)" "-"
60.26.203.49 - - [29/Jul/2015:16:17:47 +0800] "GET /js/global.js HTTP/1.1" 200 4857 "http://www.sinbad.com.cn/activity?page=expo2015" "Mozilla/4.0 (compatible; MSIE 10.0; Windows NT 6.1; SV1; 360SE)" "-"
119.130.187.39 - - [29/Jul/2015:16:17:47 +0800] "POST /admin/remind/newOrderRemind HTTP/1.1" 200 2 "http://www.sinbad.com.cn/login" "Mozilla/5.0 (Windows NT 6.1; WOW64) AppleWebKit/537.36 (KHTML, like Gecko) Chrome/31.0.1650.63 Safari/537.36" "-"
119.130.187.39 - - [29/Jul/2015:16:17:47 +0800] "POST /admin/remind/newOrderRemind HTTP/1.1" 200 2 "http://www.sinbad.com.cn/login#_blank" "Mozilla/4.0 (compatible; MSIE 7.0; Windows NT 6.3; WOW64; Trident/7.0; .NET4.0E; .NET4.0C; Tablet PC 2.0; .NET CLR 3.5.30729; .NET CLR 2.0.50727; .NET CLR 3.0.30729; InfoPath.2; GWX:QUALIFIED; LCJB)" "-"
113.67.132.125 - - [29/Jul/2015:16:17:48 +0800] "GET /route/routeId592.html HTTP/1.1" 200 26172 "-" "Mozilla/5.0 (Windows NT 6.1; WOW64) AppleWebKit/537.36 (KHTML, like Gecko) Chrome/42.0.2311.152 Safari/537.36" "-"
121.12.173.20 - - [29/Jul/2015:16:17:48 +0800] "GET /hotel/hotelId77.html HTTP/1.1" 200 14555 "http://sinbad.com.cn/hotelIndex" "Mozilla/4.0 (compatible; MSIE 7.0; Windows NT 5.1; SV1; .NET CLR 1.1.4322; .NET CLR 2.0.50727; .NET CLR 3.0.04506.648; .NET CLR 3.5.21022)" "-"
121.12.173.20 - - [29/Jul/2015:16:17:49 +0800] "GET /css/global.css HTTP/1.1" 200 5546 "http://www.sinbad.com.cn/hotel/hotelId77.html" "Mozilla/4.0 (compatible; MSIE 7.0; Windows NT 5.1; SV1; .NET CLR 1.1.4322; .NET CLR 2.0.50727; .NET CLR 3.0.04506.648; .NET CLR 3.5.21022)" "-"
121.12.173.20 - - [29/Jul/2015:16:17:49 +0800] "GET /css/introduce.css HTTP/1.1" 200 3482 "http://www.sinbad.com.cn/hotel/hotelId77.html" "Mozilla/4.0 (compatible; MSIE 7.0; Windows NT 5.1; SV1; .NET CLR 1.1.4322; .NET CLR 2.0.50727; .NET CLR 3.0.04506.648; .NET CLR 3.5.21022)" "-"
121.12.173.20 - - [29/Jul/2015:16:17:49 +0800] "GET /js/jquery.js HTTP/1.1" 200 37209 "http://www.sinbad.com.cn/hotel/hotelId77.html" "Mozilla/4.0 (compatible; MSIE 7.0; Windows NT 5.1; SV1; .NET CLR 1.1.4322; .NET CLR 2.0.50727; .NET CLR 3.0.04506.648; .NET CLR 3.5.21022)" "-"
119.130.187.39 - - [29/Jul/2015:16:17:49 +0800] "POST /admin/remind/newOrderRemind HTTP/1.1" 200 2 "http://www.sinbad.com.cn/login" "Mozilla/5.0 (Windows NT 6.3; WOW64) AppleWebKit/537.36 (KHTML, like Gecko) Chrome/38.0.2125.122 Safari/537.36" "-"
121.12.173.20 - - [29/Jul/2015:16:17:49 +0800] "GET /js/global.js HTTP/1.1" 200 4857 "http://www.sinbad.com.cn/hotel/hotelId77.html" "Mozilla/4.0 (compatible; MSIE 7.0; Windows NT 5.1; SV1; .NET CLR 1.1.4322; .NET CLR 2.0.50727; .NET CLR 3.0.04506.648; .NET CLR 3.5.21022)" "-"
220.181.108.177 - - [29/Jul/2015:16:17:51 +0800] "GET /destination4369/activity.html HTTP/1.1" 200 7252 "-" "Mozilla/5.0 (compatible; Baiduspider/2.0; +http://www.baidu.com/search/spider.html)" "-"
113.67.132.125 - - [29/Jul/2015:16:17:52 +0800] "GET /static/upload/images/2014-07-30/ddcbbc8b-af64-4d8d-9b2a-486f3415331f.jpg HTTP/1.1" 200 89817 "http://www.sinbad.com.cn/route/routeId592.html" "Mozilla/5.0 (Windows NT 6.1; WOW64) AppleWebKit/537.36 (KHTML, like Gecko) Chrome/42.0.2311.152 Safari/537.36" "-"
119.130.187.39 - - [29/Jul/2015:16:17:52 +0800] "POST /admin/remind/newOrderRemind HTTP/1.1" 200 2 "http://www.sinbad.com.cn/login" "Mozilla/5.0 (Windows NT 6.1) AppleWebKit/537.36 (KHTML, like Gecko) Chrome/44.0.2403.89 Safari/537.36" "-"
113.215.2.41 - - [29/Jul/2015:16:17:52 +0800] "GET /static/upload/images/2014-05-19/c182f671-6499-4fab-bdf1-5f9075bb9fb9.jpg HTTP/1.1" 200 586928 "http://m.baidu.com/from=1010541d/pu=sz%401320_1002/s?word=%E4%BA%9A%E7%89%B9%E5%85%B0%E8%92%82%E6%96%AF%E9%85%92%E5%BA%97&rq=%E5%93%88%E5%88%A9%E6%B3%95%E5%A1%94&sa=brs_6" "Mozilla/5.0 (Linux; U; Android 5.0.1; zh-cn; SM-N9109W Build/LRX22C) AppleWebKit/537.36 (KHTML, like Gecko)Version/4.0 MQQBrowser/6.0 Mobile Safari/537.36" "-"
113.67.132.125 - - [29/Jul/2015:16:17:53 +0800] "GET /static/upload/images/2015-07-22/00407fcd-7eb3-4397-8dab-d82a41d4179c.jpg HTTP/1.1" 200 373567 "http://www.sinbad.com.cn/route/routeId592.html" "Mozilla/5.0 (Windows NT 6.1; WOW64) AppleWebKit/537.36 (KHTML, like Gecko) Chrome/42.0.2311.152 Safari/537.36" "-"
113.67.132.125 - - [29/Jul/2015:16:17:55 +0800] "POST /admin/remind/newOrderRemind HTTP/1.1" 200 2 "http://www.sinbad.com.cn/login" "Mozilla/5.0 (Windows NT 6.1; WOW64) AppleWebKit/537.36 (KHTML, like Gecko) Chrome/43.0.2357.134 Safari/537.36" "-"
119.130.187.39 - - [29/Jul/2015:16:17:55 +0800] "POST /admin/remind/newOrderRemind HTTP/1.0" 200 2 "http://www.sinbad.com.cn/login" "Mozilla/5.0 (Windows NT 6.1; WOW64) AppleWebKit/537.36 (KHTML, like Gecko) Chrome/39.0.2171.99 Safari/537.36 LBBROWSER" "-"
113.67.132.125 - - [29/Jul/2015:16:17:55 +0800] "GET /static/upload/images/2015-04-07/25093fa1-84b5-46e0-a8ed-f829ebea04f4.jpg HTTP/1.1" 200 503030 "http://www.sinbad.com.cn/route/routeId592.html" "Mozilla/5.0 (Windows NT 6.1; WOW64) AppleWebKit/537.36 (KHTML, like Gecko) Chrome/42.0.2311.152 Safari/537.36" "-"
60.26.203.49 - - [29/Jul/2015:16:17:56 +0800] "GET /css/detail.css HTTP/1.1" 200 5461 "http://www.sinbad.com.cn/routeDetail?routeId=326" "Mozilla/4.0 (compatible; MSIE 10.0; Windows NT 6.1; SV1; 360SE)" "-"
60.26.203.49 - - [29/Jul/2015:16:17:56 +0800] "GET /routeDetail?routeId=326 HTTP/1.1" 200 42829 "http://www.sinbad.com.cn/activity?page=expo2015" "Mozilla/4.0 (compatible; MSIE 10.0; Windows NT 6.1; SV1; 360SE)" "-"
220.181.108.140 - - [29/Jul/2015:16:17:57 +0800] "POST /gotoSpotComment HTTP/1.1" 200 305 "http://www.sinbad.com.cn/destination4369/activity.html" "Mozilla/5.0 (compatible; Baiduspider/2.0; +http://www.baidu.com/search/spider.html)" "-"
23.91.97.32 - - [29/Jul/2015:16:17:57 +0800] "POST /admin/remind/newOrderRemind HTTP/1.1" 200 153 "http://www.sinbad.com.cn/login" "Mozilla/5.0 (Windows NT 6.1) AppleWebKit/537.36 (KHTML, like Gecko) Chrome/43.0.2357.134 Safari/537.36" "-"
119.130.187.39 - - [29/Jul/2015:16:18:01 +0800] "POST /admin/remind/newOrderRemind HTTP/1.1" 200 2 "http://www.sinbad.com.cn/login" "Mozilla/5.0 (Windows NT 6.3; WOW64) AppleWebKit/537.36 (KHTML, like Gecko) Chrome/31.0.1650.63 Safari/537.36" "-"
23.91.97.32 - - [29/Jul/2015:16:18:04 +0800] "POST /admin/remind/newOrderRemind HTTP/1.1" 200 153 "http://www.sinbad.com.cn/login" "Mozilla/5.0 (Windows NT 6.3; WOW64) AppleWebKit/537.36 (KHTML, like Gecko) Chrome/44.0.2403.107 Safari/537.36" "-"
113.96.88.57 - - [29/Jul/2015:16:18:04 +0800] "POST /admin/remind/newOrderRemind HTTP/1.1" 200 2 "http://www.sinbad.com.cn/login" "Mozilla/5.0 (Windows NT 6.3; WOW64) AppleWebKit/537.36 (KHTML, like Gecko) Chrome/43.0.2357.134 Safari/537.36" "-"
119.130.187.39 - - [29/Jul/2015:16:18:05 +0800] "POST /admin/remind/newOrderRemind HTTP/1.1" 200 2 "http://www.sinbad.com.cn/login" "Mozilla/5.0 (Windows NT 6.3; WOW64) AppleWebKit/537.36 (KHTML, like Gecko) Chrome/43.0.2357.130 Safari/537.36" "-"
113.67.132.125 - - [29/Jul/2015:16:18:06 +0800] "POST /admin/remind/newOrderRemind HTTP/1.1" 200 2 "http://www.sinbad.com.cn/login" "Mozilla/5.0 (Windows NT 6.1; WOW64) AppleWebKit/537.36 (KHTML, like Gecko) Chrome/43.0.2357.134 Safari/537.36" "-"
113.67.132.125 - - [29/Jul/2015:16:18:06 +0800] "POST /admin/remind/newOrderRemind HTTP/1.1" 200 153 "http://www.sinbad.com.cn/login" "Mozilla/5.0 (Windows NT 6.1; WOW64) AppleWebKit/537.36 (KHTML, like Gecko) Chrome/45.0.2427.7 Safari/537.36" "-"
119.130.187.39 - - [29/Jul/2015:16:18:06 +0800] "POST /admin/remind/newOrderRemind HTTP/1.1" 200 2 "http://www.sinbad.com.cn/login#rel0007-3" "Mozilla/4.0 (compatible; MSIE 7.0; Windows NT 5.1; Trident/4.0; .NET CLR 2.0.50727; .NET CLR 3.0.4506.2152; .NET CLR 3.5.30729)" "-"
119.130.187.39 - - [29/Jul/2015:16:18:07 +0800] "POST /admin/remind/newOrderRemind HTTP/1.1" 200 2 "http://www.sinbad.com.cn/login" "Mozilla/5.0 (Windows NT 6.3; WOW64) AppleWebKit/537.36 (KHTML, like Gecko) Chrome/43.0.2357.81 Safari/537.36" "-"
119.130.187.39 - - [29/Jul/2015:16:18:08 +0800] "POST /admin/remind/newOrderRemind HTTP/1.1" 200 2 "http://www.sinbad.com.cn/login" "Mozilla/5.0 (Windows NT 6.1; WOW64) AppleWebKit/537.36 (KHTML, like Gecko) Chrome/41.0.2272.118 Safari/537.36" "-"
113.67.132.125 - - [29/Jul/2015:16:18:08 +0800] "GET /route/routeId585.html HTTP/1.1" 200 25364 "-" "Mozilla/5.0 (Windows NT 6.1; WOW64) AppleWebKit/537.36 (KHTML, like Gecko) Chrome/42.0.2311.152 Safari/537.36" "-"
23.91.97.32 - - [29/Jul/2015:16:18:08 +0800] "POST /admin/base/baseRoute/newSaveRoute HTTP/1.1" 200 7205 "http://www.sinbad.com.cn/login" "Mozilla/5.0 (Windows NT 6.3; WOW64) AppleWebKit/537.36 (KHTML, like Gecko) Chrome/44.0.2403.107 Safari/537.36" "-"
220.181.108.140 - - [29/Jul/2015:16:18:09 +0800] "GET /destination/4480/food.html HTTP/1.1" 200 7083 "-" "Mozilla/5.0 (compatible; Baiduspider/2.0; +http://www.baidu.com/search/spider.html)" "-"
113.67.132.125 - - [29/Jul/2015:16:18:09 +0800] "GET /static/upload/images/2015-03-05/a1625dd4-c278-4cfa-8da9-ba2c18589204.jpg HTTP/1.1" 200 167924 "http://www.sinbad.com.cn/route/routeId585.html" "Mozilla/5.0 (Windows NT 6.1; WOW64) AppleWebKit/537.36 (KHTML, like Gecko) Chrome/42.0.2311.152 Safari/537.36" "-"
66.249.67.76 - - [29/Jul/2015:16:18:09 +0800] "GET /static/upload/activity/ruishi/ruishi-jd36-285x200.jpg HTTP/1.1" 200 11356 "-" "Googlebot-Image/1.0" "-"
113.67.132.125 - - [29/Jul/2015:16:18:11 +0800] "GET /static/upload/images/2015-03-05/2cb67435-1a63-4147-982b-a094698d8ef4.jpg HTTP/1.1" 200 520949 "http://www.sinbad.com.cn/route/routeId585.html" "Mozilla/5.0 (Windows NT 6.1; WOW64) AppleWebKit/537.36 (KHTML, like Gecko) Chrome/42.0.2311.152 Safari/537.36" "-"
119.130.187.39 - - [29/Jul/2015:16:18:12 +0800] "POST /admin/remind/newOrderRemind HTTP/1.1" 200 2 "http://www.sinbad.com.cn/login" "Mozilla/5.0 (Windows NT 6.1; WOW64) AppleWebKit/537.36 (KHTML, like Gecko) Chrome/31.0.1650.63 Safari/537.36" "-"
113.67.132.125 - - [29/Jul/2015:16:18:12 +0800] "GET /static/upload/images/2015-03-05/18a35d22-9743-447e-a4be-8fa4d3a9f40f.jpg HTTP/1.1" 200 229988 "http://www.sinbad.com.cn/route/routeId585.html" "Mozilla/5.0 (Windows NT 6.1; WOW64) AppleWebKit/537.36 (KHTML, like Gecko) Chrome/42.0.2311.152 Safari/537.36" "-"
119.130.187.39 - - [29/Jul/2015:16:18:12 +0800] "POST /admin/remind/newOrderRemind HTTP/1.1" 200 2 "http://www.sinbad.com.cn/login#_blank" "Mozilla/4.0 (compatible; MSIE 7.0; Windows NT 6.3; WOW64; Trident/7.0; .NET4.0E; .NET4.0C; Tablet PC 2.0; .NET CLR 3.5.30729; .NET CLR 2.0.50727; .NET CLR 3.0.30729; InfoPath.2; GWX:QUALIFIED; LCJB)" "-"
113.67.132.125 - - [29/Jul/2015:16:18:13 +0800] "GET /static/upload/images/2015-03-05/f76d6c91-387f-4be9-be32-ac087e67f4b4.jpg HTTP/1.1" 200 415759 "http://www.sinbad.com.cn/route/routeId585.html" "Mozilla/5.0 (Windows NT 6.1; WOW64) AppleWebKit/537.36 (KHTML, like Gecko) Chrome/42.0.2311.152 Safari/537.36" "-"
113.67.132.125 - - [29/Jul/2015:16:18:13 +0800] "GET /static/upload/images/2015-03-05/af1b62f7-66f0-4a86-a571-544c21628b86.jpg HTTP/1.1" 200 415112 "http://www.sinbad.com.cn/route/routeId585.html" "Mozilla/5.0 (Windows NT 6.1; WOW64) AppleWebKit/537.36 (KHTML, like Gecko) Chrome/42.0.2311.152 Safari/537.36" "-"
113.67.132.125 - - [29/Jul/2015:16:18:13 +0800] "GET /static/upload/images/2015-03-05/a886867d-fb4b-42d7-ab3a-729cb3ec7c7a.jpg HTTP/1.1" 200 713641 "http://www.sinbad.com.cn/route/routeId585.html" "Mozilla/5.0 (Windows NT 6.1; WOW64) AppleWebKit/537.36 (KHTML, like Gecko) Chrome/42.0.2311.152 Safari/537.36" "-"
14.192.213.133 - - [29/Jul/2015:16:18:13 +0800] "GET /static/upload/images/2014-09-24/32ab771b-fa8c-41d0-9035-20bdb63f95b7.jpg HTTP/1.1" 200 62116 "http://www.sinbad.com.cn/route/routeId85.html" "Mozilla/5.0 (Macintosh; Intel Mac OS X 10_10_3) AppleWebKit/600.5.17 (KHTML, like Gecko) Version/8.0.5 Safari/600.5.17" "-"
113.67.132.125 - - [29/Jul/2015:16:18:14 +0800] "GET /static/upload/images/2015-03-05/adb3b784-0818-4fa5-a13d-f14b499e51b4.jpg HTTP/1.1" 200 467073 "http://www.sinbad.com.cn/route/routeId585.html" "Mozilla/5.0 (Windows NT 6.1; WOW64) AppleWebKit/537.36 (KHTML, like Gecko) Chrome/42.0.2311.152 Safari/537.36" "-"
119.130.187.39 - - [29/Jul/2015:16:18:15 +0800] "POST /admin/remind/newOrderRemind HTTP/1.1" 200 2 "http://www.sinbad.com.cn/login" "Mozilla/5.0 (Windows NT 6.3; WOW64) AppleWebKit/537.36 (KHTML, like Gecko) Chrome/38.0.2125.122 Safari/537.36" "-"
113.67.132.125 - - [29/Jul/2015:16:18:15 +0800] "GET /static/upload/images/2015-03-05/47b4159a-bdae-487a-a884-da0d3cf9b9eb.jpg HTTP/1.1" 200 499308 "http://www.sinbad.com.cn/route/routeId585.html" "Mozilla/5.0 (Windows NT 6.1; WOW64) AppleWebKit/537.36 (KHTML, like Gecko) Chrome/42.0.2311.152 Safari/537.36" "-"
113.67.132.125 - - [29/Jul/2015:16:18:17 +0800] "GET /static/upload/images/2014-10-23/d2f1dee6-3346-407b-bf32-73ed0eb3a020.jpg HTTP/1.1" 200 436763 "http://www.sinbad.com.cn/route/routeId585.html" "Mozilla/5.0 (Windows NT 6.1; WOW64) AppleWebKit/537.36 (KHTML, like Gecko) Chrome/42.0.2311.152 Safari/537.36" "-"
119.130.187.39 - - [29/Jul/2015:16:18:17 +0800] "POST /admin/remind/newOrderRemind HTTP/1.1" 200 2 "http://www.sinbad.com.cn/login" "Mozilla/5.0 (Windows NT 6.1) AppleWebKit/537.36 (KHTML, like Gecko) Chrome/44.0.2403.89 Safari/537.36" "-"
113.67.132.125 - - [29/Jul/2015:16:18:18 +0800] "GET /static/upload/images/2014-10-23/0c2febbb-8fcb-40b7-a8d1-edad4ae3360b.jpg HTTP/1.1" 200 402444 "http://www.sinbad.com.cn/route/routeId585.html" "Mozilla/5.0 (Windows NT 6.1; WOW64) AppleWebKit/537.36 (KHTML, like Gecko) Chrome/42.0.2311.152 Safari/537.36" "-"
114.241.189.81 - - [29/Jul/2015:16:18:18 +0800] "GET /static/upload/images/2014-09-03/7603f281-d358-487b-b386-7904f67e61c2.jpg HTTP/1.1" 200 389030 "http://image.baidu.com/search/detail?ct=503316480&z=0&ipn=d&word=%E6%99%AE%E5%90%89%E5%B2%9B%E4%BA%BA%E5%A6%96%E8%A1%A8%E6%BC%94&pn=3&spn=0&di=79976019090&pi=&rn=1&tn=baiduimagedetail&ie=utf-8&oe=utf-8&cl=2&lm=-1&cs=1310074872%2C3915675068&os=4151985822%2C3307864022&adpicid=0&ln=21&fr=ala&sme=&cg=&bdtype=0&objurl=http%3A%2F%2Fimg1.lotour.net%2FNews%2F201412%2F201412181130063589625_min.jpg&fromurl=ippr_z2C%24qAzdH3FAzdH3Fooo_z%26e3Bs5p576_z%26e3Bv54AzdH3Fv_gjofAzdH3Frw2jAzdH3Fa8AzdH3F8dcmbcn_z%26e3Bfip4s&gsm=0" "Mozilla/5.0 (Windows NT 6.1; Trident/7.0; rv:11.0) like Gecko" "-"
113.67.132.125 - - [29/Jul/2015:16:18:18 +0800] "GET /static/upload/images/2014-10-23/94e92aae-afc4-4b74-b8d9-fbc9c53b88a1.jpg HTTP/1.1" 200 330780 "http://www.sinbad.com.cn/route/routeId585.html" "Mozilla/5.0 (Windows NT 6.1; WOW64) AppleWebKit/537.36 (KHTML, like Gecko) Chrome/42.0.2311.152 Safari/537.36" "-"
113.67.132.125 - - [29/Jul/2015:16:18:19 +0800] "GET /static/upload/images/2015-03-05/87a982c8-6e3f-4a48-9dde-780b98387c3f.jpg HTTP/1.1" 200 233049 "http://www.sinbad.com.cn/route/routeId585.html" "Mozilla/5.0 (Windows NT 6.1; WOW64) AppleWebKit/537.36 (KHTML, like Gecko) Chrome/42.0.2311.152 Safari/537.36" "-"
113.67.132.125 - - [29/Jul/2015:16:18:19 +0800] "GET /static/upload/images/2014-10-23/dbce1be2-b8c5-4b57-8eab-9489a331e2c1.jpg HTTP/1.1" 200 537487 "http://www.sinbad.com.cn/route/routeId585.html" "Mozilla/5.0 (Windows NT 6.1; WOW64) AppleWebKit/537.36 (KHTML, like Gecko) Chrome/42.0.2311.152 Safari/537.36" "-"
113.67.132.125 - - [29/Jul/2015:16:18:19 +0800] "GET /static/upload/images/2014-10-23/a9303278-8517-45bb-9aba-dce623da3e2e.jpg HTTP/1.1" 200 431850 "http://www.sinbad.com.cn/route/routeId585.html" "Mozilla/5.0 (Windows NT 6.1; WOW64) AppleWebKit/537.36 (KHTML, like Gecko) Chrome/42.0.2311.152 Safari/537.36" "-"
113.67.132.125 - - [29/Jul/2015:16:18:19 +0800] "GET /static/upload/images/2014-10-23/7251d695-3a2e-4aba-9ce0-e02e49099ca4.jpg HTTP/1.1" 200 423334 "http://www.sinbad.com.cn/route/routeId585.html" "Mozilla/5.0 (Windows NT 6.1; WOW64) AppleWebKit/537.36 (KHTML, like Gecko) Chrome/42.0.2311.152 Safari/537.36" "-"
113.67.132.125 - - [29/Jul/2015:16:18:20 +0800] "POST /admin/remind/newOrderRemind HTTP/1.1" 200 2 "http://www.sinbad.com.cn/login" "Mozilla/5.0 (Windows NT 6.1; WOW64) AppleWebKit/537.36 (KHTML, like Gecko) Chrome/43.0.2357.134 Safari/537.36" "-"
119.130.187.39 - - [29/Jul/2015:16:18:21 +0800] "POST /admin/remind/newOrderRemind HTTP/1.0" 200 2 "http://www.sinbad.com.cn/login" "Mozilla/5.0 (Windows NT 6.1; WOW64) AppleWebKit/537.36 (KHTML, like Gecko) Chrome/39.0.2171.99 Safari/537.36 LBBROWSER" "-"
113.67.132.125 - - [29/Jul/2015:16:18:23 +0800] "GET /static/upload/images/2014-10-23/ccaa915d-46d8-4d62-a5c4-7e5eba5bc803.jpg HTTP/1.1" 200 383420 "http://www.sinbad.com.cn/route/routeId585.html" "Mozilla/5.0 (Windows NT 6.1; WOW64) AppleWebKit/537.36 (KHTML, like Gecko) Chrome/42.0.2311.152 Safari/537.36" "-"
113.67.132.125 - - [29/Jul/2015:16:18:23 +0800] "GET /static/upload/images/2014-10-23/3b823c1e-e6f3-4e96-a85d-67e82d9904e7.jpeg HTTP/1.1" 200 670737 "http://www.sinbad.com.cn/route/routeId585.html" "Mozilla/5.0 (Windows NT 6.1; WOW64) AppleWebKit/537.36 (KHTML, like Gecko) Chrome/42.0.2311.152 Safari/537.36" "-"
23.91.97.32 - - [29/Jul/2015:16:18:23 +0800] "POST /admin/remind/newOrderRemind HTTP/1.1" 200 153 "http://www.sinbad.com.cn/login" "Mozilla/5.0 (Windows NT 6.1) AppleWebKit/537.36 (KHTML, like Gecko) Chrome/43.0.2357.134 Safari/537.36" "-"
113.67.132.125 - - [29/Jul/2015:16:18:24 +0800] "GET /static/upload/images/2014-10-23/fa305df1-a62a-48d3-9e73-f2bbffbae195.jpeg HTTP/1.1" 200 381934 "http://www.sinbad.com.cn/route/routeId585.html" "Mozilla/5.0 (Windows NT 6.1; WOW64) AppleWebKit/537.36 (KHTML, like Gecko) Chrome/42.0.2311.152 Safari/537.36" "-"
113.67.132.125 - - [29/Jul/2015:16:18:24 +0800] "GET /static/upload/images/2014-10-23/fa37d93b-e0a7-449f-a964-06a038c8d11d.jpeg HTTP/1.1" 200 394080 "http://www.sinbad.com.cn/route/routeId585.html" "Mozilla/5.0 (Windows NT 6.1; WOW64) AppleWebKit/537.36 (KHTML, like Gecko) Chrome/42.0.2311.152 Safari/537.36" "-"
113.67.132.125 - - [29/Jul/2015:16:18:24 +0800] "GET /static/upload/images/2014-10-23/b8bfee44-0e3f-48a5-92b1-3f2af32db411.jpeg HTTP/1.1" 200 645944 "http://www.sinbad.com.cn/route/routeId585.html" "Mozilla/5.0 (Windows NT 6.1; WOW64) AppleWebKit/537.36 (KHTML, like Gecko) Chrome/42.0.2311.152 Safari/537.36" "-"
113.67.132.125 - - [29/Jul/2015:16:18:25 +0800] "GET /static/upload/images/2014-10-23/34dd19bc-6845-4448-876c-4ca5be94c9cd.jpg HTTP/1.1" 200 539272 "http://www.sinbad.com.cn/route/routeId585.html" "Mozilla/5.0 (Windows NT 6.1; WOW64) AppleWebKit/537.36 (KHTML, like Gecko) Chrome/42.0.2311.152 Safari/537.36" "-"
119.130.187.39 - - [29/Jul/2015:16:18:26 +0800] "POST /admin/remind/newOrderRemind HTTP/1.1" 200 2 "http://www.sinbad.com.cn/login" "Mozilla/5.0 (Windows NT 6.3; WOW64) AppleWebKit/537.36 (KHTML, like Gecko) Chrome/31.0.1650.63 Safari/537.36" "-"
113.67.132.125 - - [29/Jul/2015:16:18:27 +0800] "GET /static/upload/images/2014-10-23/8393bcb8-df9d-48ea-85f6-4ae804648e8a.jpeg HTTP/1.1" 200 316736 "http://www.sinbad.com.cn/route/routeId585.html" "Mozilla/5.0 (Windows NT 6.1; WOW64) AppleWebKit/537.36 (KHTML, like Gecko) Chrome/42.0.2311.152 Safari/537.36" "-"
113.67.132.125 - - [29/Jul/2015:16:18:27 +0800] "GET /static/upload/images/2015-03-05/cd85ea7c-2a53-41ff-b025-ce544c3e5e11.jpg HTTP/1.1" 200 264966 "http://www.sinbad.com.cn/route/routeId585.html" "Mozilla/5.0 (Windows NT 6.1; WOW64) AppleWebKit/537.36 (KHTML, like Gecko) Chrome/42.0.2311.152 Safari/537.36" "-"
113.67.132.125 - - [29/Jul/2015:16:18:27 +0800] "GET /static/upload/images/2014-10-23/dbdd6999-3ea6-4f46-9f4c-13b679f29719.jpg HTTP/1.1" 200 394885 "http://www.sinbad.com.cn/route/routeId585.html" "Mozilla/5.0 (Windows NT 6.1; WOW64) AppleWebKit/537.36 (KHTML, like Gecko) Chrome/42.0.2311.152 Safari/537.36" "-"
113.67.132.125 - - [29/Jul/2015:16:18:28 +0800] "GET /static/upload/images/2014-10-23/ace5fc41-d3e4-43f9-a4de-bee65fb59681.jpg HTTP/1.1" 200 475625 "http://www.sinbad.com.cn/route/routeId585.html" "Mozilla/5.0 (Windows NT 6.1; WOW64) AppleWebKit/537.36 (KHTML, like Gecko) Chrome/42.0.2311.152 Safari/537.36" "-"
113.67.132.125 - - [29/Jul/2015:16:18:29 +0800] "GET /static/upload/images/2015-03-05/d5ab12d6-1f81-40f0-909a-d21447c85a03.jpg HTTP/1.1" 200 384175 "http://www.sinbad.com.cn/route/routeId585.html" "Mozilla/5.0 (Windows NT 6.1; WOW64) AppleWebKit/537.36 (KHTML, like Gecko) Chrome/42.0.2311.152 Safari/537.36" "-"
113.96.88.57 - - [29/Jul/2015:16:18:29 +0800] "POST /admin/remind/newOrderRemind HTTP/1.1" 200 2 "http://www.sinbad.com.cn/login" "Mozilla/5.0 (Windows NT 6.3; WOW64) AppleWebKit/537.36 (KHTML, like Gecko) Chrome/43.0.2357.134 Safari/537.36" "-"
23.91.97.32 - - [29/Jul/2015:16:18:30 +0800] "POST /admin/remind/newOrderRemind HTTP/1.1" 200 153 "http://www.sinbad.com.cn/login" "Mozilla/5.0 (Windows NT 6.3; WOW64) AppleWebKit/537.36 (KHTML, like Gecko) Chrome/44.0.2403.107 Safari/537.36" "-"
119.130.187.39 - - [29/Jul/2015:16:18:30 +0800] "POST /admin/remind/newOrderRemind HTTP/1.1" 200 2 "http://www.sinbad.com.cn/login" "Mozilla/5.0 (Windows NT 6.3; WOW64) AppleWebKit/537.36 (KHTML, like Gecko) Chrome/43.0.2357.130 Safari/537.36" "-"
113.67.132.125 - - [29/Jul/2015:16:18:30 +0800] "GET /static/upload/images/2014-10-23/807780de-b3f6-458b-9b66-088b6c429360.jpg HTTP/1.1" 200 374810 "http://www.sinbad.com.cn/route/routeId585.html" "Mozilla/5.0 (Windows NT 6.1; WOW64) AppleWebKit/537.36 (KHTML, like Gecko) Chrome/42.0.2311.152 Safari/537.36" "-"
113.67.132.125 - - [29/Jul/2015:16:18:31 +0800] "GET /static/upload/images/2015-03-05/263d9f48-1556-4822-ada9-703c2ed2a764.jpg HTTP/1.1" 200 370960 "http://www.sinbad.com.cn/route/routeId585.html" "Mozilla/5.0 (Windows NT 6.1; WOW64) AppleWebKit/537.36 (KHTML, like Gecko) Chrome/42.0.2311.152 Safari/537.36" "-"
119.130.187.39 - - [29/Jul/2015:16:18:31 +0800] "POST /admin/remind/newOrderRemind HTTP/1.1" 200 2 "http://www.sinbad.com.cn/login#rel0007-3" "Mozilla/4.0 (compatible; MSIE 7.0; Windows NT 5.1; Trident/4.0; .NET CLR 2.0.50727; .NET CLR 3.0.4506.2152; .NET CLR 3.5.30729)" "-"
113.67.132.125 - - [29/Jul/2015:16:18:32 +0800] "POST /admin/remind/newOrderRemind HTTP/1.1" 200 2 "http://www.sinbad.com.cn/login" "Mozilla/5.0 (Windows NT 6.1; WOW64) AppleWebKit/537.36 (KHTML, like Gecko) Chrome/43.0.2357.134 Safari/537.36" "-"
119.130.187.39 - - [29/Jul/2015:16:18:32 +0800] "POST /admin/remind/newOrderRemind HTTP/1.1" 200 2 "http://www.sinbad.com.cn/login" "Mozilla/5.0 (Windows NT 6.3; WOW64) AppleWebKit/537.36 (KHTML, like Gecko) Chrome/43.0.2357.81 Safari/537.36" "-"
113.67.132.125 - - [29/Jul/2015:16:18:32 +0800] "POST /admin/remind/newOrderRemind HTTP/1.1" 200 153 "http://www.sinbad.com.cn/login" "Mozilla/5.0 (Windows NT 6.1; WOW64) AppleWebKit/537.36 (KHTML, like Gecko) Chrome/45.0.2427.7 Safari/537.36" "-"
113.67.132.125 - - [29/Jul/2015:16:18:33 +0800] "GET /static/upload/images/2015-03-05/7d93936e-4225-4727-981e-6d8e2c114901.jpg HTTP/1.1" 200 398821 "http://www.sinbad.com.cn/route/routeId585.html" "Mozilla/5.0 (Windows NT 6.1; WOW64) AppleWebKit/537.36 (KHTML, like Gecko) Chrome/42.0.2311.152 Safari/537.36" "-"
119.130.187.39 - - [29/Jul/2015:16:18:33 +0800] "POST /admin/remind/newOrderRemind HTTP/1.1" 200 2 "http://www.sinbad.com.cn/login" "Mozilla/5.0 (Windows NT 6.1; WOW64) AppleWebKit/537.36 (KHTML, like Gecko) Chrome/41.0.2272.118 Safari/537.36" "-"
120.33.104.41 - - [29/Jul/2015:16:18:33 +0800] "GET /static/upload/activity/detailpicms/aodili-sm1.jpg HTTP/1.1" 200 7011 "http://image.baidu.com/search/detail?ct=503316480&z=0&ipn=d&word=%E6%B2%99%E6%B2%B3%E8%9B%8B%E7%B3%95&step_word=&pn=8&di=158291812580&rn=1&tn=baiduimagedetail&is=0%2C0&istype=0&ie=utf-8&oe=utf-8&in=&cl=2&lm=-1&st=undefined&cs=1934684860%2C386235860&os=1714802172%2C2271655379&ln=1978&fr=ala&fmq=1438157882317_R&ic=undefined&s=undefined&se=&sme=&tab=0&width=&height=&face=undefined&ist=&jit=&cg=&objurl=http%3A%2F%2Fimg1.gtimg.com%2Fhenan%2Fpics%2Fhv1%2F101%2F47%2F1236%2F80382986.jpg&gsm=3c" "Mozilla/5.0 (Windows NT 5.1) AppleWebKit/537.36 (KHTML, like Gecko) Chrome/38.0.2125.122 Safari/537.36 SE 2.X MetaSr 1.0" "-"
113.67.132.125 - - [29/Jul/2015:16:18:34 +0800] "GET /static/upload/images/2015-03-05/2cd2e3b4-d316-4d2e-bf53-c098550ad14b.jpg HTTP/1.1" 200 451628 "http://www.sinbad.com.cn/route/routeId585.html" "Mozilla/5.0 (Windows NT 6.1; WOW64) AppleWebKit/537.36 (KHTML, like Gecko) Chrome/42.0.2311.152 Safari/537.36" "-"
183.233.149.185 - - [29/Jul/2015:16:18:34 +0800] "GET /static/upload/images/2014-09-04/1ae8288a-e7e3-4c4a-9daf-4d4c43e09cb0.jpg HTTP/1.1" 200 190970 "http://image.baidu.com/search/detail?ct=503316480&z=0&ipn=d&word=%E8%83%A1%E5%BF%97%E6%98%8E%E7%BE%8E%E6%9C%AF%E9%A6%86&step_word=&pn=9&spn=0&di=59644509870&pi=&rn=1&tn=baiduimagedetail&is=0%2C0&istype=0&ie=utf-8&oe=utf-8&in=&cl=2&lm=-1&st=-1&cs=410366475%2C301588014&os=4065324569%2C1386901130&adpicid=0&ln=1993&fr=&fmq=1438158042505_R&ic=0&s=undefined&se=&sme=&tab=0&width=&height=&face=undefined&ist=&jit=&cg=&bdtype=0&objurl=http%3A%2F%2Fhiphotos.baidu.com%2Flvpics%2Fpic%2Fitem%2Fd478a800e8084feee850cdc2.jpg&fromurl=ippr_z2C%24qAzdH3FAzdH3Fsey57_z%26e3Bkwt17_z%26e3Bv54AzdH3Fi7zit4tg2k5o727wgAzdH3Fojgi7wAzdH3F&gsm=0" "Mozilla/5.0 (Macintosh; Intel Mac OS X 10_10_3) AppleWebKit/537.36 (KHTML, like Gecko) Chrome/42.0.2311.135 Safari/537.36" "-"
113.67.132.125 - - [29/Jul/2015:16:18:34 +0800] "GET /static/upload/images/2015-03-05/780196cf-0732-4294-8c98-9999d55eb09b.jpg HTTP/1.1" 200 298228 "http://www.sinbad.com.cn/route/routeId585.html" "Mozilla/5.0 (Windows NT 6.1; WOW64) AppleWebKit/537.36 (KHTML, like Gecko) Chrome/42.0.2311.152 Safari/537.36" "-"
113.67.132.125 - - [29/Jul/2015:16:18:35 +0800] "GET /static/upload/images/2015-03-05/2e42b2f2-4a90-4099-9b27-a2d56dd00156.jpg HTTP/1.1" 200 304373 "http://www.sinbad.com.cn/route/routeId585.html" "Mozilla/5.0 (Windows NT 6.1; WOW64) AppleWebKit/537.36 (KHTML, like Gecko) Chrome/42.0.2311.152 Safari/537.36" "-"
113.67.132.125 - - [29/Jul/2015:16:18:36 +0800] "GET /static/upload/images/2015-03-05/57c64f1b-73a5-4f6e-8f1e-46b8a57f8335.jpg HTTP/1.1" 200 517757 "http://www.sinbad.com.cn/route/routeId585.html" "Mozilla/5.0 (Windows NT 6.1; WOW64) AppleWebKit/537.36 (KHTML, like Gecko) Chrome/42.0.2311.152 Safari/537.36" "-"
183.202.74.189 - - [29/Jul/2015:16:18:36 +0800] "GET /activity?page=longteng HTTP/1.1" 200 5906 "http://sinbad.com.cn/" "Mozilla/5.0 (compatible; MSIE 10.0; Windows NT 6.1; Trident/6.0)" "-"
183.202.74.189 - - [29/Jul/2015:16:18:36 +0800] "GET /css/global.css HTTP/1.1" 200 5546 "http://www.sinbad.com.cn/activity?page=longteng" "Mozilla/5.0 (compatible; MSIE 10.0; Windows NT 6.1; Trident/6.0)" "-"
183.202.74.189 - - [29/Jul/2015:16:18:36 +0800] "GET /css/longteng.css HTTP/1.1" 200 683 "http://www.sinbad.com.cn/activity?page=longteng" "Mozilla/5.0 (compatible; MSIE 10.0; Windows NT 6.1; Trident/6.0)" "-"
119.130.187.39 - - [29/Jul/2015:16:18:37 +0800] "POST /admin/remind/newOrderRemind HTTP/1.1" 200 2 "http://www.sinbad.com.cn/login" "Mozilla/5.0 (Windows NT 6.1; WOW64) AppleWebKit/537.36 (KHTML, like Gecko) Chrome/31.0.1650.63 Safari/537.36" "-"
183.202.74.189 - - [29/Jul/2015:16:18:37 +0800] "GET /js/jquery.js HTTP/1.1" 200 37209 "http://www.sinbad.com.cn/activity?page=longteng" "Mozilla/5.0 (compatible; MSIE 10.0; Windows NT 6.1; Trident/6.0)" "-"
119.130.187.39 - - [29/Jul/2015:16:18:38 +0800] "POST /admin/remind/newOrderRemind HTTP/1.1" 200 2 "http://www.sinbad.com.cn/login#_blank" "Mozilla/4.0 (compatible; MSIE 7.0; Windows NT 6.3; WOW64; Trident/7.0; .NET4.0E; .NET4.0C; Tablet PC 2.0; .NET CLR 3.5.30729; .NET CLR 2.0.50727; .NET CLR 3.0.30729; InfoPath.2; GWX:QUALIFIED; LCJB)" "-"
183.202.74.189 - - [29/Jul/2015:16:18:40 +0800] "GET /js/global.js HTTP/1.1" 200 4857 "http://www.sinbad.com.cn/activity?page=longteng" "Mozilla/5.0 (compatible; MSIE 10.0; Windows NT 6.1; Trident/6.0)" "-"
113.67.132.125 - - [29/Jul/2015:16:18:40 +0800] "GET /static/upload/images/2014-10-23/74ac95fe-2e42-40ef-927f-d97c94052a98.jpg HTTP/1.1" 200 565976 "http://www.sinbad.com.cn/route/routeId585.html" "Mozilla/5.0 (Windows NT 6.1; WOW64) AppleWebKit/537.36 (KHTML, like Gecko) Chrome/42.0.2311.152 Safari/537.36" "-"
61.150.11.102 - - [29/Jul/2015:16:18:40 +0800] "GET /static/upload/images/2015-01-26/77403a8b-e862-4057-baa5-46624d3936c5.jpg HTTP/1.1" 200 801836 "http://image.baidu.com/search/detail?ct=503316480&z=0&ipn=d&word=%E5%8D%9A%E5%8D%A1%E5%8C%BA&step_word=&pn=0&spn=0&di=179231171460&pi=&rn=1&tn=baiduimagedetail&is=0%2C0&istype=0&ie=utf-8&oe=utf-8&in=&cl=2&lm=-1&st=-1&cs=257873176%2C2290335469&os=2300468895%2C2452214841&adpicid=0&ln=1079&fr=&fmq=1438157720388_R&ic=0&s=undefined&se=&sme=&tab=0&width=&height=&face=undefined&ist=&jit=&cg=&bdtype=0&objurl=http%3A%2F%2Fi355.photobucket.com%2Falbums%2Fr471%2Fliangbo1999%2FAntarctica%2FL1050130.jpg&fromurl=ippr_z2C%24qAzdH3FAzdH3Fks52_z%26e3Bftgw_z%26e3Bv54_z%26e3BvgAzdH3FfAzdH3Fks52_9vl1nvm0a8adjagl_z%26e3Bip4s&gsm=0" "Mozilla/5.0 (Windows NT 6.1; WOW64) AppleWebKit/537.36 (KHTML, like Gecko) Chrome/31.0.1650.63 Safari/537.36" "-"
113.67.132.125 - - [29/Jul/2015:16:18:41 +0800] "GET /static/upload/images/2014-11-06/d5f377b9-4447-40cb-9ea9-777b8eacfb7e.jpg HTTP/1.1" 200 273136 "http://www.sinbad.com.cn/route/routeId585.html" "Mozilla/5.0 (Windows NT 6.1; WOW64) AppleWebKit/537.36 (KHTML, like Gecko) Chrome/42.0.2311.152 Safari/537.36" "-"
119.130.187.39 - - [29/Jul/2015:16:18:41 +0800] "POST /admin/remind/newOrderRemind HTTP/1.1" 200 2 "http://www.sinbad.com.cn/login" "Mozilla/5.0 (Windows NT 6.3; WOW64) AppleWebKit/537.36 (KHTML, like Gecko) Chrome/38.0.2125.122 Safari/537.36" "-"
119.130.187.39 - - [29/Jul/2015:16:18:42 +0800] "POST /admin/remind/newOrderRemind HTTP/1.1" 200 2 "http://www.sinbad.com.cn/login" "Mozilla/5.0 (Windows NT 6.1) AppleWebKit/537.36 (KHTML, like Gecko) Chrome/44.0.2403.89 Safari/537.36" "-"
113.67.132.125 - - [29/Jul/2015:16:18:43 +0800] "GET /static/upload/images/2014-11-06/5c119773-a8d3-434b-9e67-aecd3fe98c53.jpg HTTP/1.1" 200 251559 "http://www.sinbad.com.cn/route/routeId585.html" "Mozilla/5.0 (Windows NT 6.1; WOW64) AppleWebKit/537.36 (KHTML, like Gecko) Chrome/42.0.2311.152 Safari/537.36" "-"
113.67.132.125 - - [29/Jul/2015:16:18:44 +0800] "GET /static/upload/images/2015-03-05/95ecb89d-2b79-418e-85d9-afdd6d279539.jpg HTTP/1.1" 200 783757 "http://www.sinbad.com.cn/route/routeId585.html" "Mozilla/5.0 (Windows NT 6.1; WOW64) AppleWebKit/537.36 (KHTML, like Gecko) Chrome/42.0.2311.152 Safari/537.36" "-"
113.67.132.125 - - [29/Jul/2015:16:18:45 +0800] "GET /static/upload/images/2015-03-05/8dce317c-a173-48c6-834f-497c5168bd17.jpg HTTP/1.1" 200 896633 "http://www.sinbad.com.cn/route/routeId585.html" "Mozilla/5.0 (Windows NT 6.1; WOW64) AppleWebKit/537.36 (KHTML, like Gecko) Chrome/42.0.2311.152 Safari/537.36" "-"
113.67.132.125 - - [29/Jul/2015:16:18:45 +0800] "POST /admin/remind/newOrderRemind HTTP/1.1" 200 2 "http://www.sinbad.com.cn/login" "Mozilla/5.0 (Windows NT 6.1; WOW64) AppleWebKit/537.36 (KHTML, like Gecko) Chrome/43.0.2357.134 Safari/537.36" "-"
113.67.132.125 - - [29/Jul/2015:16:18:45 +0800] "GET /static/upload/images/2015-03-05/2acadd7e-53e5-4e6d-8d3a-6a8b9a921a54.jpg HTTP/1.1" 200 704666 "http://www.sinbad.com.cn/route/routeId585.html" "Mozilla/5.0 (Windows NT 6.1; WOW64) AppleWebKit/537.36 (KHTML, like Gecko) Chrome/42.0.2311.152 Safari/537.36" "-"
