119.130.187.39 - - [29/Jul/2015:16:14:16 +0800] "POST /admin/remind/newOrderRemind HTTP/1.1" 200 378 "http://www.sinbad.com.cn/login" "Mozilla/5.0 (Windows NT 6.3; WOW64) AppleWebKit/537.36 (KHTML, like Gecko) Chrome/31.0.1650.63 Safari/537.36" "-"
23.91.97.32 - - [29/Jul/2015:16:14:16 +0800] "POST /admin/remind/newOrderRemind HTTP/1.1" 200 153 "http://www.sinbad.com.cn/login" "Mozilla/5.0 (Windows NT 6.3; WOW64) AppleWebKit/537.36 (KHTML, like Gecko) Chrome/44.0.2403.107 Safari/537.36" "-"
119.130.187.39 - - [29/Jul/2015:16:14:16 +0800] "POST /admin/remind/newOrderRemind HTTP/1.1" 200 153 "http://www.sinbad.com.cn/login" "Mozilla/5.0 (Windows NT 5.1) AppleWebKit/537.36 (KHTML, like Gecko) Chrome/43.0.2357.124 Safari/537.36" "-"
113.67.132.125 - - [29/Jul/2015:16:14:19 +0800] "POST /admin/remind/newOrderRemind HTTP/1.1" 200 153 "http://www.sinbad.com.cn/login" "Mozilla/5.0 (Windows NT 6.1; WOW64) AppleWebKit/537.36 (KHTML, like Gecko) Chrome/45.0.2427.7 Safari/537.36" "-"
113.67.132.125 - - [29/Jul/2015:16:14:19 +0800] "GET /admin/member/member/list?rel=0007-1&_=1438157734230 HTTP/1.1" 200 5405 "http://www.sinbad.com.cn/login" "Mozilla/5.0 (Windows NT 6.1; WOW64) AppleWebKit/537.36 (KHTML, like Gecko) Chrome/43.0.2357.134 Safari/537.36" "-"
113.96.88.57 - - [29/Jul/2015:16:14:20 +0800] "POST /admin/remind/newOrderRemind HTTP/1.1" 200 378 "http://www.sinbad.com.cn/login" "Mozilla/5.0 (Windows NT 6.3; WOW64) AppleWebKit/537.36 (KHTML, like Gecko) Chrome/43.0.2357.134 Safari/537.36" "-"
119.130.187.39 - - [29/Jul/2015:16:14:20 +0800] "POST /admin/remind/newOrderRemind HTTP/1.1" 200 378 "http://www.sinbad.com.cn/login" "Mozilla/5.0 (Windows NT 6.3; WOW64) AppleWebKit/537.36 (KHTML, like Gecko) Chrome/43.0.2357.130 Safari/537.36" "-"
66.249.67.64 - - [29/Jul/2015:16:14:21 +0800] "GET /route/routeId409.html HTTP/1.1" 200 34757 "-" "Mozilla/5.0 (compatible; Googlebot/2.1; +http://www.google.com/bot.html)" "-"
119.130.187.39 - - [29/Jul/2015:16:14:21 +0800] "POST /admin/remind/newOrderRemind HTTP/1.1" 200 378 "http://www.sinbad.com.cn/login" "Mozilla/5.0 (Windows NT 6.1; WOW64) AppleWebKit/537.36 (KHTML, like Gecko) Chrome/41.0.2272.118 Safari/537.36" "-"
119.130.187.39 - - [29/Jul/2015:16:14:21 +0800] "POST /admin/remind/newOrderRemind HTTP/1.1" 200 378 "http://www.sinbad.com.cn/login#rel0007-3" "Mozilla/4.0 (compatible; MSIE 7.0; Windows NT 5.1; Trident/4.0; .NET CLR 2.0.50727; .NET CLR 3.0.4506.2152; .NET CLR 3.5.30729)" "-"
119.130.187.39 - - [29/Jul/2015:16:14:22 +0800] "POST /admin/remind/newOrderRemind HTTP/1.1" 200 378 "http://www.sinbad.com.cn/login" "Mozilla/5.0 (Windows NT 6.3; WOW64) AppleWebKit/537.36 (KHTML, like Gecko) Chrome/43.0.2357.81 Safari/537.36" "-"
112.66.75.247 - - [29/Jul/2015:16:14:26 +0800] "GET /static/upload/images/2015-01-06/e8b10aa2-6d1e-4348-8db0-9a2061b12f93.jpg HTTP/1.1" 200 612736 "http://image.baidu.com/search/detail?ct=503316480&z=0&ipn=d&word=%E4%BA%B2%E5%AD%90%20%E5%8A%A8%E7%89%A9%E5%9B%AD&step_word=&pn=11&spn=0&di=41490104150&pi=&rn=1&tn=baiduimagedetail&is=0%2C0&istype=0&ie=utf-8&oe=utf-8&in=&cl=2&lm=-1&st=-1&cs=790583965%2C2987159508&os=3387400369%2C4185745453&adpicid=0&ln=1994&fr=&fmq=1438157599900_R&ic=0&s=undefined&se=&sme=&tab=0&width=&height=&face=undefined&ist=&jit=&cg=&bdtype=0&objurl=http%3A%2F%2Fs2.lashouimg.com%2Fwg%2Fhangzhou%2F201211%2F02%2Fdw004.jpg&fromurl=ippr_z2C%24qAzdH3FAzdH3F4_z%26e3Bswfi57_z%26e3Bv54AzdH3F1jpwtsM56j_z%26e3Brir%3Ft1%3D0dlb0nc&gsm=0" "Mozilla/5.0 (Windows NT 6.1; rv:39.0) Gecko/20100101 Firefox/39.0" "-"
114.249.236.111 - - [29/Jul/2015:16:14:27 +0800] "GET /upload/admin/backstage/theme/bimgAction/G136C59486443F3FB23F7025.jpg HTTP/1.1" 404 168 "http://image.baidu.com/search/detail?ct=503316480&z=3&ipn=d&word=%E7%83%AD%E6%B5%AA%E5%B2%9B&step_word=&pn=13&spn=0&di=85589211840&pi=&rn=1&tn=baiduimagedetail&is=0%2C0&istype=0&ie=utf-8&oe=utf-8&in=&cl=2&lm=-1&st=-1&cs=1350750380%2C2946280810&os=2125004671%2C2751636885&adpicid=0&ln=1000&fr=&fmq=1438157432567_R&ic=0&s=undefined&se=&sme=&tab=0&width=&height=&face=undefined&ist=&jit=&cg=&bdtype=0&objurl=http%3A%2F%2Fc.qyer.com%2Fimageback.php%3Furl%3Dhttp%3A%2F%2Fimg2081.poco.cn%2Fmypoco%2Fmyphoto%2F20111110%2F14%2F63235604201111101434467965216431518_013.jpg&fromurl=ippr_z2C%24qAzdH3FAzdH3F4_z%26e3Bqyj6_z%26e3Bv54AzdH3FkkfAzdH3Fpi6jw1-cdd9na-8_z%26e3Bip4s&gsm=78" "Mozilla/5.0 (Macintosh; Intel Mac OS X 10.9; rv:39.0) Gecko/20100101 Firefox/39.0" "-"
119.130.187.39 - - [29/Jul/2015:16:14:27 +0800] "POST /admin/remind/newOrderRemind HTTP/1.1" 200 2 "http://www.sinbad.com.cn/login" "Mozilla/5.0 (Windows NT 6.1; WOW64) AppleWebKit/537.36 (KHTML, like Gecko) Chrome/31.0.1650.63 Safari/537.36" "-"
119.130.187.39 - - [29/Jul/2015:16:14:27 +0800] "POST /admin/remind/newOrderRemind HTTP/1.1" 200 2 "http://www.sinbad.com.cn/login#_blank" "Mozilla/4.0 (compatible; MSIE 7.0; Windows NT 6.3; WOW64; Trident/7.0; .NET4.0E; .NET4.0C; Tablet PC 2.0; .NET CLR 3.5.30729; .NET CLR 2.0.50727; .NET CLR 3.0.30729; InfoPath.2; GWX:QUALIFIED; LCJB)" "-"
119.130.187.39 - - [29/Jul/2015:16:14:28 +0800] "POST /admin/remind/newOrderRemind HTTP/1.0" 200 2 "http://www.sinbad.com.cn/login" "Mozilla/5.0 (Windows NT 6.1; WOW64) AppleWebKit/537.36 (KHTML, like Gecko) Chrome/39.0.2171.99 Safari/537.36 LBBROWSER" "-"
119.130.187.39 - - [29/Jul/2015:16:14:29 +0800] "POST /admin/remind/newOrderRemind HTTP/1.1" 200 2 "http://www.sinbad.com.cn/login" "Mozilla/5.0 (Windows NT 6.3; WOW64) AppleWebKit/537.36 (KHTML, like Gecko) Chrome/38.0.2125.122 Safari/537.36" "-"
101.231.154.2 - - [29/Jul/2015:16:14:29 +0800] "GET /static/upload/images/2014-10-30/5b690dce-13c8-490f-9f9b-10771b7c7849.jpg HTTP/1.1" 200 159970 "http://image.baidu.com/search/detail?ct=503316480&z=0&ipn=d&word=%E9%98%BF%E6%A0%B9%E5%BB%B7%20%E4%B8%96%E7%95%8C%E7%9A%84%E5%B0%BD%E5%A4%B4&step_word=&pn=35&spn=0&di=125795802330&pi=&rn=1&tn=baiduimagedetail&is=0%2C0&istype=0&ie=utf-8&oe=utf-8&in=&cl=2&lm=-1&st=undefined&cs=3384766238%2C6903410&os=2795606998%2C536284781&adpicid=0&ln=1986&fr=&fmq=1438157634297_R&ic=undefined&s=undefined&se=&sme=&tab=0&width=&height=&face=undefined&ist=&jit=&cg=&bdtype=0&objurl=http%3A%2F%2Fwxs.hi2net.com%2Fhome%2Fupload2013%2F2013218212423700.jpg&fromurl=ippr_z2C%24qAzdH3FAzdH3Foxf_z%26e3Bitdgjp_z%26e3Bv54AzdH3Fi54jAzdH3Fks52_6jw1_z%26e3Bwfr%3Ft1%3Dnlnn%26ks52t1%3D0d0lc&gsm=0" "Mozilla/5.0 (Macintosh; Intel Mac OS X 10_10_4) AppleWebKit/600.7.12 (KHTML, like Gecko) Version/8.0.7 Safari/600.7.12" "-"
113.67.132.125 - - [29/Jul/2015:16:14:30 +0800] "POST /admin/member/member/list?rel=0007-1 HTTP/1.1" 200 5410 "http://www.sinbad.com.cn/login" "Mozilla/5.0 (Windows NT 6.1; WOW64) AppleWebKit/537.36 (KHTML, like Gecko) Chrome/43.0.2357.134 Safari/537.36" "-"
119.130.187.39 - - [29/Jul/2015:16:14:32 +0800] "POST /admin/remind/newOrderRemind HTTP/1.1" 200 2 "http://www.sinbad.com.cn/login" "Mozilla/5.0 (Windows NT 6.1) AppleWebKit/537.36 (KHTML, like Gecko) Chrome/44.0.2403.89 Safari/537.36" "-"
113.67.132.125 - - [29/Jul/2015:16:14:35 +0800] "POST /admin/remind/newOrderRemind HTTP/1.1" 200 2 "http://www.sinbad.com.cn/login" "Mozilla/5.0 (Windows NT 6.1; WOW64) AppleWebKit/537.36 (KHTML, like Gecko) Chrome/43.0.2357.134 Safari/537.36" "-"
23.91.97.32 - - [29/Jul/2015:16:14:35 +0800] "POST /admin/remind/newOrderRemind HTTP/1.1" 200 153 "http://www.sinbad.com.cn/login" "Mozilla/5.0 (Windows NT 6.1) AppleWebKit/537.36 (KHTML, like Gecko) Chrome/43.0.2357.134 Safari/537.36" "-"
23.91.97.32 - - [29/Jul/2015:16:14:38 +0800] "GET /static/upload/images/2015-07-29/9133cce6-9853-48d6-993b-f584b0229e28.jpg HTTP/1.1" 200 545324 "-" "Java/1.8.0_45" "-"
23.91.97.32 - - [29/Jul/2015:16:14:39 +0800] "POST /upload/ HTTP/1.1" 200 167 "http://www.sinbad.com.cn/login" "Mozilla/5.0 (Windows NT 6.1) AppleWebKit/537.36 (KHTML, like Gecko) Chrome/43.0.2357.134 Safari/537.36" "-"
113.67.132.125 - - [29/Jul/2015:16:14:40 +0800] "POST /admin/remind/newOrderRemind HTTP/1.1" 200 2 "http://www.sinbad.com.cn/login" "Mozilla/5.0 (Windows NT 6.1; WOW64) AppleWebKit/537.36 (KHTML, like Gecko) Chrome/43.0.2357.134 Safari/537.36" "-"
119.130.187.39 - - [29/Jul/2015:16:14:41 +0800] "POST /admin/remind/newOrderRemind HTTP/1.1" 200 2 "http://www.sinbad.com.cn/login" "Mozilla/5.0 (Windows NT 6.3; WOW64) AppleWebKit/537.36 (KHTML, like Gecko) Chrome/31.0.1650.63 Safari/537.36" "-"
23.91.97.32 - - [29/Jul/2015:16:14:41 +0800] "POST /admin/remind/newOrderRemind HTTP/1.1" 200 153 "http://www.sinbad.com.cn/login" "Mozilla/5.0 (Windows NT 6.3; WOW64) AppleWebKit/537.36 (KHTML, like Gecko) Chrome/44.0.2403.107 Safari/537.36" "-"
119.130.187.39 - - [29/Jul/2015:16:14:41 +0800] "POST /admin/remind/newOrderRemind HTTP/1.1" 200 153 "http://www.sinbad.com.cn/login" "Mozilla/5.0 (Windows NT 5.1) AppleWebKit/537.36 (KHTML, like Gecko) Chrome/43.0.2357.124 Safari/537.36" "-"
106.2.199.138 - - [29/Jul/2015:16:14:42 +0800] "GET /upload/NULL_TEMP/main/themeHotelCateImg.sthml/save/img1/13F6AEB8140346F2809041E1292249E3.jpg HTTP/1.1" 404 570 "http://image.baidu.com/search/detail?ct=503316480&z=0&ipn=d&word=%E6%B3%B0%E5%BC%8F%E7%82%92%E6%B2%B3%E7%B2%89&step_word=&pn=84&spn=0&di=84959148560&pi=&rn=1&tn=baiduimagedetail&is=0%2C0&istype=0&ie=utf-8&oe=utf-8&in=&cl=2&lm=-1&st=-1&cs=3930794725%2C3292496602&os=1841506303%2C244667729&adpicid=0&ln=1965&fr=&fmq=1438157624970_R&ic=0&s=undefined&se=&sme=&tab=0&width=&height=&face=undefined&ist=&jit=&cg=&bdtype=0&objurl=http%3A%2F%2Fphotocdn.sohu.com%2F20130905%2FImg385958664.jpg&fromurl=ippr_z2C%24qAzdH3FAzdH3F4jg_z%26e3Bf5i7_z%26e3Bv54AzdH3Fda8nalacAzdH3Fgnbclcbmcl_8_z%26e3Bfip4s&gsm=0" "Mozilla/5.0 (Windows NT 6.1; WOW64) AppleWebKit/537.36 (KHTML, like Gecko) Chrome/31.0.1650.63 Safari/537.36" "-"
113.67.132.125 - - [29/Jul/2015:16:14:44 +0800] "POST /admin/remind/newOrderRemind HTTP/1.1" 200 153 "http://www.sinbad.com.cn/login" "Mozilla/5.0 (Windows NT 6.1; WOW64) AppleWebKit/537.36 (KHTML, like Gecko) Chrome/45.0.2427.7 Safari/537.36" "-"
113.96.88.57 - - [29/Jul/2015:16:14:44 +0800] "POST /admin/remind/newOrderRemind HTTP/1.1" 200 2 "http://www.sinbad.com.cn/login" "Mozilla/5.0 (Windows NT 6.3; WOW64) AppleWebKit/537.36 (KHTML, like Gecko) Chrome/43.0.2357.134 Safari/537.36" "-"
119.130.187.39 - - [29/Jul/2015:16:14:45 +0800] "POST /admin/remind/newOrderRemind HTTP/1.1" 200 2 "http://www.sinbad.com.cn/login" "Mozilla/5.0 (Windows NT 6.3; WOW64) AppleWebKit/537.36 (KHTML, like Gecko) Chrome/43.0.2357.130 Safari/537.36" "-"
119.130.187.39 - - [29/Jul/2015:16:14:46 +0800] "POST /admin/remind/newOrderRemind HTTP/1.1" 200 2 "http://www.sinbad.com.cn/login" "Mozilla/5.0 (Windows NT 6.1; WOW64) AppleWebKit/537.36 (KHTML, like Gecko) Chrome/41.0.2272.118 Safari/537.36" "-"
119.130.187.39 - - [29/Jul/2015:16:14:46 +0800] "POST /admin/remind/newOrderRemind HTTP/1.1" 200 2 "http://www.sinbad.com.cn/login#rel0007-3" "Mozilla/4.0 (compatible; MSIE 7.0; Windows NT 5.1; Trident/4.0; .NET CLR 2.0.50727; .NET CLR 3.0.4506.2152; .NET CLR 3.5.30729)" "-"
119.130.187.39 - - [29/Jul/2015:16:14:47 +0800] "POST /admin/remind/newOrderRemind HTTP/1.1" 200 2 "http://www.sinbad.com.cn/login" "Mozilla/5.0 (Windows NT 6.3; WOW64) AppleWebKit/537.36 (KHTML, like Gecko) Chrome/43.0.2357.81 Safari/537.36" "-"
119.130.187.39 - - [29/Jul/2015:16:14:52 +0800] "POST /admin/remind/newOrderRemind HTTP/1.1" 200 2 "http://www.sinbad.com.cn/login" "Mozilla/5.0 (Windows NT 6.1; WOW64) AppleWebKit/537.36 (KHTML, like Gecko) Chrome/31.0.1650.63 Safari/537.36" "-"
119.130.187.39 - - [29/Jul/2015:16:14:52 +0800] "POST /admin/remind/newOrderRemind HTTP/1.1" 200 2 "http://www.sinbad.com.cn/login#_blank" "Mozilla/4.0 (compatible; MSIE 7.0; Windows NT 6.3; WOW64; Trident/7.0; .NET4.0E; .NET4.0C; Tablet PC 2.0; .NET CLR 3.5.30729; .NET CLR 2.0.50727; .NET CLR 3.0.30729; InfoPath.2; GWX:QUALIFIED; LCJB)" "-"
119.130.187.39 - - [29/Jul/2015:16:14:54 +0800] "POST /admin/remind/newOrderRemind HTTP/1.0" 200 2 "http://www.sinbad.com.cn/login" "Mozilla/5.0 (Windows NT 6.1; WOW64) AppleWebKit/537.36 (KHTML, like Gecko) Chrome/39.0.2171.99 Safari/537.36 LBBROWSER" "-"
119.130.187.39 - - [29/Jul/2015:16:14:54 +0800] "POST /admin/remind/newOrderRemind HTTP/1.1" 200 2 "http://www.sinbad.com.cn/login" "Mozilla/5.0 (Windows NT 6.3; WOW64) AppleWebKit/537.36 (KHTML, like Gecko) Chrome/38.0.2125.122 Safari/537.36" "-"
66.249.67.70 - - [29/Jul/2015:16:14:57 +0800] "GET /static/upload/activity/tansangniya/tansangniya-jd8-285x200.jpg HTTP/1.1" 200 11828 "-" "Googlebot-Image/1.0" "-"
123.125.71.55 - - [29/Jul/2015:16:14:57 +0800] "GET /destination/4997/traffic.html HTTP/1.1" 200 9252 "-" "Mozilla/5.0 (compatible; Baiduspider/2.0; +http://www.baidu.com/search/spider.html)" "-"
119.130.187.39 - - [29/Jul/2015:16:14:57 +0800] "POST /admin/remind/newOrderRemind HTTP/1.1" 200 2 "http://www.sinbad.com.cn/login" "Mozilla/5.0 (Windows NT 6.1) AppleWebKit/537.36 (KHTML, like Gecko) Chrome/44.0.2403.89 Safari/537.36" "-"
220.181.108.180 - - [29/Jul/2015:16:14:58 +0800] "GET /js/activity.js HTTP/1.1" 200 1315 "http://www.sinbad.com.cn/destination/4997/traffic.html" "Mozilla/5.0 (compatible; Baiduspider/2.0; +http://www.baidu.com/search/spider.html)" "-"
23.91.97.32 - - [29/Jul/2015:16:14:59 +0800] "POST /admin/remind/newOrderRemind HTTP/1.1" 200 153 "http://www.sinbad.com.cn/login" "Mozilla/5.0 (Windows NT 6.1) AppleWebKit/537.36 (KHTML, like Gecko) Chrome/43.0.2357.134 Safari/537.36" "-"
113.67.132.125 - - [29/Jul/2015:16:15:00 +0800] "POST /admin/remind/newOrderRemind HTTP/1.1" 200 2 "http://www.sinbad.com.cn/login" "Mozilla/5.0 (Windows NT 6.1; WOW64) AppleWebKit/537.36 (KHTML, like Gecko) Chrome/43.0.2357.134 Safari/537.36" "-"
123.125.71.107 - - [29/Jul/2015:16:15:01 +0800] "GET /js/jquery.foucs.js HTTP/1.1" 200 1901 "http://www.sinbad.com.cn/destination/4997/traffic.html" "Mozilla/5.0 (compatible; Baiduspider/2.0; +http://www.baidu.com/search/spider.html)" "-"
106.2.199.138 - - [29/Jul/2015:16:15:02 +0800] "GET /upload/NULL_TEMP/main/themeHotelCateImg.sthml/save/img1/13F6AEB8140346F2809041E1292249E3.jpg HTTP/1.1" 404 570 "http://image.baidu.com/search/detail?ct=503316480&z=0&ipn=d&word=%E6%B3%B0%E5%BC%8F%E7%82%92%E6%B2%B3%E7%B2%89&step_word=&pn=95&spn=0&di=207332688310&pi=&rn=1&tn=baiduimagedetail&is=0%2C0&istype=0&ie=utf-8&oe=utf-8&in=&cl=2&lm=-1&st=-1&cs=4105086339%2C3734259890&os=66688040%2C4030508949&adpicid=0&ln=1965&fr=&fmq=1438157624970_R&ic=0&s=undefined&se=&sme=&tab=0&width=&height=&face=undefined&ist=&jit=&cg=&bdtype=0&objurl=http%3A%2F%2Fxyz.tingroom.com%2Ffile%2Fupload%2F201405%2F22%2Fa0118-13-04-53-11.jpg&fromurl=ippr_z2C%24qAzdH3FAzdH3Fpiwt_z%26e3Bptg26554_z%26e3Bv54AzdH3Fz3p2AzdH3FpivAzdH3F9c8a_z%26e3Bip4s&gsm=0" "Mozilla/5.0 (Windows NT 6.1; WOW64) AppleWebKit/537.36 (KHTML, like Gecko) Chrome/31.0.1650.63 Safari/537.36" "-"
23.91.97.32 - - [29/Jul/2015:16:15:03 +0800] "GET /static/upload/images/2015-07-29/9133cce6-9853-48d6-993b-f584b0229e28.jpg HTTP/1.1" 200 536921 "http://www.sinbad.com.cn/login" "Mozilla/5.0 (Windows NT 6.1) AppleWebKit/537.36 (KHTML, like Gecko) Chrome/43.0.2357.134 Safari/537.36" "-"
1.63.197.250 - - [29/Jul/2015:16:15:05 +0800] "GET /static/upload/images/2014-05-19/c182f671-6499-4fab-bdf1-5f9075bb9fb9.jpg HTTP/1.1" 200 586936 "http://m.baidu.com/s?word=%E4%BA%9A%E7%89%B9%E5%85%B0%E8%92%82%E6%96%AF%E9%85%92%E5%BA%97&sa=cr" "Mozilla/5.0 (Linux; U; Android 2.3.6; zh-cn; OPPOU701 Build/GRK39F) AppleWebKit/533.1 (KHTML, like Gecko) Version/4.0 Mobile Safari/533.1" "-"
119.130.187.39 - - [29/Jul/2015:16:15:06 +0800] "POST /admin/remind/newOrderRemind HTTP/1.1" 200 2 "http://www.sinbad.com.cn/login" "Mozilla/5.0 (Windows NT 6.3; WOW64) AppleWebKit/537.36 (KHTML, like Gecko) Chrome/31.0.1650.63 Safari/537.36" "-"
23.91.97.32 - - [29/Jul/2015:16:15:06 +0800] "POST /admin/remind/newOrderRemind HTTP/1.1" 200 153 "http://www.sinbad.com.cn/login" "Mozilla/5.0 (Windows NT 6.3; WOW64) AppleWebKit/537.36 (KHTML, like Gecko) Chrome/44.0.2403.107 Safari/537.36" "-"
119.130.187.39 - - [29/Jul/2015:16:15:06 +0800] "POST /admin/remind/newOrderRemind HTTP/1.1" 200 153 "http://www.sinbad.com.cn/login" "Mozilla/5.0 (Windows NT 5.1) AppleWebKit/537.36 (KHTML, like Gecko) Chrome/43.0.2357.124 Safari/537.36" "-"
113.67.132.125 - - [29/Jul/2015:16:15:06 +0800] "POST /admin/remind/newOrderRemind HTTP/1.1" 200 2 "http://www.sinbad.com.cn/login" "Mozilla/5.0 (Windows NT 6.1; WOW64) AppleWebKit/537.36 (KHTML, like Gecko) Chrome/43.0.2357.134 Safari/537.36" "-"
113.67.132.125 - - [29/Jul/2015:16:15:09 +0800] "POST /admin/remind/newOrderRemind HTTP/1.1" 200 153 "http://www.sinbad.com.cn/login" "Mozilla/5.0 (Windows NT 6.1; WOW64) AppleWebKit/537.36 (KHTML, like Gecko) Chrome/45.0.2427.7 Safari/537.36" "-"
113.96.88.57 - - [29/Jul/2015:16:15:09 +0800] "POST /admin/remind/newOrderRemind HTTP/1.1" 200 2 "http://www.sinbad.com.cn/login" "Mozilla/5.0 (Windows NT 6.3; WOW64) AppleWebKit/537.36 (KHTML, like Gecko) Chrome/43.0.2357.134 Safari/537.36" "-"
119.130.187.39 - - [29/Jul/2015:16:15:10 +0800] "POST /admin/remind/newOrderRemind HTTP/1.1" 200 2 "http://www.sinbad.com.cn/login" "Mozilla/5.0 (Windows NT 6.3; WOW64) AppleWebKit/537.36 (KHTML, like Gecko) Chrome/43.0.2357.130 Safari/537.36" "-"
113.67.132.125 - - [29/Jul/2015:16:15:10 +0800] "GET /static/js/uploadify/uploadify-cancel.png HTTP/1.1" 200 3000 "http://www.sinbad.com.cn/static/js/uploadify/uploadify.css" "Mozilla/5.0 (Windows NT 6.1; WOW64) AppleWebKit/537.36 (KHTML, like Gecko) Chrome/45.0.2427.7 Safari/537.36" "-"
119.130.187.39 - - [29/Jul/2015:16:15:11 +0800] "POST /admin/remind/newOrderRemind HTTP/1.1" 200 2 "http://www.sinbad.com.cn/login" "Mozilla/5.0 (Windows NT 6.1; WOW64) AppleWebKit/537.36 (KHTML, like Gecko) Chrome/41.0.2272.118 Safari/537.36" "-"
119.130.187.39 - - [29/Jul/2015:16:15:11 +0800] "POST /admin/remind/newOrderRemind HTTP/1.1" 200 2 "http://www.sinbad.com.cn/login#rel0007-3" "Mozilla/4.0 (compatible; MSIE 7.0; Windows NT 5.1; Trident/4.0; .NET CLR 2.0.50727; .NET CLR 3.0.4506.2152; .NET CLR 3.5.30729)" "-"
119.130.187.39 - - [29/Jul/2015:16:15:12 +0800] "POST /admin/remind/newOrderRemind HTTP/1.1" 200 2 "http://www.sinbad.com.cn/login" "Mozilla/5.0 (Windows NT 6.3; WOW64) AppleWebKit/537.36 (KHTML, like Gecko) Chrome/43.0.2357.81 Safari/537.36" "-"
23.91.97.32 - - [29/Jul/2015:16:15:13 +0800] "POST /admin/base/baseRoute/newSaveRoute HTTP/1.1" 200 3889 "http://www.sinbad.com.cn/login" "Mozilla/5.0 (Windows NT 6.1) AppleWebKit/537.36 (KHTML, like Gecko) Chrome/43.0.2357.134 Safari/537.36" "-"
60.171.117.197 - - [29/Jul/2015:16:15:13 +0800] "GET /upload/admin/backstage/theme/bposterAction/G1378DE385902033FCAD28DB.jpg HTTP/1.1" 404 168 "http://image.baidu.com/search/wiseala?tn=wiseala&ie=utf8&iswiseala=1&target=1&word=%E7%8E%BB%E5%88%A9%E7%BB%B4%E4%BA%9A%E5%A4%A9%E7%A9%BA%E4%B9%8B%E9%95%9C%E6%97%85%E6%B8%B8&pn=0&di=65545204230&pi=0&os=1632108157,3180744987&cs=3591458526,652596117&objurl=http%3A%2F%2Fimg3.xcarimg.com%2Fbbs%2F1364%2Fm_20120216112535831761.jpg&tp=weaken&fr=alawise&pos=2&stdstl=2&index=1" "Mozilla/5.0 (iPhone; CPU iPhone OS 7_1_2 like Mac OS X; zh-CN) AppleWebKit/537.51.1 (KHTML, like Gecko) Mobile/11D257 UCBrowser/10.6.5.627 Mobile" "-"
182.254.180.83 - - [29/Jul/2015:16:15:16 +0800] "GET /activity?page=expo2015 HTTP/1.1" 200 6887 "http://sinbad.com.cn/" "Mozilla/4.0 (compatible; MSIE 8.0; Windows NT 6.1; WOW64; Trident/4.0; EmbeddedWB 14.52 from: http://www.bsalsa.com/ EmbeddedWB 14.52; SLCC2; .NET CLR 2.0.50727; .NET CLR 3.5.30729; .NET CLR 3.0.30729; .NET4.0C; .NET4.0E)" "-"
182.254.180.83 - - [29/Jul/2015:16:15:16 +0800] "GET /css/global.css HTTP/1.1" 200 5546 "http://www.sinbad.com.cn/activity?page=expo2015" "Mozilla/4.0 (compatible; MSIE 8.0; Windows NT 6.1; WOW64; Trident/4.0; EmbeddedWB 14.52 from: http://www.bsalsa.com/ EmbeddedWB 14.52; SLCC2; .NET CLR 2.0.50727; .NET CLR 3.5.30729; .NET CLR 3.0.30729; .NET4.0C; .NET4.0E)" "-"
182.254.180.83 - - [29/Jul/2015:16:15:16 +0800] "GET /css/expo.css HTTP/1.1" 200 1499 "http://www.sinbad.com.cn/activity?page=expo2015" "Mozilla/4.0 (compatible; MSIE 8.0; Windows NT 6.1; WOW64; Trident/4.0; EmbeddedWB 14.52 from: http://www.bsalsa.com/ EmbeddedWB 14.52; SLCC2; .NET CLR 2.0.50727; .NET CLR 3.5.30729; .NET CLR 3.0.30729; .NET4.0C; .NET4.0E)" "-"
182.254.180.83 - - [29/Jul/2015:16:15:16 +0800] "GET /js/global.js HTTP/1.1" 200 4857 "http://www.sinbad.com.cn/activity?page=expo2015" "Mozilla/4.0 (compatible; MSIE 8.0; Windows NT 6.1; WOW64; Trident/4.0; EmbeddedWB 14.52 from: http://www.bsalsa.com/ EmbeddedWB 14.52; SLCC2; .NET CLR 2.0.50727; .NET CLR 3.5.30729; .NET CLR 3.0.30729; .NET4.0C; .NET4.0E)" "-"
182.254.180.83 - - [29/Jul/2015:16:15:16 +0800] "GET /js/jquery.js HTTP/1.1" 200 37209 "http://www.sinbad.com.cn/activity?page=expo2015" "Mozilla/4.0 (compatible; MSIE 8.0; Windows NT 6.1; WOW64; Trident/4.0; EmbeddedWB 14.52 from: http://www.bsalsa.com/ EmbeddedWB 14.52; SLCC2; .NET CLR 2.0.50727; .NET CLR 3.5.30729; .NET CLR 3.0.30729; .NET4.0C; .NET4.0E)" "-"
119.130.187.39 - - [29/Jul/2015:16:15:17 +0800] "POST /admin/remind/newOrderRemind HTTP/1.1" 200 2 "http://www.sinbad.com.cn/login" "Mozilla/5.0 (Windows NT 6.1; WOW64) AppleWebKit/537.36 (KHTML, like Gecko) Chrome/31.0.1650.63 Safari/537.36" "-"
119.130.187.39 - - [29/Jul/2015:16:15:17 +0800] "POST /admin/remind/newOrderRemind HTTP/1.1" 200 2 "http://www.sinbad.com.cn/login#_blank" "Mozilla/4.0 (compatible; MSIE 7.0; Windows NT 6.3; WOW64; Trident/7.0; .NET4.0E; .NET4.0C; Tablet PC 2.0; .NET CLR 3.5.30729; .NET CLR 2.0.50727; .NET CLR 3.0.30729; InfoPath.2; GWX:QUALIFIED; LCJB)" "-"
118.132.17.17 - - [29/Jul/2015:16:15:18 +0800] "GET /static/upload/images/2014-05-13/7c31925b-e83e-4d73-b82c-bad08e262db5.jpg HTTP/1.1" 200 302130 "http://m.baidu.com/s?tn=zbios&pu=sz%401320_480%2Ccuid%40YaSpi_8k28lFivtz_OSq8gaABajYuv8SYOBg8lPoHai2av8CgavI8_a628_5uvihA%2Ccua%40_avLCgaH-i46ywoUfpw1zyaBXioVuL8bxLSjC%2Ccut%40rkHP90ul28fUI2Ny_hvbhguBDOHo6qqLB%2Cosname%40baiduboxapp%2Cctv%402%2Ccfrom%401002099p%2Ccen%40cuid_cua_cut%2Ccsrc%40app_mainbox_txt&bd_page_type=1&word=arBpL6wkasP%2BJ5RYp5BOwwJM8MY4FRngSdgbeS828N%5Amdjwa8Rrojx2XHWU%7AtEYCo4604m2%5AhB83K12gi%7AcA%5Ag%3D%3D&cki=1&from=1002099p&pkgname=com.baidu.searchbox&network=1_0&rq=OYudn%2F%2BLHpgwdRsUsRxA%39UJV%39nIB6Vl8X%39JUiMEmMUBi4cAESNyuF4pni48UQI%2Bm4wwKV8%5ABsOh%5A77u208t5uQ%3D%3D&ckirq=1&sa=iks_4&ss=110" "Mozilla/5.0 (Linux; U; Android 4.2.2; zh-cn; HTC D616w Build/JDQ39) AppleWebKit/534.24 (KHTML, like Gecko) Version/4.0 Mobile Safari/534.24 T5/2.0 baiduboxapp/6.6.1 (Baidu; P1 4.2.2)" "-"
119.130.187.39 - - [29/Jul/2015:16:15:19 +0800] "POST /admin/remind/newOrderRemind HTTP/1.1" 200 2 "http://www.sinbad.com.cn/login" "Mozilla/5.0 (Windows NT 6.3; WOW64) AppleWebKit/537.36 (KHTML, like Gecko) Chrome/38.0.2125.122 Safari/537.36" "-"
119.130.187.39 - - [29/Jul/2015:16:15:20 +0800] "POST /admin/remind/newOrderRemind HTTP/1.0" 200 2 "http://www.sinbad.com.cn/login" "Mozilla/5.0 (Windows NT 6.1; WOW64) AppleWebKit/537.36 (KHTML, like Gecko) Chrome/39.0.2171.99 Safari/537.36 LBBROWSER" "-"
119.130.187.39 - - [29/Jul/2015:16:15:22 +0800] "POST /admin/remind/newOrderRemind HTTP/1.1" 200 2 "http://www.sinbad.com.cn/login" "Mozilla/5.0 (Windows NT 6.1) AppleWebKit/537.36 (KHTML, like Gecko) Chrome/44.0.2403.89 Safari/537.36" "-"
23.91.97.32 - - [29/Jul/2015:16:15:24 +0800] "POST /admin/remind/newOrderRemind HTTP/1.1" 200 153 "http://www.sinbad.com.cn/login" "Mozilla/5.0 (Windows NT 6.1) AppleWebKit/537.36 (KHTML, like Gecko) Chrome/43.0.2357.134 Safari/537.36" "-"
113.67.132.125 - - [29/Jul/2015:16:15:25 +0800] "POST /admin/remind/newOrderRemind HTTP/1.1" 200 2 "http://www.sinbad.com.cn/login" "Mozilla/5.0 (Windows NT 6.1; WOW64) AppleWebKit/537.36 (KHTML, like Gecko) Chrome/43.0.2357.134 Safari/537.36" "-"
27.192.75.58 - - [29/Jul/2015:16:15:27 +0800] "GET /static/upload/images/2014-05-13/7c31925b-e83e-4d73-b82c-bad08e262db5.jpg HTTP/1.1" 200 302130 "http://m.baidu.com/s?tn=zbios&pu=sz%401320_480%2Ccuid%40DB1A4BD3D8576E4D6D92E2EA9DD8574247C6C8333ORDITHQINO%2Ccua%401242_2208_iphone_6.3.2.0_0%2Ccut%40iPhone7%252C1_8.1.3%2Cosname%40baiduboxapp%2Cctv%401%2Ccfrom%401001092b%2Ccsrc%40app_box_txt&bd_page_type=1&word=LnDQFbRD4O40VyaeoZKJ5lIlxTzq4CQTANskqlaP23jeBuwALsGkGeWlVR%2B7IqgmO7E6qZIbyBJjtsXeSPG6rA%3D%3D&cki=1&sa=ks_3&ss=110&network=1_0&from=1001092b" "Mozilla/5.0 (iPhone; CPU iPhone OS 8_1_3 like Mac OS X) AppleWebKit/600.1.4 (KHTML, like Gecko) Mobile/12B466 baiduboxapp/0_0.2.3.6_enohpi_8022_2421/3.1.8_1C2%257enohPi/1001092b/DB1A4BD3D8576E4D6D92E2EA9DD8574247C6C8333ORDITHQINO/1" "-"
119.130.187.39 - - [29/Jul/2015:16:15:31 +0800] "POST /admin/remind/newOrderRemind HTTP/1.1" 200 2 "http://www.sinbad.com.cn/login" "Mozilla/5.0 (Windows NT 6.3; WOW64) AppleWebKit/537.36 (KHTML, like Gecko) Chrome/31.0.1650.63 Safari/537.36" "-"
23.91.97.32 - - [29/Jul/2015:16:15:31 +0800] "POST /admin/remind/newOrderRemind HTTP/1.1" 200 153 "http://www.sinbad.com.cn/login" "Mozilla/5.0 (Windows NT 6.3; WOW64) AppleWebKit/537.36 (KHTML, like Gecko) Chrome/44.0.2403.107 Safari/537.36" "-"
119.130.187.39 - - [29/Jul/2015:16:15:31 +0800] "POST /admin/remind/newOrderRemind HTTP/1.1" 200 153 "http://www.sinbad.com.cn/login" "Mozilla/5.0 (Windows NT 5.1) AppleWebKit/537.36 (KHTML, like Gecko) Chrome/43.0.2357.124 Safari/537.36" "-"
113.67.132.125 - - [29/Jul/2015:16:15:31 +0800] "POST /admin/remind/newOrderRemind HTTP/1.1" 200 2 "http://www.sinbad.com.cn/login" "Mozilla/5.0 (Windows NT 6.1; WOW64) AppleWebKit/537.36 (KHTML, like Gecko) Chrome/43.0.2357.134 Safari/537.36" "-"
23.91.97.32 - - [29/Jul/2015:16:15:33 +0800] "GET /static/upload/images/2015-07-29/47038a61-139e-47b9-9d01-6dc4b8f3b650.jpg HTTP/1.1" 200 391311 "-" "Java/1.8.0_45" "-"
113.67.132.125 - - [29/Jul/2015:16:15:33 +0800] "POST /upload/ HTTP/1.1" 200 168 "http://www.sinbad.com.cn/login" "Mozilla/5.0 (Windows NT 6.1; WOW64) AppleWebKit/537.36 (KHTML, like Gecko) Chrome/45.0.2427.7 Safari/537.36" "-"
211.36.143.74 - - [29/Jul/2015:16:15:33 +0800] "GET /static/upload/images/2014-07-16/f6314b9c-11ee-4851-ab61-e83ad7a84246.jpg HTTP/1.1" 200 207312 "http://image.baidu.com/search/wiseala?tn=wiseala&iswiseala=1&ie=utf8&wiseps=1&word=%E5%A1%9E%E8%88%8C%E7%88%BE" "Mozilla/5.0 (iPhone; CPU iPhone OS 8_4 like Mac OS X) AppleWebKit/600.1.4 (KHTML, like Gecko) Mobile/12H143 rabbit%2F1.0 baiduboxapp/0_1.0.7.6_enohpi_4331_057/4.8_2C2%257enohPi/1099a/4CF018C31DBB624858166E0D50581A10E5BA99446OCOBFDOQDL/1" "-"
113.67.132.125 - - [29/Jul/2015:16:15:34 +0800] "POST /admin/remind/newOrderRemind HTTP/1.1" 200 153 "http://www.sinbad.com.cn/login" "Mozilla/5.0 (Windows NT 6.1; WOW64) AppleWebKit/537.36 (KHTML, like Gecko) Chrome/45.0.2427.7 Safari/537.36" "-"
113.96.88.57 - - [29/Jul/2015:16:15:34 +0800] "POST /admin/remind/newOrderRemind HTTP/1.1" 200 2 "http://www.sinbad.com.cn/login" "Mozilla/5.0 (Windows NT 6.3; WOW64) AppleWebKit/537.36 (KHTML, like Gecko) Chrome/43.0.2357.134 Safari/537.36" "-"
113.67.132.125 - - [29/Jul/2015:16:15:35 +0800] "GET /static/upload/images/2015-07-29/47038a61-139e-47b9-9d01-6dc4b8f3b650.jpg HTTP/1.1" 200 368689 "http://www.sinbad.com.cn/login" "Mozilla/5.0 (Windows NT 6.1; WOW64) AppleWebKit/537.36 (KHTML, like Gecko) Chrome/45.0.2427.7 Safari/537.36" "-"
119.130.187.39 - - [29/Jul/2015:16:15:35 +0800] "POST /admin/remind/newOrderRemind HTTP/1.1" 200 2 "http://www.sinbad.com.cn/login" "Mozilla/5.0 (Windows NT 6.3; WOW64) AppleWebKit/537.36 (KHTML, like Gecko) Chrome/43.0.2357.130 Safari/537.36" "-"
119.130.187.39 - - [29/Jul/2015:16:15:36 +0800] "POST /admin/remind/newOrderRemind HTTP/1.1" 200 2 "http://www.sinbad.com.cn/login" "Mozilla/5.0 (Windows NT 6.1; WOW64) AppleWebKit/537.36 (KHTML, like Gecko) Chrome/41.0.2272.118 Safari/537.36" "-"
119.130.187.39 - - [29/Jul/2015:16:15:36 +0800] "POST /admin/remind/newOrderRemind HTTP/1.1" 200 2 "http://www.sinbad.com.cn/login#rel0007-3" "Mozilla/4.0 (compatible; MSIE 7.0; Windows NT 5.1; Trident/4.0; .NET CLR 2.0.50727; .NET CLR 3.0.4506.2152; .NET CLR 3.5.30729)" "-"
119.130.187.39 - - [29/Jul/2015:16:15:37 +0800] "POST /admin/remind/newOrderRemind HTTP/1.1" 200 2 "http://www.sinbad.com.cn/login" "Mozilla/5.0 (Windows NT 6.3; WOW64) AppleWebKit/537.36 (KHTML, like Gecko) Chrome/43.0.2357.81 Safari/537.36" "-"
111.73.134.199 - - [29/Jul/2015:16:15:37 +0800] "GET /static/upload/images/2014-05-19/c182f671-6499-4fab-bdf1-5f9075bb9fb9.jpg HTTP/1.1" 200 586928 "http://m.baidu.com/s?tn=zbios&pu=sz%401320_480%2Ccuid%40Y82_iguCvigaiHua0i2WaguG2ags82izgPvlfgP_Hi8Aav8CgavMi_a_2f_NOvihA%2Ccua%40_a-qi4uq-igBNE6lI5me6NNJ2IgUI2t6AqqqB%2Ccut%40pfX8OYaS2fpjI2Iy_hvbhgOYLjN3pxjKfOqAC%2Cosname%40baiduboxapp%2Cctv%402%2Ccfrom%401000934j%2Ccen%40cuid_cua_cut%2Ccsrc%40app_mainbox_txt&bd_page_type=1&word=%E4%BA%9A%E7%89%B9%E5%85%B0%E8%92%82%E6%96%AF%E9%85%92%E5%BA%97&from=1000934j&pkgname=com.baidu.searchbox_sj&network=1&rq=%E4%BA%9A%E7%89%B9%E5%85%B0%E8%92%82%E6%96%AF&sa=ks_1&ss=11" "Mozilla/5.0 (Linux; Android 4.4.2; SM-N9008V Build/KOT49H) AppleWebKit/537.36 (KHTML, like Gecko) Version/4.0 Chrome/30.0.0.0 Mobile Safari/537.36 baiduboxapp/5.0 (Baidu; P1 4.4.2)" "-"
119.130.187.39 - - [29/Jul/2015:16:15:42 +0800] "POST /admin/remind/newOrderRemind HTTP/1.1" 200 2 "http://www.sinbad.com.cn/login" "Mozilla/5.0 (Windows NT 6.1; WOW64) AppleWebKit/537.36 (KHTML, like Gecko) Chrome/31.0.1650.63 Safari/537.36" "-"
119.130.187.39 - - [29/Jul/2015:16:15:42 +0800] "POST /admin/remind/newOrderRemind HTTP/1.1" 200 2 "http://www.sinbad.com.cn/login#_blank" "Mozilla/4.0 (compatible; MSIE 7.0; Windows NT 6.3; WOW64; Trident/7.0; .NET4.0E; .NET4.0C; Tablet PC 2.0; .NET CLR 3.5.30729; .NET CLR 2.0.50727; .NET CLR 3.0.30729; InfoPath.2; GWX:QUALIFIED; LCJB)" "-"
119.130.187.39 - - [29/Jul/2015:16:15:44 +0800] "POST /admin/remind/newOrderRemind HTTP/1.1" 200 2 "http://www.sinbad.com.cn/login" "Mozilla/5.0 (Windows NT 6.3; WOW64) AppleWebKit/537.36 (KHTML, like Gecko) Chrome/38.0.2125.122 Safari/537.36" "-"
23.91.97.32 - - [29/Jul/2015:16:15:45 +0800] "POST /admin/base/baseRoute/newSaveRoute HTTP/1.1" 200 7196 "http://www.sinbad.com.cn/login" "Mozilla/5.0 (Windows NT 6.3; WOW64) AppleWebKit/537.36 (KHTML, like Gecko) Chrome/44.0.2403.107 Safari/537.36" "-"
119.130.187.39 - - [29/Jul/2015:16:15:46 +0800] "POST /admin/remind/newOrderRemind HTTP/1.0" 200 2 "http://www.sinbad.com.cn/login" "Mozilla/5.0 (Windows NT 6.1; WOW64) AppleWebKit/537.36 (KHTML, like Gecko) Chrome/39.0.2171.99 Safari/537.36 LBBROWSER" "-"
119.130.187.39 - - [29/Jul/2015:16:15:47 +0800] "POST /admin/remind/newOrderRemind HTTP/1.1" 200 2 "http://www.sinbad.com.cn/login" "Mozilla/5.0 (Windows NT 6.1) AppleWebKit/537.36 (KHTML, like Gecko) Chrome/44.0.2403.89 Safari/537.36" "-"
23.91.97.32 - - [29/Jul/2015:16:15:49 +0800] "POST /admin/remind/newOrderRemind HTTP/1.1" 200 153 "http://www.sinbad.com.cn/login" "Mozilla/5.0 (Windows NT 6.1) AppleWebKit/537.36 (KHTML, like Gecko) Chrome/43.0.2357.134 Safari/537.36" "-"
113.67.132.125 - - [29/Jul/2015:16:15:50 +0800] "POST /admin/remind/newOrderRemind HTTP/1.1" 200 2 "http://www.sinbad.com.cn/login" "Mozilla/5.0 (Windows NT 6.1; WOW64) AppleWebKit/537.36 (KHTML, like Gecko) Chrome/43.0.2357.134 Safari/537.36" "-"
66.249.67.76 - - [29/Jul/2015:16:15:55 +0800] "GET /route/routeId568.html HTTP/1.1" 200 24002 "-" "Mozilla/5.0 (compatible; Googlebot/2.1; +http://www.google.com/bot.html)" "-"
119.130.187.39 - - [29/Jul/2015:16:15:56 +0800] "POST /admin/remind/newOrderRemind HTTP/1.1" 200 2 "http://www.sinbad.com.cn/login" "Mozilla/5.0 (Windows NT 6.3; WOW64) AppleWebKit/537.36 (KHTML, like Gecko) Chrome/31.0.1650.63 Safari/537.36" "-"
23.91.97.32 - - [29/Jul/2015:16:15:56 +0800] "POST /admin/remind/newOrderRemind HTTP/1.1" 200 153 "http://www.sinbad.com.cn/login" "Mozilla/5.0 (Windows NT 6.3; WOW64) AppleWebKit/537.36 (KHTML, like Gecko) Chrome/44.0.2403.107 Safari/537.36" "-"
119.130.187.39 - - [29/Jul/2015:16:15:56 +0800] "POST /admin/remind/newOrderRemind HTTP/1.1" 200 153 "http://www.sinbad.com.cn/login" "Mozilla/5.0 (Windows NT 5.1) AppleWebKit/537.36 (KHTML, like Gecko) Chrome/43.0.2357.124 Safari/537.36" "-"
222.35.83.161 - - [29/Jul/2015:16:15:57 +0800] "GET /static/upload/images/2014-05-15/a52f652c-5376-41f1-a2a0-0f1d28e3c5b5.jpg HTTP/1.1" 200 442155 "http://image.haosou.com/v?q=%E6%A4%B0%E5%AD%90%E8%9F%B9&src=360pic_normal&fromurl=http%3A%2F%2Ftupian.hudong.com%2Fa1_23_72_20300000921826136262724903650_jpg.html" "Mozilla/5.0 (Windows NT 6.1) AppleWebKit/537.36 (KHTML, like Gecko) Chrome/31.0.1650.63 Safari/537.36" "-"
113.67.132.125 - - [29/Jul/2015:16:15:58 +0800] "POST /admin/remind/newOrderRemind HTTP/1.1" 200 2 "http://www.sinbad.com.cn/login" "Mozilla/5.0 (Windows NT 6.1; WOW64) AppleWebKit/537.36 (KHTML, like Gecko) Chrome/43.0.2357.134 Safari/537.36" "-"
113.96.88.57 - - [29/Jul/2015:16:15:59 +0800] "POST /admin/remind/newOrderRemind HTTP/1.1" 200 2 "http://www.sinbad.com.cn/login" "Mozilla/5.0 (Windows NT 6.3; WOW64) AppleWebKit/537.36 (KHTML, like Gecko) Chrome/43.0.2357.134 Safari/537.36" "-"
119.130.187.39 - - [29/Jul/2015:16:16:00 +0800] "POST /admin/remind/newOrderRemind HTTP/1.1" 200 2 "http://www.sinbad.com.cn/login" "Mozilla/5.0 (Windows NT 6.3; WOW64) AppleWebKit/537.36 (KHTML, like Gecko) Chrome/43.0.2357.130 Safari/537.36" "-"
113.67.132.125 - - [29/Jul/2015:16:16:00 +0800] "POST /admin/remind/newOrderRemind HTTP/1.1" 200 153 "http://www.sinbad.com.cn/login" "Mozilla/5.0 (Windows NT 6.1; WOW64) AppleWebKit/537.36 (KHTML, like Gecko) Chrome/45.0.2427.7 Safari/537.36" "-"
202.102.86.226 - - [29/Jul/2015:16:16:00 +0800] "GET /aboutDirect?page=mediareports HTTP/1.1" 200 7942 "http://sinbad.com.cn/" "Mozilla/4.0 (compatible; MSIE 8.0; Windows NT 5.1; WOW64; Trident/4.0; SLCC2; .NET CLR 2.0.50727; .NET CLR 3.5.30729; .NET CLR 3.0.30729; 360SE)" "-"
202.102.86.226 - - [29/Jul/2015:16:16:00 +0800] "GET /js/global.js HTTP/1.1" 200 4857 "http://www.sinbad.com.cn/aboutDirect?page=mediareports" "Mozilla/4.0 (compatible; MSIE 8.0; Windows NT 5.1; WOW64; Trident/4.0; SLCC2; .NET CLR 2.0.50727; .NET CLR 3.5.30729; .NET CLR 3.0.30729; 360SE)" "-"
202.102.86.226 - - [29/Jul/2015:16:16:00 +0800] "GET /css/global.css HTTP/1.1" 200 5546 "http://www.sinbad.com.cn/aboutDirect?page=mediareports" "Mozilla/4.0 (compatible; MSIE 8.0; Windows NT 5.1; WOW64; Trident/4.0; SLCC2; .NET CLR 2.0.50727; .NET CLR 3.5.30729; .NET CLR 3.0.30729; 360SE)" "-"
202.102.86.226 - - [29/Jul/2015:16:16:00 +0800] "GET /css/about.css HTTP/1.1" 200 2133 "http://www.sinbad.com.cn/aboutDirect?page=mediareports" "Mozilla/4.0 (compatible; MSIE 8.0; Windows NT 5.1; WOW64; Trident/4.0; SLCC2; .NET CLR 2.0.50727; .NET CLR 3.5.30729; .NET CLR 3.0.30729; 360SE)" "-"
202.102.86.226 - - [29/Jul/2015:16:16:00 +0800] "GET /js/jquery.js HTTP/1.1" 200 37209 "http://www.sinbad.com.cn/aboutDirect?page=mediareports" "Mozilla/4.0 (compatible; MSIE 8.0; Windows NT 5.1; WOW64; Trident/4.0; SLCC2; .NET CLR 2.0.50727; .NET CLR 3.5.30729; .NET CLR 3.0.30729; 360SE)" "-"
119.130.187.39 - - [29/Jul/2015:16:16:01 +0800] "POST /admin/remind/newOrderRemind HTTP/1.1" 200 2 "http://www.sinbad.com.cn/login" "Mozilla/5.0 (Windows NT 6.1; WOW64) AppleWebKit/537.36 (KHTML, like Gecko) Chrome/41.0.2272.118 Safari/537.36" "-"
60.235.42.86 - - [29/Jul/2015:16:16:01 +0800] "GET /static/upload/images/2015-03-26/f756a980-43e3-4344-ae5c-42ad3c0db14a.jpg HTTP/1.1" 200 223709 "http://image.baidu.com/search/detail?ct=503316480&z=0&ipn=d&word=%E6%9C%80%E5%90%8E%E7%9A%84%E6%99%9A%E9%A4%90&step_word=&pn=93&spn=0&di=17749068700&pi=&rn=1&tn=baiduimagedetail&is=0%2C0&istype=0&ie=utf-8&oe=utf-8&in=&cl=2&lm=-1&st=undefined&cs=1266028601%2C81616457&os=1454593666%2C112824300&adpicid=0&ln=1000&fr=ala&fmq=1438157657903_R&ic=undefined&s=undefined&se=&sme=&tab=0&width=&height=&face=undefined&ist=&jit=&cg=&bdtype=0&objurl=http%3A%2F%2Fimg4.duitang.com%2Fuploads%2Fitem%2F201206%2F21%2F20120621222427_43UPT.thumb.600_0.jpeg&fromurl=ippr_z2C%24qAzdH3FAzdH3Fooo_z%26e3B17tpwg2_z%26e3Bv54AzdH3Frj5rsjAzdH3F4ks52AzdH3Fml0dlacnAzdH3F1jpwtsAzdH3F&gsm=0" "Mozilla/5.0 (Macintosh; Intel Mac OS X 10_7_3) AppleWebKit/534.53.11 (KHTML, like Gecko) Version/5.1.3 Safari/534.53.10" "-"
119.130.187.39 - - [29/Jul/2015:16:16:01 +0800] "POST /admin/remind/newOrderRemind HTTP/1.1" 200 2 "http://www.sinbad.com.cn/login#rel0007-3" "Mozilla/4.0 (compatible; MSIE 7.0; Windows NT 5.1; Trident/4.0; .NET CLR 2.0.50727; .NET CLR 3.0.4506.2152; .NET CLR 3.5.30729)" "-"
119.130.187.39 - - [29/Jul/2015:16:16:02 +0800] "POST /admin/remind/newOrderRemind HTTP/1.1" 200 2 "http://www.sinbad.com.cn/login" "Mozilla/5.0 (Windows NT 6.3; WOW64) AppleWebKit/537.36 (KHTML, like Gecko) Chrome/43.0.2357.81 Safari/537.36" "-"
123.121.55.143 - - [29/Jul/2015:16:16:02 +0800] "GET /static/upload/images/2015-01-30/2550de65-ab85-4739-b39f-8107ff9333ec.jpg HTTP/1.1" 200 182941 "http://image.baidu.com/search/detail?ct=503316480&z=3&ipn=d&word=%E5%B8%9D%E5%9B%BD%E5%A4%A7%E5%8E%A6&step_word=&pn=38&spn=0&di=5074421440&pi=&rn=1&tn=baiduimagedetail&is=0%2C0&istype=0&ie=utf-8&oe=utf-8&in=&cl=2&lm=-1&st=undefined&cs=11778165%2C679783381&os=1561129187%2C1193790580&adpicid=0&ln=1000&fr=ala&fmq=1438157189366_R&ic=undefined&s=undefined&se=&sme=&tab=0&width=&height=&face=undefined&ist=&jit=&cg=&bdtype=0&objurl=http%3A%2F%2Fimg102.mypsd.com.cn%2F20120809%2F1%2FMypsd_176980_201208091655490007B.jpg&fromurl=ippr_z2C%24qAzdH3FAzdH3Fooo_z%26e3B4yrf1_z%26e3Bv54_z%26e3BvgAzdH3F1jpwtsAzdH3F%3Fdnaca88&gsm=78" "Mozilla/5.0 (Windows NT 6.1; WOW64) AppleWebKit/537.36 (KHTML, like Gecko) Chrome/31.0.1650.63 Safari/537.36" "-"
113.67.132.125 - - [29/Jul/2015:16:16:07 +0800] "POST /admin/base/baseBanner/add HTTP/1.1" 200 127 "http://www.sinbad.com.cn/login" "Mozilla/5.0 (Windows NT 6.1; WOW64) AppleWebKit/537.36 (KHTML, like Gecko) Chrome/45.0.2427.7 Safari/537.36" "-"
113.67.132.125 - - [29/Jul/2015:16:16:07 +0800] "GET /static/js/dwz_jui/themes/default/images/alert/alertpanel_icon.png HTTP/1.1" 200 1680 "http://www.sinbad.com.cn/static/js/dwz_jui/themes/default/style.css" "Mozilla/5.0 (Windows NT 6.1; WOW64) AppleWebKit/537.36 (KHTML, like Gecko) Chrome/45.0.2427.7 Safari/537.36" "-"
113.67.132.125 - - [29/Jul/2015:16:16:07 +0800] "GET /static/js/dwz_jui/themes/default/images/alert/alertpanel.png HTTP/1.1" 200 238 "http://www.sinbad.com.cn/static/js/dwz_jui/themes/default/style.css" "Mozilla/5.0 (Windows NT 6.1; WOW64) AppleWebKit/537.36 (KHTML, like Gecko) Chrome/45.0.2427.7 Safari/537.36" "-"
119.130.187.39 - - [29/Jul/2015:16:16:07 +0800] "POST /admin/remind/newOrderRemind HTTP/1.1" 200 2 "http://www.sinbad.com.cn/login" "Mozilla/5.0 (Windows NT 6.1; WOW64) AppleWebKit/537.36 (KHTML, like Gecko) Chrome/31.0.1650.63 Safari/537.36" "-"
14.192.213.133 - - [29/Jul/2015:16:16:07 +0800] "GET /route/routeId85.html HTTP/1.1" 200 23520 "https://www.google.com/" "Mozilla/5.0 (Macintosh; Intel Mac OS X 10_10_3) AppleWebKit/600.5.17 (KHTML, like Gecko) Version/8.0.5 Safari/600.5.17" "-"
119.130.187.39 - - [29/Jul/2015:16:16:07 +0800] "POST /admin/remind/newOrderRemind HTTP/1.1" 200 2 "http://www.sinbad.com.cn/login#_blank" "Mozilla/4.0 (compatible; MSIE 7.0; Windows NT 6.3; WOW64; Trident/7.0; .NET4.0E; .NET4.0C; Tablet PC 2.0; .NET CLR 3.5.30729; .NET CLR 2.0.50727; .NET CLR 3.0.30729; InfoPath.2; GWX:QUALIFIED; LCJB)" "-"
14.192.213.133 - - [29/Jul/2015:16:16:08 +0800] "GET /css/detail.css HTTP/1.1" 200 5461 "http://www.sinbad.com.cn/route/routeId85.html" "Mozilla/5.0 (Macintosh; Intel Mac OS X 10_10_3) AppleWebKit/600.5.17 (KHTML, like Gecko) Version/8.0.5 Safari/600.5.17" "-"
14.192.213.133 - - [29/Jul/2015:16:16:08 +0800] "GET /js/global.js HTTP/1.1" 200 4857 "http://www.sinbad.com.cn/route/routeId85.html" "Mozilla/5.0 (Macintosh; Intel Mac OS X 10_10_3) AppleWebKit/600.5.17 (KHTML, like Gecko) Version/8.0.5 Safari/600.5.17" "-"
14.192.213.133 - - [29/Jul/2015:16:16:09 +0800] "GET /css/global.css HTTP/1.1" 200 5546 "http://www.sinbad.com.cn/route/routeId85.html" "Mozilla/5.0 (Macintosh; Intel Mac OS X 10_10_3) AppleWebKit/600.5.17 (KHTML, like Gecko) Version/8.0.5 Safari/600.5.17" "-"
119.130.187.39 - - [29/Jul/2015:16:16:09 +0800] "POST /admin/remind/newOrderRemind HTTP/1.1" 200 2 "http://www.sinbad.com.cn/login" "Mozilla/5.0 (Windows NT 6.3; WOW64) AppleWebKit/537.36 (KHTML, like Gecko) Chrome/38.0.2125.122 Safari/537.36" "-"
113.67.132.125 - - [29/Jul/2015:16:16:11 +0800] "GET / HTTP/1.1" 200 8310 "-" "Mozilla/5.0 (Windows NT 6.1; WOW64) AppleWebKit/537.36 (KHTML, like Gecko) Chrome/45.0.2427.7 Safari/537.36" "-"
113.67.132.125 - - [29/Jul/2015:16:16:11 +0800] "GET /css/index.css HTTP/1.1" 304 0 "http://www.sinbad.com.cn/" "Mozilla/5.0 (Windows NT 6.1; WOW64) AppleWebKit/537.36 (KHTML, like Gecko) Chrome/45.0.2427.7 Safari/537.36" "-"
113.67.132.125 - - [29/Jul/2015:16:16:11 +0800] "GET /js/jquery.js HTTP/1.1" 304 0 "http://www.sinbad.com.cn/" "Mozilla/5.0 (Windows NT 6.1; WOW64) AppleWebKit/537.36 (KHTML, like Gecko) Chrome/45.0.2427.7 Safari/537.36" "-"
14.192.213.133 - - [29/Jul/2015:16:16:11 +0800] "GET /static/upload/images/2014-09-16/e5d51b4c-7996-44ea-a3c6-b8ff7727d957.jpg HTTP/1.1" 200 34528 "https://www.google.com/" "Mozilla/5.0 (Macintosh; Intel Mac OS X 10_10_3) AppleWebKit/600.5.17 (KHTML, like Gecko) Version/8.0.5 Safari/600.5.17" "-"
113.67.132.125 - - [29/Jul/2015:16:16:11 +0800] "GET /js/global.js HTTP/1.1" 304 0 "http://www.sinbad.com.cn/" "Mozilla/5.0 (Windows NT 6.1; WOW64) AppleWebKit/537.36 (KHTML, like Gecko) Chrome/45.0.2427.7 Safari/537.36" "-"
113.67.132.125 - - [29/Jul/2015:16:16:11 +0800] "GET /js/jquery.lazyload.js HTTP/1.1" 304 0 "http://www.sinbad.com.cn/" "Mozilla/5.0 (Windows NT 6.1; WOW64) AppleWebKit/537.36 (KHTML, like Gecko) Chrome/45.0.2427.7 Safari/537.36" "-"
113.67.132.125 - - [29/Jul/2015:16:16:11 +0800] "GET /js/index.js HTTP/1.1" 304 0 "http://www.sinbad.com.cn/" "Mozilla/5.0 (Windows NT 6.1; WOW64) AppleWebKit/537.36 (KHTML, like Gecko) Chrome/45.0.2427.7 Safari/537.36" "-"
113.67.132.125 - - [29/Jul/2015:16:16:11 +0800] "GET /css/global.css HTTP/1.1" 304 0 "http://www.sinbad.com.cn/" "Mozilla/5.0 (Windows NT 6.1; WOW64) AppleWebKit/537.36 (KHTML, like Gecko) Chrome/45.0.2427.7 Safari/537.36" "-"
119.130.187.39 - - [29/Jul/2015:16:16:12 +0800] "POST /admin/remind/newOrderRemind HTTP/1.0" 200 2 "http://www.sinbad.com.cn/login" "Mozilla/5.0 (Windows NT 6.1; WOW64) AppleWebKit/537.36 (KHTML, like Gecko) Chrome/39.0.2171.99 Safari/537.36 LBBROWSER" "-"
14.192.213.133 - - [29/Jul/2015:16:16:12 +0800] "GET /static/upload/images/2014-09-24/d8d26348-eaa2-469f-8638-6479f4bd2a2a.jpg HTTP/1.1" 200 532692 "http://www.sinbad.com.cn/route/routeId85.html" "Mozilla/5.0 (Macintosh; Intel Mac OS X 10_10_3) AppleWebKit/600.5.17 (KHTML, like Gecko) Version/8.0.5 Safari/600.5.17" "-"
119.130.187.39 - - [29/Jul/2015:16:16:12 +0800] "POST /admin/remind/newOrderRemind HTTP/1.1" 200 2 "http://www.sinbad.com.cn/login" "Mozilla/5.0 (Windows NT 6.1) AppleWebKit/537.36 (KHTML, like Gecko) Chrome/44.0.2403.89 Safari/537.36" "-"
14.192.213.133 - - [29/Jul/2015:16:16:13 +0800] "GET /js/detail.js HTTP/1.1" 200 8619 "http://www.sinbad.com.cn/route/routeId85.html" "Mozilla/5.0 (Macintosh; Intel Mac OS X 10_10_3) AppleWebKit/600.5.17 (KHTML, like Gecko) Version/8.0.5 Safari/600.5.17" "-"
14.192.213.133 - - [29/Jul/2015:16:16:13 +0800] "GET /static/upload/images/2014-09-24/ee3a2e78-dd30-4b97-9397-ca0a209fd6ca.jpg HTTP/1.1" 200 505892 "http://www.sinbad.com.cn/route/routeId85.html" "Mozilla/5.0 (Macintosh; Intel Mac OS X 10_10_3) AppleWebKit/600.5.17 (KHTML, like Gecko) Version/8.0.5 Safari/600.5.17" "-"
14.192.213.133 - - [29/Jul/2015:16:16:13 +0800] "GET /static/upload/images/2014-09-24/1e489971-97d1-4a5e-a25a-febbe3b69763.jpg HTTP/1.1" 200 548428 "http://www.sinbad.com.cn/route/routeId85.html" "Mozilla/5.0 (Macintosh; Intel Mac OS X 10_10_3) AppleWebKit/600.5.17 (KHTML, like Gecko) Version/8.0.5 Safari/600.5.17" "-"
14.192.213.133 - - [29/Jul/2015:16:16:13 +0800] "GET /js/jquery.lazy.min.js HTTP/1.1" 200 1234 "http://www.sinbad.com.cn/route/routeId85.html" "Mozilla/5.0 (Macintosh; Intel Mac OS X 10_10_3) AppleWebKit/600.5.17 (KHTML, like Gecko) Version/8.0.5 Safari/600.5.17" "-"
202.102.86.226 - - [29/Jul/2015:16:16:14 +0800] "GET /hotelIndex HTTP/1.1" 200 6544 "http://www.sinbad.com.cn/aboutDirect?page=mediareports" "Mozilla/4.0 (compatible; MSIE 8.0; Windows NT 5.1; WOW64; Trident/4.0; SLCC2; .NET CLR 2.0.50727; .NET CLR 3.5.30729; .NET CLR 3.0.30729; 360SE)" "-"
202.102.86.226 - - [29/Jul/2015:16:16:14 +0800] "GET /css/house.css HTTP/1.1" 200 859 "http://www.sinbad.com.cn/hotelIndex" "Mozilla/4.0 (compatible; MSIE 8.0; Windows NT 5.1; WOW64; Trident/4.0; SLCC2; .NET CLR 2.0.50727; .NET CLR 3.5.30729; .NET CLR 3.0.30729; 360SE)" "-"
14.192.213.133 - - [29/Jul/2015:16:16:14 +0800] "GET /js/calendar/WdatePicker.js HTTP/1.1" 200 4342 "http://www.sinbad.com.cn/route/routeId85.html" "Mozilla/5.0 (Macintosh; Intel Mac OS X 10_10_3) AppleWebKit/600.5.17 (KHTML, like Gecko) Version/8.0.5 Safari/600.5.17" "-"
202.102.86.226 - - [29/Jul/2015:16:16:14 +0800] "GET /js/jquery.lazyload.js HTTP/1.1" 200 2529 "http://www.sinbad.com.cn/hotelIndex" "Mozilla/4.0 (compatible; MSIE 8.0; Windows NT 5.1; WOW64; Trident/4.0; SLCC2; .NET CLR 2.0.50727; .NET CLR 3.5.30729; .NET CLR 3.0.30729; 360SE)" "-"
202.102.86.226 - - [29/Jul/2015:16:16:14 +0800] "GET /js/house.js HTTP/1.1" 200 651 "http://www.sinbad.com.cn/hotelIndex" "Mozilla/4.0 (compatible; MSIE 8.0; Windows NT 5.1; WOW64; Trident/4.0; SLCC2; .NET CLR 2.0.50727; .NET CLR 3.5.30729; .NET CLR 3.0.30729; 360SE)" "-"
14.192.213.133 - - [29/Jul/2015:16:16:15 +0800] "GET /static/upload/images/2014-09-24/b040b49a-d4c1-4191-b255-eab878ab3e85.jpg HTTP/1.1" 200 751180 "http://www.sinbad.com.cn/route/routeId85.html" "Mozilla/5.0 (Macintosh; Intel Mac OS X 10_10_3) AppleWebKit/600.5.17 (KHTML, like Gecko) Version/8.0.5 Safari/600.5.17" "-"
113.67.132.125 - - [29/Jul/2015:16:16:15 +0800] "POST /admin/remind/newOrderRemind HTTP/1.1" 200 2 "http://www.sinbad.com.cn/login" "Mozilla/5.0 (Windows NT 6.1; WOW64) AppleWebKit/537.36 (KHTML, like Gecko) Chrome/43.0.2357.134 Safari/537.36" "-"
23.91.97.32 - - [29/Jul/2015:16:16:15 +0800] "POST /admin/remind/newOrderRemind HTTP/1.1" 200 153 "http://www.sinbad.com.cn/login" "Mozilla/5.0 (Windows NT 6.1) AppleWebKit/537.36 (KHTML, like Gecko) Chrome/43.0.2357.134 Safari/537.36" "-"
14.192.213.133 - - [29/Jul/2015:16:16:17 +0800] "GET /static/upload/images/2014-04-28/42dc5351-dcd8-4193-b777-fe6c2146d3dd.jpg HTTP/1.1" 200 435102 "http://www.sinbad.com.cn/route/routeId85.html" "Mozilla/5.0 (Macintosh; Intel Mac OS X 10_10_3) AppleWebKit/600.5.17 (KHTML, like Gecko) Version/8.0.5 Safari/600.5.17" "-"
113.67.132.125 - - [29/Jul/2015:16:16:17 +0800] "GET /hotelIndex HTTP/1.1" 200 6577 "http://www.sinbad.com.cn/" "Mozilla/5.0 (Windows NT 6.1; WOW64) AppleWebKit/537.36 (KHTML, like Gecko) Chrome/45.0.2427.7 Safari/537.36" "-"
14.192.213.133 - - [29/Jul/2015:16:16:18 +0800] "GET /static/upload/images/2014-04-28/90f5521b-081b-45b5-9522-86ff73bf30e3.jpg HTTP/1.1" 200 667390 "http://www.sinbad.com.cn/route/routeId85.html" "Mozilla/5.0 (Macintosh; Intel Mac OS X 10_10_3) AppleWebKit/600.5.17 (KHTML, like Gecko) Version/8.0.5 Safari/600.5.17" "-"
14.192.213.133 - - [29/Jul/2015:16:16:18 +0800] "GET /static/upload/images/2014-04-28/6c635035-fcd4-41a5-8fe8-0ab209692040.jpg HTTP/1.1" 200 421462 "http://www.sinbad.com.cn/route/routeId85.html" "Mozilla/5.0 (Macintosh; Intel Mac OS X 10_10_3) AppleWebKit/600.5.17 (KHTML, like Gecko) Version/8.0.5 Safari/600.5.17" "-"
113.67.132.125 - - [29/Jul/2015:16:16:18 +0800] "GET /css/house.css HTTP/1.1" 304 0 "http://www.sinbad.com.cn/hotelIndex" "Mozilla/5.0 (Windows NT 6.1; WOW64) AppleWebKit/537.36 (KHTML, like Gecko) Chrome/45.0.2427.7 Safari/537.36" "-"
113.67.132.125 - - [29/Jul/2015:16:16:18 +0800] "GET /js/house.js HTTP/1.1" 304 0 "http://www.sinbad.com.cn/hotelIndex" "Mozilla/5.0 (Windows NT 6.1; WOW64) AppleWebKit/537.36 (KHTML, like Gecko) Chrome/45.0.2427.7 Safari/537.36" "-"
119.130.187.39 - - [29/Jul/2015:16:16:21 +0800] "POST /admin/remind/newOrderRemind HTTP/1.1" 200 2 "http://www.sinbad.com.cn/login" "Mozilla/5.0 (Windows NT 6.3; WOW64) AppleWebKit/537.36 (KHTML, like Gecko) Chrome/31.0.1650.63 Safari/537.36" "-"
119.130.187.39 - - [29/Jul/2015:16:16:21 +0800] "POST /admin/remind/newOrderRemind HTTP/1.1" 200 153 "http://www.sinbad.com.cn/login" "Mozilla/5.0 (Windows NT 5.1) AppleWebKit/537.36 (KHTML, like Gecko) Chrome/43.0.2357.124 Safari/537.36" "-"
23.91.97.32 - - [29/Jul/2015:16:16:22 +0800] "POST /admin/remind/newOrderRemind HTTP/1.1" 200 153 "http://www.sinbad.com.cn/login" "Mozilla/5.0 (Windows NT 6.3; WOW64) AppleWebKit/537.36 (KHTML, like Gecko) Chrome/44.0.2403.107 Safari/537.36" "-"
14.192.213.133 - - [29/Jul/2015:16:16:22 +0800] "GET /js/jquery.js HTTP/1.1" 200 37209 "http://www.sinbad.com.cn/route/routeId85.html" "Mozilla/5.0 (Macintosh; Intel Mac OS X 10_10_3) AppleWebKit/600.5.17 (KHTML, like Gecko) Version/8.0.5 Safari/600.5.17" "-"
14.192.213.133 - - [29/Jul/2015:16:16:22 +0800] "GET /static/upload/images/2014-04-28/2d1c2ae9-825d-446d-9665-b984ef284743.jpg HTTP/1.1" 200 412279 "http://www.sinbad.com.cn/route/routeId85.html" "Mozilla/5.0 (Macintosh; Intel Mac OS X 10_10_3) AppleWebKit/600.5.17 (KHTML, like Gecko) Version/8.0.5 Safari/600.5.17" "-"
113.67.132.125 - - [29/Jul/2015:16:16:24 +0800] "POST /admin/remind/newOrderRemind HTTP/1.1" 200 2 "http://www.sinbad.com.cn/login" "Mozilla/5.0 (Windows NT 6.1; WOW64) AppleWebKit/537.36 (KHTML, like Gecko) Chrome/43.0.2357.134 Safari/537.36" "-"
