119.130.187.39 - - [29/Jul/2015:16:19:31 +0800] "POST /admin/remind/newOrderRemind HTTP/1.1" 200 2 "http://www.sinbad.com.cn/login" "Mozilla/5.0 (Windows NT 6.3; WOW64) AppleWebKit/537.36 (KHTML, like Gecko) Chrome/38.0.2125.122 Safari/537.36" "-"
58.213.112.35 - - [29/Jul/2015:16:19:31 +0800] "GET /static/upload/images/2015-03-05/61605985-44ca-4d6f-8ea5-1bd464b3b70a.jpg HTTP/1.1" 200 340712 "http://www.sinbad.com.cn/routeDetail?routeId=574" "Mozilla/5.0 (Windows NT 6.1; WOW64; rv:24.0) Gecko/20100101 Firefox/24.0" "-"
119.130.187.39 - - [29/Jul/2015:16:19:32 +0800] "POST /admin/remind/newOrderRemind HTTP/1.1" 200 2 "http://www.sinbad.com.cn/login" "Mozilla/5.0 (Windows NT 6.1) AppleWebKit/537.36 (KHTML, like Gecko) Chrome/44.0.2403.89 Safari/537.36" "-"
58.213.112.35 - - [29/Jul/2015:16:19:32 +0800] "GET /static/upload/images/2015-03-05/c97ef77f-37ca-43ff-9afa-03d6b2667aa1.jpg HTTP/1.1" 200 595537 "http://www.sinbad.com.cn/routeDetail?routeId=574" "Mozilla/5.0 (Windows NT 6.1; WOW64; rv:24.0) Gecko/20100101 Firefox/24.0" "-"
58.213.112.35 - - [29/Jul/2015:16:19:33 +0800] "GET /static/upload/images/2015-03-12/dc2478fc-0fc7-4955-9651-5654950eb448.jpg HTTP/1.1" 200 435217 "http://www.sinbad.com.cn/routeDetail?routeId=574" "Mozilla/5.0 (Windows NT 6.1; WOW64; rv:24.0) Gecko/20100101 Firefox/24.0" "-"
58.213.112.35 - - [29/Jul/2015:16:19:33 +0800] "GET /static/upload/images/2015-03-05/f113ee27-5f3e-42c2-bd4b-9a2d251e3dbe.jpg HTTP/1.1" 200 225072 "http://www.sinbad.com.cn/routeDetail?routeId=574" "Mozilla/5.0 (Windows NT 6.1; WOW64; rv:24.0) Gecko/20100101 Firefox/24.0" "-"
58.213.112.35 - - [29/Jul/2015:16:19:34 +0800] "GET /static/upload/images/2015-03-05/69a14843-6f64-484f-8ee6-b4104a5bbf9b.jpg HTTP/1.1" 200 398740 "http://www.sinbad.com.cn/routeDetail?routeId=574" "Mozilla/5.0 (Windows NT 6.1; WOW64; rv:24.0) Gecko/20100101 Firefox/24.0" "-"
58.213.112.35 - - [29/Jul/2015:16:19:34 +0800] "GET /static/upload/images/2015-03-05/372dbc31-88b7-4fba-b250-ef99a13d22f7.jpg HTTP/1.1" 200 106136 "http://www.sinbad.com.cn/routeDetail?routeId=574" "Mozilla/5.0 (Windows NT 6.1; WOW64; rv:24.0) Gecko/20100101 Firefox/24.0" "-"
113.67.132.125 - - [29/Jul/2015:16:19:35 +0800] "POST /admin/remind/newOrderRemind HTTP/1.1" 200 2 "http://www.sinbad.com.cn/login" "Mozilla/5.0 (Windows NT 6.1; WOW64) AppleWebKit/537.36 (KHTML, like Gecko) Chrome/43.0.2357.134 Safari/537.36" "-"
58.213.112.35 - - [29/Jul/2015:16:19:35 +0800] "GET /static/upload/images/2015-03-05/c632fff3-ae2f-4835-abaf-71e27d7c2c68.jpg HTTP/1.1" 200 270640 "http://www.sinbad.com.cn/routeDetail?routeId=574" "Mozilla/5.0 (Windows NT 6.1; WOW64; rv:24.0) Gecko/20100101 Firefox/24.0" "-"
58.213.112.35 - - [29/Jul/2015:16:19:35 +0800] "GET /static/upload/images/2015-03-05/70c35815-6fe0-40da-a5ca-b1d875c4faf5.jpg HTTP/1.1" 200 468106 "http://www.sinbad.com.cn/routeDetail?routeId=574" "Mozilla/5.0 (Windows NT 6.1; WOW64; rv:24.0) Gecko/20100101 Firefox/24.0" "-"
122.234.9.144 - - [29/Jul/2015:16:19:35 +0800] "GET /static/upload/images/2015-02-28/5fe7c7fc-95ef-4af4-a60f-1aed967f0d85.jpg HTTP/1.1" 200 513733 "http://image.baidu.com/search/detail?ct=503316480&z=0&ipn=d&word=%E7%A5%9E%E9%B9%BF%E5%85%AC%E5%9B%AD&step_word=&pn=3&spn=0&di=197190788960&pi=&rn=1&tn=baiduimagedetail&is=0%2C0&istype=0&ie=utf-8&oe=utf-8&in=&cl=2&lm=-1&st=-1&cs=1936965964%2C553298121&os=1462311200%2C1219763199&adpicid=0&ln=1000&fr=&fmq=1438157933832_R&ic=0&s=undefined&se=&sme=&tab=0&width=&height=&face=undefined&ist=&jit=&cg=&bdtype=0&objurl=http%3A%2F%2Fwww.my9166.com%2Fuploads%2Flitimg%2F20140217030007_67733.jpg&fromurl=ippr_z2C%24qAzdH3FAzdH3Fooo_z%26e3B4yl8mm_z%26e3Bv54AzdH3F27t1jAzdH3Fvi5g2fijg2-5AzdH3F318mca_z%26e3Bip4s&gsm=0" "Mozilla/5.0 (Windows NT 5.1) AppleWebKit/537.36 (KHTML, like Gecko) Chrome/39.0.2171.99 Safari/537.36 LBBROWSER" "-"
58.213.112.35 - - [29/Jul/2015:16:19:36 +0800] "GET /static/upload/images/2015-03-04/54f7f03c-8f73-4f2a-9ac1-f35449661170.jpg HTTP/1.1" 200 119133 "http://www.sinbad.com.cn/routeDetail?routeId=574" "Mozilla/5.0 (Windows NT 6.1; WOW64; rv:24.0) Gecko/20100101 Firefox/24.0" "-"
58.213.112.35 - - [29/Jul/2015:16:19:36 +0800] "GET /static/upload/images/2015-03-12/1e30be0b-97b3-4711-8830-7f707317e143.jpg HTTP/1.1" 200 1332263 "http://www.sinbad.com.cn/routeDetail?routeId=574" "Mozilla/5.0 (Windows NT 6.1; WOW64; rv:24.0) Gecko/20100101 Firefox/24.0" "-"
58.213.112.35 - - [29/Jul/2015:16:19:36 +0800] "GET /static/upload/images/2015-03-05/a79d0d91-3b40-425e-a006-564d575ecd19.jpg HTTP/1.1" 200 113996 "http://www.sinbad.com.cn/routeDetail?routeId=574" "Mozilla/5.0 (Windows NT 6.1; WOW64; rv:24.0) Gecko/20100101 Firefox/24.0" "-"
58.213.112.35 - - [29/Jul/2015:16:19:36 +0800] "GET /static/upload/images/2015-03-05/3c57b1fa-2e41-42d2-a36c-6be1936961ad.jpg HTTP/1.1" 200 93390 "http://www.sinbad.com.cn/routeDetail?routeId=574" "Mozilla/5.0 (Windows NT 6.1; WOW64; rv:24.0) Gecko/20100101 Firefox/24.0" "-"
58.213.112.35 - - [29/Jul/2015:16:19:37 +0800] "GET /static/upload/images/2015-03-05/04968b35-0515-416a-bef2-4d4483eddef1.jpg HTTP/1.1" 200 260919 "http://www.sinbad.com.cn/routeDetail?routeId=574" "Mozilla/5.0 (Windows NT 6.1; WOW64; rv:24.0) Gecko/20100101 Firefox/24.0" "-"
58.213.112.35 - - [29/Jul/2015:16:19:38 +0800] "GET /static/upload/images/2015-03-04/ad2e0753-9a0f-488a-89dc-e96d4e4bba57.jpg HTTP/1.1" 200 156542 "http://www.sinbad.com.cn/routeDetail?routeId=574" "Mozilla/5.0 (Windows NT 6.1; WOW64; rv:24.0) Gecko/20100101 Firefox/24.0" "-"
119.130.187.39 - - [29/Jul/2015:16:19:39 +0800] "POST /admin/remind/newOrderRemind HTTP/1.0" 200 2 "http://www.sinbad.com.cn/login" "Mozilla/5.0 (Windows NT 6.1; WOW64) AppleWebKit/537.36 (KHTML, like Gecko) Chrome/39.0.2171.99 Safari/537.36 LBBROWSER" "-"
58.213.112.35 - - [29/Jul/2015:16:19:40 +0800] "GET /static/upload/images/2015-03-05/c5b4d224-38d9-4409-af87-43e5688fcb92.jpg HTTP/1.1" 200 160614 "http://www.sinbad.com.cn/routeDetail?routeId=574" "Mozilla/5.0 (Windows NT 6.1; WOW64; rv:24.0) Gecko/20100101 Firefox/24.0" "-"
23.91.97.32 - - [29/Jul/2015:16:19:40 +0800] "POST /admin/remind/newOrderRemind HTTP/1.1" 200 153 "http://www.sinbad.com.cn/login" "Mozilla/5.0 (Windows NT 6.1) AppleWebKit/537.36 (KHTML, like Gecko) Chrome/43.0.2357.134 Safari/537.36" "-"
58.213.112.35 - - [29/Jul/2015:16:19:40 +0800] "GET /static/upload/images/2015-03-05/3f8dfd09-9fc6-49aa-ae80-c5b0f226ab01.jpg HTTP/1.1" 200 315994 "http://www.sinbad.com.cn/routeDetail?routeId=574" "Mozilla/5.0 (Windows NT 6.1; WOW64; rv:24.0) Gecko/20100101 Firefox/24.0" "-"
58.213.112.35 - - [29/Jul/2015:16:19:41 +0800] "GET /static/upload/images/2015-04-09/2bf69eb6-ac3a-4ba6-8c8e-d2eef8772ce5.jpg HTTP/1.1" 200 436600 "http://www.sinbad.com.cn/routeDetail?routeId=574" "Mozilla/5.0 (Windows NT 6.1; WOW64; rv:24.0) Gecko/20100101 Firefox/24.0" "-"
119.130.187.39 - - [29/Jul/2015:16:19:41 +0800] "POST /admin/remind/newOrderRemind HTTP/1.1" 200 2 "http://www.sinbad.com.cn/login" "Mozilla/5.0 (Windows NT 6.3; WOW64) AppleWebKit/537.36 (KHTML, like Gecko) Chrome/31.0.1650.63 Safari/537.36" "-"
58.213.112.35 - - [29/Jul/2015:16:19:41 +0800] "GET /static/upload/images/2015-03-05/92728fe3-b6d1-4853-b30d-0b21aa9cbb23.jpg HTTP/1.1" 200 106095 "http://www.sinbad.com.cn/routeDetail?routeId=574" "Mozilla/5.0 (Windows NT 6.1; WOW64; rv:24.0) Gecko/20100101 Firefox/24.0" "-"
58.213.112.35 - - [29/Jul/2015:16:19:41 +0800] "GET /static/upload/images/2015-03-04/e7fb0a0a-beb8-4a5d-bbd7-785e1985e971.jpg HTTP/1.1" 200 137891 "http://www.sinbad.com.cn/routeDetail?routeId=574" "Mozilla/5.0 (Windows NT 6.1; WOW64; rv:24.0) Gecko/20100101 Firefox/24.0" "-"
58.213.112.35 - - [29/Jul/2015:16:19:42 +0800] "GET /static/upload/images/2015-03-05/19ea9ebf-3d1a-4acd-b3b9-e6552d007405.jpg HTTP/1.1" 200 441470 "http://www.sinbad.com.cn/routeDetail?routeId=574" "Mozilla/5.0 (Windows NT 6.1; WOW64; rv:24.0) Gecko/20100101 Firefox/24.0" "-"
58.213.112.35 - - [29/Jul/2015:16:19:43 +0800] "GET /static/upload/images/2015-03-05/b5eb0ca6-6475-439b-b684-60a6f19978f9.jpg HTTP/1.1" 200 449974 "http://www.sinbad.com.cn/routeDetail?routeId=574" "Mozilla/5.0 (Windows NT 6.1; WOW64; rv:24.0) Gecko/20100101 Firefox/24.0" "-"
58.213.112.35 - - [29/Jul/2015:16:19:44 +0800] "GET /static/upload/images/2015-03-04/fc7c8e6a-07b3-4f6c-95f2-3f3a4fb3d024.jpg HTTP/1.1" 200 145533 "http://www.sinbad.com.cn/routeDetail?routeId=574" "Mozilla/5.0 (Windows NT 6.1; WOW64; rv:24.0) Gecko/20100101 Firefox/24.0" "-"
58.213.112.35 - - [29/Jul/2015:16:19:44 +0800] "GET /static/upload/images/2015-03-05/5e8dd838-88e6-4e71-9958-7c1ae5be2cf7.jpg HTTP/1.1" 200 204231 "http://www.sinbad.com.cn/routeDetail?routeId=574" "Mozilla/5.0 (Windows NT 6.1; WOW64; rv:24.0) Gecko/20100101 Firefox/24.0" "-"
58.213.112.35 - - [29/Jul/2015:16:19:44 +0800] "GET /static/upload/images/2015-03-05/571255e5-2318-43d6-a5ad-00fd507ff73b.jpg HTTP/1.1" 200 107919 "http://www.sinbad.com.cn/routeDetail?routeId=574" "Mozilla/5.0 (Windows NT 6.1; WOW64; rv:24.0) Gecko/20100101 Firefox/24.0" "-"
113.96.88.57 - - [29/Jul/2015:16:19:44 +0800] "POST /admin/remind/newOrderRemind HTTP/1.1" 200 2 "http://www.sinbad.com.cn/login" "Mozilla/5.0 (Windows NT 6.3; WOW64) AppleWebKit/537.36 (KHTML, like Gecko) Chrome/43.0.2357.134 Safari/537.36" "-"
58.213.112.35 - - [29/Jul/2015:16:19:45 +0800] "GET /static/upload/images/2015-03-05/f0074f3a-3615-4f1a-803a-a46d9e2afd41.jpg HTTP/1.1" 200 140377 "http://www.sinbad.com.cn/routeDetail?routeId=574" "Mozilla/5.0 (Windows NT 6.1; WOW64; rv:24.0) Gecko/20100101 Firefox/24.0" "-"
23.91.97.32 - - [29/Jul/2015:16:19:45 +0800] "POST /admin/remind/newOrderRemind HTTP/1.1" 200 153 "http://www.sinbad.com.cn/login" "Mozilla/5.0 (Windows NT 6.3; WOW64) AppleWebKit/537.36 (KHTML, like Gecko) Chrome/44.0.2403.107 Safari/537.36" "-"
58.213.112.35 - - [29/Jul/2015:16:19:45 +0800] "GET /static/upload/images/2015-03-13/b336bd61-c2c5-496c-bbb6-4b764568e642.jpg HTTP/1.1" 200 166169 "http://www.sinbad.com.cn/routeDetail?routeId=574" "Mozilla/5.0 (Windows NT 6.1; WOW64; rv:24.0) Gecko/20100101 Firefox/24.0" "-"
58.213.112.35 - - [29/Jul/2015:16:19:45 +0800] "GET /static/upload/images/2015-03-05/c24e2c92-966d-4140-9d30-5e874bd946dc.jpg HTTP/1.1" 200 235937 "http://www.sinbad.com.cn/routeDetail?routeId=574" "Mozilla/5.0 (Windows NT 6.1; WOW64; rv:24.0) Gecko/20100101 Firefox/24.0" "-"
119.130.187.39 - - [29/Jul/2015:16:19:46 +0800] "POST /admin/remind/newOrderRemind HTTP/1.1" 200 2 "http://www.sinbad.com.cn/login" "Mozilla/5.0 (Windows NT 6.3; WOW64) AppleWebKit/537.36 (KHTML, like Gecko) Chrome/43.0.2357.130 Safari/537.36" "-"
119.130.187.39 - - [29/Jul/2015:16:19:46 +0800] "POST /admin/remind/newOrderRemind HTTP/1.1" 200 2 "http://www.sinbad.com.cn/login#rel0007-3" "Mozilla/4.0 (compatible; MSIE 7.0; Windows NT 5.1; Trident/4.0; .NET CLR 2.0.50727; .NET CLR 3.0.4506.2152; .NET CLR 3.5.30729)" "-"
119.130.187.39 - - [29/Jul/2015:16:19:47 +0800] "POST /admin/remind/newOrderRemind HTTP/1.1" 200 2 "http://www.sinbad.com.cn/login" "Mozilla/5.0 (Windows NT 6.3; WOW64) AppleWebKit/537.36 (KHTML, like Gecko) Chrome/43.0.2357.81 Safari/537.36" "-"
113.67.132.125 - - [29/Jul/2015:16:19:47 +0800] "POST /admin/remind/newOrderRemind HTTP/1.1" 200 153 "http://www.sinbad.com.cn/login" "Mozilla/5.0 (Windows NT 6.1; WOW64) AppleWebKit/537.36 (KHTML, like Gecko) Chrome/45.0.2427.7 Safari/537.36" "-"
58.213.112.35 - - [29/Jul/2015:16:19:47 +0800] "GET /static/upload/images/2015-03-04/74ca85e7-6116-4978-952a-474ec9821dbb.jpg HTTP/1.1" 200 133217 "http://www.sinbad.com.cn/routeDetail?routeId=574" "Mozilla/5.0 (Windows NT 6.1; WOW64; rv:24.0) Gecko/20100101 Firefox/24.0" "-"
58.213.112.35 - - [29/Jul/2015:16:19:47 +0800] "GET /static/upload/images/2015-03-05/9127e3f8-1962-40e5-9b43-d34e94bb29fc.jpg HTTP/1.1" 200 427437 "http://www.sinbad.com.cn/routeDetail?routeId=574" "Mozilla/5.0 (Windows NT 6.1; WOW64; rv:24.0) Gecko/20100101 Firefox/24.0" "-"
58.213.112.35 - - [29/Jul/2015:16:19:47 +0800] "GET /static/upload/images/2015-03-05/4b2774be-443e-4b88-a842-362a059a6b36.jpg HTTP/1.1" 200 80396 "http://www.sinbad.com.cn/routeDetail?routeId=574" "Mozilla/5.0 (Windows NT 6.1; WOW64; rv:24.0) Gecko/20100101 Firefox/24.0" "-"
58.213.112.35 - - [29/Jul/2015:16:19:47 +0800] "GET /static/upload/images/2015-03-05/ee2cde67-19c9-4fc8-81b8-b73c59bb2665.jpg HTTP/1.1" 200 253858 "http://www.sinbad.com.cn/routeDetail?routeId=574" "Mozilla/5.0 (Windows NT 6.1; WOW64; rv:24.0) Gecko/20100101 Firefox/24.0" "-"
113.67.132.125 - - [29/Jul/2015:16:19:49 +0800] "POST /admin/remind/newOrderRemind HTTP/1.1" 200 2 "http://www.sinbad.com.cn/login" "Mozilla/5.0 (Windows NT 6.1; WOW64) AppleWebKit/537.36 (KHTML, like Gecko) Chrome/43.0.2357.134 Safari/537.36" "-"
119.130.187.39 - - [29/Jul/2015:16:19:49 +0800] "POST /admin/remind/newOrderRemind HTTP/1.1" 200 2 "http://www.sinbad.com.cn/login" "Mozilla/5.0 (Windows NT 6.1; WOW64) AppleWebKit/537.36 (KHTML, like Gecko) Chrome/41.0.2272.118 Safari/537.36" "-"
58.213.112.35 - - [29/Jul/2015:16:19:49 +0800] "GET /static/upload/images/2015-03-05/a35d383d-1756-42be-a85d-0ba17dc91fff.jpg HTTP/1.1" 200 264749 "http://www.sinbad.com.cn/routeDetail?routeId=574" "Mozilla/5.0 (Windows NT 6.1; WOW64; rv:24.0) Gecko/20100101 Firefox/24.0" "-"
58.213.112.35 - - [29/Jul/2015:16:19:49 +0800] "GET /static/upload/images/2015-03-05/3b70fac5-b1e8-47b4-8eb7-e34f16778f6a.jpg HTTP/1.1" 200 515824 "http://www.sinbad.com.cn/routeDetail?routeId=574" "Mozilla/5.0 (Windows NT 6.1; WOW64; rv:24.0) Gecko/20100101 Firefox/24.0" "-"
46.151.52.66 - - [29/Jul/2015:16:19:50 +0800] "GET / HTTP/1.0" 200 28225 "http://www.sinbad.com.cn/" "Mozilla/5.0 (Windows NT 6.1; WOW64) AppleWebKit/537.36 (KHTML, like Gecko) Chrome/41.0.2272.101 Safari/537.36" "-"
66.249.67.76 - - [29/Jul/2015:16:19:51 +0800] "GET /static/upload/images/2014-09-17/8ff454a8-bcdc-45dd-b708-7d94b7da1af6.png HTTP/1.1" 200 539503 "-" "Googlebot-Image/1.0" "-"
58.213.112.35 - - [29/Jul/2015:16:19:52 +0800] "GET /static/upload/images/2015-03-05/ed06099d-2f22-4e88-b4e5-bd02485da023.jpg HTTP/1.1" 200 729121 "http://www.sinbad.com.cn/routeDetail?routeId=574" "Mozilla/5.0 (Windows NT 6.1; WOW64; rv:24.0) Gecko/20100101 Firefox/24.0" "-"
119.130.187.39 - - [29/Jul/2015:16:19:52 +0800] "POST /admin/remind/newOrderRemind HTTP/1.1" 200 2 "http://www.sinbad.com.cn/login" "Mozilla/5.0 (Windows NT 6.1; WOW64) AppleWebKit/537.36 (KHTML, like Gecko) Chrome/31.0.1650.63 Safari/537.36" "-"
119.130.187.39 - - [29/Jul/2015:16:19:52 +0800] "POST /admin/remind/newOrderRemind HTTP/1.1" 200 2 "http://www.sinbad.com.cn/login#_blank" "Mozilla/4.0 (compatible; MSIE 7.0; Windows NT 6.3; WOW64; Trident/7.0; .NET4.0E; .NET4.0C; Tablet PC 2.0; .NET CLR 3.5.30729; .NET CLR 2.0.50727; .NET CLR 3.0.30729; InfoPath.2; GWX:QUALIFIED; LCJB)" "-"
119.130.187.39 - - [29/Jul/2015:16:19:57 +0800] "POST /admin/remind/newOrderRemind HTTP/1.1" 200 2 "http://www.sinbad.com.cn/login" "Mozilla/5.0 (Windows NT 6.3; WOW64) AppleWebKit/537.36 (KHTML, like Gecko) Chrome/38.0.2125.122 Safari/537.36" "-"
119.130.187.39 - - [29/Jul/2015:16:19:57 +0800] "POST /admin/remind/newOrderRemind HTTP/1.1" 200 2 "http://www.sinbad.com.cn/login" "Mozilla/5.0 (Windows NT 6.1) AppleWebKit/537.36 (KHTML, like Gecko) Chrome/44.0.2403.89 Safari/537.36" "-"
113.67.132.125 - - [29/Jul/2015:16:20:00 +0800] "POST /admin/remind/newOrderRemind HTTP/1.1" 200 2 "http://www.sinbad.com.cn/login" "Mozilla/5.0 (Windows NT 6.1; WOW64) AppleWebKit/537.36 (KHTML, like Gecko) Chrome/43.0.2357.134 Safari/537.36" "-"
101.226.33.204 - - [29/Jul/2015:16:20:00 +0800] "GET /static/js/dwz_jui/uploadify/scripts/uploadify.swf?preventswfcaching=1438157190295 HTTP/1.1" 200 12675 "http://www.sinbad.com.cn/login" "Mozilla/5.0 (Linux; U; Android 4.4.2; zh-cn; GT-I9500 Build/KOT49H) AppleWebKit/537.36 (KHTML, like Gecko)Version/4.0 MQQBrowser/5.0 QQ-Manager Mobile Safari/537.36" "-"
119.130.187.39 - - [29/Jul/2015:16:20:05 +0800] "POST /admin/remind/newOrderRemind HTTP/1.0" 200 2 "http://www.sinbad.com.cn/login" "Mozilla/5.0 (Windows NT 6.1; WOW64) AppleWebKit/537.36 (KHTML, like Gecko) Chrome/39.0.2171.99 Safari/537.36 LBBROWSER" "-"
23.91.97.32 - - [29/Jul/2015:16:20:05 +0800] "POST /admin/remind/newOrderRemind HTTP/1.1" 200 153 "http://www.sinbad.com.cn/login" "Mozilla/5.0 (Windows NT 6.1) AppleWebKit/537.36 (KHTML, like Gecko) Chrome/43.0.2357.134 Safari/537.36" "-"
119.130.187.39 - - [29/Jul/2015:16:20:06 +0800] "POST /admin/remind/newOrderRemind HTTP/1.1" 200 2 "http://www.sinbad.com.cn/login" "Mozilla/5.0 (Windows NT 6.3; WOW64) AppleWebKit/537.36 (KHTML, like Gecko) Chrome/31.0.1650.63 Safari/537.36" "-"
113.96.88.57 - - [29/Jul/2015:16:20:09 +0800] "POST /admin/remind/newOrderRemind HTTP/1.1" 200 2 "http://www.sinbad.com.cn/login" "Mozilla/5.0 (Windows NT 6.3; WOW64) AppleWebKit/537.36 (KHTML, like Gecko) Chrome/43.0.2357.134 Safari/537.36" "-"
23.91.97.32 - - [29/Jul/2015:16:20:10 +0800] "POST /admin/remind/newOrderRemind HTTP/1.1" 200 153 "http://www.sinbad.com.cn/login" "Mozilla/5.0 (Windows NT 6.3; WOW64) AppleWebKit/537.36 (KHTML, like Gecko) Chrome/44.0.2403.107 Safari/537.36" "-"
119.130.187.39 - - [29/Jul/2015:16:20:11 +0800] "POST /admin/remind/newOrderRemind HTTP/1.1" 200 2 "http://www.sinbad.com.cn/login" "Mozilla/5.0 (Windows NT 6.3; WOW64) AppleWebKit/537.36 (KHTML, like Gecko) Chrome/43.0.2357.130 Safari/537.36" "-"
119.130.187.39 - - [29/Jul/2015:16:20:11 +0800] "POST /admin/remind/newOrderRemind HTTP/1.1" 200 2 "http://www.sinbad.com.cn/login#rel0007-3" "Mozilla/4.0 (compatible; MSIE 7.0; Windows NT 5.1; Trident/4.0; .NET CLR 2.0.50727; .NET CLR 3.0.4506.2152; .NET CLR 3.5.30729)" "-"
119.130.187.39 - - [29/Jul/2015:16:20:12 +0800] "POST /admin/remind/newOrderRemind HTTP/1.1" 200 2 "http://www.sinbad.com.cn/login" "Mozilla/5.0 (Windows NT 6.3; WOW64) AppleWebKit/537.36 (KHTML, like Gecko) Chrome/43.0.2357.81 Safari/537.36" "-"
113.67.132.125 - - [29/Jul/2015:16:20:12 +0800] "POST /admin/remind/newOrderRemind HTTP/1.1" 200 153 "http://www.sinbad.com.cn/login" "Mozilla/5.0 (Windows NT 6.1; WOW64) AppleWebKit/537.36 (KHTML, like Gecko) Chrome/45.0.2427.7 Safari/537.36" "-"
23.91.97.32 - - [29/Jul/2015:16:20:13 +0800] "POST /admin/base/baseRoute/newSaveRoute HTTP/1.1" 200 3889 "http://www.sinbad.com.cn/login" "Mozilla/5.0 (Windows NT 6.1) AppleWebKit/537.36 (KHTML, like Gecko) Chrome/43.0.2357.134 Safari/537.36" "-"
113.67.132.125 - - [29/Jul/2015:16:20:14 +0800] "POST /admin/remind/newOrderRemind HTTP/1.1" 200 2 "http://www.sinbad.com.cn/login" "Mozilla/5.0 (Windows NT 6.1; WOW64) AppleWebKit/537.36 (KHTML, like Gecko) Chrome/43.0.2357.134 Safari/537.36" "-"
119.130.187.39 - - [29/Jul/2015:16:20:14 +0800] "POST /admin/remind/newOrderRemind HTTP/1.1" 200 2 "http://www.sinbad.com.cn/login" "Mozilla/5.0 (Windows NT 6.1; WOW64) AppleWebKit/537.36 (KHTML, like Gecko) Chrome/41.0.2272.118 Safari/537.36" "-"
220.181.108.87 - - [29/Jul/2015:16:20:15 +0800] "GET /destination4369/ HTTP/1.1" 404 5 "-" "Mozilla/5.0 (compatible; Baiduspider/2.0; +http://www.baidu.com/search/spider.html)" "-"
119.130.187.39 - - [29/Jul/2015:16:20:17 +0800] "POST /admin/remind/newOrderRemind HTTP/1.1" 200 2 "http://www.sinbad.com.cn/login" "Mozilla/5.0 (Windows NT 6.1; WOW64) AppleWebKit/537.36 (KHTML, like Gecko) Chrome/31.0.1650.63 Safari/537.36" "-"
119.130.187.39 - - [29/Jul/2015:16:20:17 +0800] "POST /admin/remind/newOrderRemind HTTP/1.1" 200 2 "http://www.sinbad.com.cn/login#_blank" "Mozilla/4.0 (compatible; MSIE 7.0; Windows NT 6.3; WOW64; Trident/7.0; .NET4.0E; .NET4.0C; Tablet PC 2.0; .NET CLR 3.5.30729; .NET CLR 2.0.50727; .NET CLR 3.0.30729; InfoPath.2; GWX:QUALIFIED; LCJB)" "-"
119.98.227.126 - - [29/Jul/2015:16:20:17 +0800] "GET /static/upload/images/2014-09-02/4435f6f2-ee17-4cbf-8afc-cb4ea65afc35.jpg HTTP/1.1" 200 461506 "http://image.baidu.com/search/detail?ct=503316480&z=0&ipn=d&word=%E9%87%91%E8%BE%B9&step_word=&pn=54&spn=0&di=145849337150&pi=&rn=1&tn=baiduimagedetail&is=0%2C0&istype=0&ie=utf-8&oe=utf-8&in=&cl=2&lm=-1&st=undefined&cs=3884897602%2C2966483609&os=587767671%2C2626150384&adpicid=0&ln=1000&fr=&fmq=1438158023923_R&ic=undefined&s=undefined&se=&sme=&tab=0&width=&height=&face=undefined&ist=&jit=&cg=&bdtype=0&objurl=http%3A%2F%2Fmisc.clzg.cn%2Fsite%2F201001%2F16%2F25397_1263672408h1xl.jpg&fromurl=ippr_z2C%24qAzdH3FAzdH3Fks52_z%26e3Bvsz2_z%26e3BvgAzdH3Fi54j_z%26e3Brir%3F451%3Dfrwvj%267t1%3Ddcnl0%2615%3Dks52%26t1%3Ddnmb0&gsm=0" "Mozilla/5.0 (Windows NT 6.1; WOW64) AppleWebKit/537.36 (KHTML, like Gecko) Chrome/42.0.2311.152 Safari/537.36" "-"
119.130.187.39 - - [29/Jul/2015:16:20:22 +0800] "POST /admin/remind/newOrderRemind HTTP/1.1" 200 2 "http://www.sinbad.com.cn/login" "Mozilla/5.0 (Windows NT 6.3; WOW64) AppleWebKit/537.36 (KHTML, like Gecko) Chrome/38.0.2125.122 Safari/537.36" "-"
119.130.187.39 - - [29/Jul/2015:16:20:22 +0800] "POST /admin/remind/newOrderRemind HTTP/1.1" 200 2 "http://www.sinbad.com.cn/login" "Mozilla/5.0 (Windows NT 6.1) AppleWebKit/537.36 (KHTML, like Gecko) Chrome/44.0.2403.89 Safari/537.36" "-"
180.173.35.12 - - [29/Jul/2015:16:20:25 +0800] "GET /static/upload/images/2014-10-23/34dd19bc-6845-4448-876c-4ca5be94c9cd.jpg HTTP/1.1" 200 539280 "http://image.baidu.com/search/detail?ct=503316480&z=0&ipn=d&word=%E5%A1%9E%E8%88%8C%E5%B0%94%E6%B5%AE%E6%BD%9C&step_word=&pn=5&spn=0&di=43513829590&pi=&rn=1&tn=baiduimagedetail&is=0%2C0&istype=0&ie=utf-8&oe=utf-8&in=&cl=2&lm=-1&st=undefined&cs=3952236219%2C317012992&os=3895600481%2C319872262&adpicid=0&ln=1979&fr=&fmq=1438157973212_R&ic=undefined&s=undefined&se=&sme=&tab=0&width=&height=&face=undefined&ist=&jit=&cg=&bdtype=0&objurl=http%3A%2F%2Fwww.gog.com.cn%2Fpic%2F0%2F11%2F59%2F29%2F11592920_989694.jpg&fromurl=ippr_z2C%24qAzdH3FAzdH3F3qri5p5_z%26e3B252_z%26e3Bv54_z%26e3BvgAzdH3Ffyfpj4AzdH3Fda8nAzdH3Fa9AzdH3Fa8AzdH3Fa8d8999m0_a8_z%26e3Bfip4s&gsm=0" "Mozilla/5.0 (Windows NT 6.3; WOW64; Trident/7.0; rv:11.0) like Gecko" "-"
113.67.132.125 - - [29/Jul/2015:16:20:25 +0800] "POST /admin/remind/newOrderRemind HTTP/1.1" 200 2 "http://www.sinbad.com.cn/login" "Mozilla/5.0 (Windows NT 6.1; WOW64) AppleWebKit/537.36 (KHTML, like Gecko) Chrome/43.0.2357.134 Safari/537.36" "-"
119.130.187.39 - - [29/Jul/2015:16:20:30 +0800] "POST /admin/remind/newOrderRemind HTTP/1.0" 200 2 "http://www.sinbad.com.cn/login" "Mozilla/5.0 (Windows NT 6.1; WOW64) AppleWebKit/537.36 (KHTML, like Gecko) Chrome/39.0.2171.99 Safari/537.36 LBBROWSER" "-"
23.91.97.32 - - [29/Jul/2015:16:20:30 +0800] "POST /admin/remind/newOrderRemind HTTP/1.1" 200 153 "http://www.sinbad.com.cn/login" "Mozilla/5.0 (Windows NT 6.1) AppleWebKit/537.36 (KHTML, like Gecko) Chrome/43.0.2357.134 Safari/537.36" "-"
119.130.187.39 - - [29/Jul/2015:16:20:31 +0800] "POST /admin/remind/newOrderRemind HTTP/1.1" 200 2 "http://www.sinbad.com.cn/login" "Mozilla/5.0 (Windows NT 6.3; WOW64) AppleWebKit/537.36 (KHTML, like Gecko) Chrome/31.0.1650.63 Safari/537.36" "-"
61.135.189.112 - - [29/Jul/2015:16:20:32 +0800] "GET /static/upload/images/2014-09-05/5e45f2be-dcae-4885-97cc-52e14bb679d6.jpg HTTP/1.1" 200 327677 "http://pic.sogou.com" "Sogou Pic Spider/3.0(+http://www.sogou.com/docs/help/webmasters.htm#07)" "-"
123.125.71.15 - - [29/Jul/2015:16:20:33 +0800] "GET /destination/1938/plans.html HTTP/1.1" 200 5942 "-" "Mozilla/5.0 (compatible; Baiduspider/2.0; +http://www.baidu.com/search/spider.html)" "-"
113.96.88.57 - - [29/Jul/2015:16:20:35 +0800] "POST /admin/remind/newOrderRemind HTTP/1.1" 200 2 "http://www.sinbad.com.cn/login" "Mozilla/5.0 (Windows NT 6.3; WOW64) AppleWebKit/537.36 (KHTML, like Gecko) Chrome/43.0.2357.134 Safari/537.36" "-"
23.91.97.32 - - [29/Jul/2015:16:20:36 +0800] "POST /admin/remind/newOrderRemind HTTP/1.1" 200 153 "http://www.sinbad.com.cn/login" "Mozilla/5.0 (Windows NT 6.3; WOW64) AppleWebKit/537.36 (KHTML, like Gecko) Chrome/44.0.2403.107 Safari/537.36" "-"
119.130.187.39 - - [29/Jul/2015:16:20:36 +0800] "POST /admin/remind/newOrderRemind HTTP/1.1" 200 2 "http://www.sinbad.com.cn/login" "Mozilla/5.0 (Windows NT 6.3; WOW64) AppleWebKit/537.36 (KHTML, like Gecko) Chrome/43.0.2357.130 Safari/537.36" "-"
119.130.187.39 - - [29/Jul/2015:16:20:36 +0800] "POST /admin/remind/newOrderRemind HTTP/1.1" 200 2 "http://www.sinbad.com.cn/login#rel0007-3" "Mozilla/4.0 (compatible; MSIE 7.0; Windows NT 5.1; Trident/4.0; .NET CLR 2.0.50727; .NET CLR 3.0.4506.2152; .NET CLR 3.5.30729)" "-"
119.130.187.39 - - [29/Jul/2015:16:20:37 +0800] "POST /admin/remind/newOrderRemind HTTP/1.1" 200 2 "http://www.sinbad.com.cn/login" "Mozilla/5.0 (Windows NT 6.3; WOW64) AppleWebKit/537.36 (KHTML, like Gecko) Chrome/43.0.2357.81 Safari/537.36" "-"
113.67.132.125 - - [29/Jul/2015:16:20:37 +0800] "POST /admin/remind/newOrderRemind HTTP/1.1" 200 153 "http://www.sinbad.com.cn/login" "Mozilla/5.0 (Windows NT 6.1; WOW64) AppleWebKit/537.36 (KHTML, like Gecko) Chrome/45.0.2427.7 Safari/537.36" "-"
66.249.67.64 - - [29/Jul/2015:16:20:38 +0800] "GET /route/routeId459.html HTTP/1.1" 200 23882 "-" "Mozilla/5.0 (compatible; Googlebot/2.1; +http://www.google.com/bot.html)" "-"
113.67.132.125 - - [29/Jul/2015:16:20:39 +0800] "POST /admin/remind/newOrderRemind HTTP/1.1" 200 2 "http://www.sinbad.com.cn/login" "Mozilla/5.0 (Windows NT 6.1; WOW64) AppleWebKit/537.36 (KHTML, like Gecko) Chrome/43.0.2357.134 Safari/537.36" "-"
119.130.187.39 - - [29/Jul/2015:16:20:39 +0800] "POST /admin/remind/newOrderRemind HTTP/1.1" 200 2 "http://www.sinbad.com.cn/login" "Mozilla/5.0 (Windows NT 6.1; WOW64) AppleWebKit/537.36 (KHTML, like Gecko) Chrome/41.0.2272.118 Safari/537.36" "-"
113.90.16.20 - - [29/Jul/2015:16:20:39 +0800] "GET /static/upload/activity/meiguo/xiyatushuizuguan-lb0-795x330.jpg HTTP/1.1" 200 39811 "http://image.baidu.com/search/detail?ct=503316480&z=0&ipn=d&word=crabpot&step_word=&pn=83&spn=0&di=54236790520&pi=&rn=1&tn=baiduimagedetail&is=0%2C0&istype=0&ie=utf-8&oe=utf-8&in=&cl=2&lm=-1&st=undefined&cs=3278753701%2C774212264&os=4013966294%2C3583330250&adpicid=0&ln=913&fr=&fmq=1438158057206_R&ic=undefined&s=undefined&se=&sme=&tab=0&width=&height=&face=undefined&ist=&jit=&cg=&bdtype=0&objurl=http%3A%2F%2Ffmn.rrfmn.com%2Ffmn047%2F20110415%2F2010%2Fb_large_NJ4C_49200005c2715c42.jpg&fromurl=ippr_z2C%24qAzdH3FAzdH3Fks52_z%26e3Bftgw_z%26e3Bv54_z%26e3BvgAzdH3FfAzdH3Fks52_9kukbuc0a8aa69s7_z%26e3Bip4s&gsm=0" "Mozilla/5.0 (Windows NT 6.1) AppleWebKit/537.36 (KHTML, like Gecko) Chrome/43.0.2357.130 Safari/537.36" "-"
119.130.187.39 - - [29/Jul/2015:16:20:42 +0800] "POST /admin/remind/newOrderRemind HTTP/1.1" 200 2 "http://www.sinbad.com.cn/login" "Mozilla/5.0 (Windows NT 6.1; WOW64) AppleWebKit/537.36 (KHTML, like Gecko) Chrome/31.0.1650.63 Safari/537.36" "-"
119.130.187.39 - - [29/Jul/2015:16:20:42 +0800] "POST /admin/remind/newOrderRemind HTTP/1.1" 200 2 "http://www.sinbad.com.cn/login#_blank" "Mozilla/4.0 (compatible; MSIE 7.0; Windows NT 6.3; WOW64; Trident/7.0; .NET4.0E; .NET4.0C; Tablet PC 2.0; .NET CLR 3.5.30729; .NET CLR 2.0.50727; .NET CLR 3.0.30729; InfoPath.2; GWX:QUALIFIED; LCJB)" "-"
123.125.71.30 - - [29/Jul/2015:16:20:44 +0800] "GET /js/hoverjs.js HTTP/1.1" 200 206 "http://www.sinbad.com.cn/destination/1938/plans.html" "Mozilla/5.0 (compatible; Baiduspider/2.0; +http://www.baidu.com/search/spider.html)" "-"
119.130.187.39 - - [29/Jul/2015:16:20:47 +0800] "POST /admin/remind/newOrderRemind HTTP/1.1" 200 2 "http://www.sinbad.com.cn/login" "Mozilla/5.0 (Windows NT 6.3; WOW64) AppleWebKit/537.36 (KHTML, like Gecko) Chrome/38.0.2125.122 Safari/537.36" "-"
119.130.187.39 - - [29/Jul/2015:16:20:47 +0800] "POST /admin/remind/newOrderRemind HTTP/1.1" 200 2 "http://www.sinbad.com.cn/login" "Mozilla/5.0 (Windows NT 6.1) AppleWebKit/537.36 (KHTML, like Gecko) Chrome/44.0.2403.89 Safari/537.36" "-"
36.63.89.181 - - [29/Jul/2015:16:20:49 +0800] "GET /static/upload/images/2014-05-06/7dba17f5-2f85-4d9b-9c66-aac7eec4d05e.jpg HTTP/1.1" 200 274633 "http://m.baidu.com/s?from=1491a&ua=bd_720_1280_2013022_3.8.4&word=%E7%A7%81%E4%BA%BA%E5%B0%8F%E9%A3%9E%E6%9C%BA&msesuuid=5772d5b3-2dc3-437d-a332-1af233d382bc" "Mozilla/5.0 (Linux; U; Android 4.2.1; zh-cn; 2013022 Build/HM2013022) AppleWebKit/534.30 (KHTML, like Gecko) Version/4.0 Mobile Safari/534.30 SogouMSE,SogouMobileBrowser/3.8.4" "-"
113.67.132.125 - - [29/Jul/2015:16:20:50 +0800] "POST /admin/remind/newOrderRemind HTTP/1.1" 200 2 "http://www.sinbad.com.cn/login" "Mozilla/5.0 (Windows NT 6.1; WOW64) AppleWebKit/537.36 (KHTML, like Gecko) Chrome/43.0.2357.134 Safari/537.36" "-"
14.106.122.43 - - [29/Jul/2015:16:20:50 +0800] "GET /static/upload/images/2014-10-11/f5f373c0-c12d-4c07-a405-7404e1da7b3f.jpg HTTP/1.1" 200 589048 "http://image.baidu.com/search/detail?ct=503316480&z=undefined&tn=baiduimagedetail&ipn=d&word=%E8%8A%AC%E5%85%B0%E7%BE%8E%E9%A3%9F&step_word=&ie=utf-8&in=&cl=2&lm=-1&st=undefined&cs=531326464,3429292812&os=777417449,3681948529&pn=18&rn=1&di=29211084320&ln=1984&fr=&fmq=1438157272155_R&ic=undefined&s=undefined&se=&sme=&tab=0&width=&height=&face=undefined&is=0,0&istype=0&ist=&jit=&bdtype=0&gsm=0&objurl=http%3A%2F%2Fimage.elegantliving.ceconline.com%2F360000%2F360300%2F20100818_FWD_42.jpg" "Mozilla/4.0 (compatible; MSIE 8.0; Windows NT 6.1; Trident/4.0; SLCC2; .NET CLR 2.0.50727; .NET CLR 3.5.30729; .NET CLR 3.0.30729; InfoPath.2)" "-"
23.91.97.32 - - [29/Jul/2015:16:20:53 +0800] "GET /static/upload/images/2015-07-29/543ee206-5cb5-49b1-bdfc-655c581c7b11.jpg HTTP/1.1" 200 373432 "-" "Java/1.8.0_45" "-"
113.67.132.125 - - [29/Jul/2015:16:20:53 +0800] "POST /upload/ HTTP/1.1" 200 168 "http://www.sinbad.com.cn/login" "Mozilla/5.0 (Windows NT 6.1; WOW64) AppleWebKit/537.36 (KHTML, like Gecko) Chrome/45.0.2427.7 Safari/537.36" "-"
23.91.97.32 - - [29/Jul/2015:16:20:55 +0800] "POST /admin/remind/newOrderRemind HTTP/1.1" 200 153 "http://www.sinbad.com.cn/login" "Mozilla/5.0 (Windows NT 6.1) AppleWebKit/537.36 (KHTML, like Gecko) Chrome/43.0.2357.134 Safari/537.36" "-"
119.130.187.39 - - [29/Jul/2015:16:20:56 +0800] "POST /admin/remind/newOrderRemind HTTP/1.1" 200 2 "http://www.sinbad.com.cn/login" "Mozilla/5.0 (Windows NT 6.3; WOW64) AppleWebKit/537.36 (KHTML, like Gecko) Chrome/31.0.1650.63 Safari/537.36" "-"
119.130.187.39 - - [29/Jul/2015:16:20:56 +0800] "POST /admin/remind/newOrderRemind HTTP/1.0" 200 2 "http://www.sinbad.com.cn/login" "Mozilla/5.0 (Windows NT 6.1; WOW64) AppleWebKit/537.36 (KHTML, like Gecko) Chrome/39.0.2171.99 Safari/537.36 LBBROWSER" "-"
14.106.122.43 - - [29/Jul/2015:16:20:59 +0800] "GET /static/upload/images/2014-10-11/75bc2756-ac37-4ccd-b1bb-190ac75a05ba.jpg HTTP/1.1" 200 333602 "http://image.baidu.com/search/detail?ct=503316480&z=undefined&tn=baiduimagedetail&ipn=d&word=%E8%8A%AC%E5%85%B0%E7%BE%8E%E9%A3%9F&step_word=&ie=utf-8&in=&cl=2&lm=-1&st=undefined&cs=531326464,3429292812&os=777417449,3681948529&pn=18&rn=1&di=29211084320&ln=1984&fr=&fmq=1438157272155_R&ic=undefined&s=undefined&se=&sme=&tab=0&width=&height=&face=undefined&is=0,0&istype=0&ist=&jit=&bdtype=0&gsm=0&objurl=http%3A%2F%2Fimage.elegantliving.ceconline.com%2F360000%2F360300%2F20100818_FWD_42.jpg" "Mozilla/4.0 (compatible; MSIE 8.0; Windows NT 6.1; Trident/4.0; SLCC2; .NET CLR 2.0.50727; .NET CLR 3.5.30729; .NET CLR 3.0.30729; InfoPath.2)" "-"
113.96.88.57 - - [29/Jul/2015:16:21:00 +0800] "POST /admin/remind/newOrderRemind HTTP/1.1" 200 2 "http://www.sinbad.com.cn/login" "Mozilla/5.0 (Windows NT 6.3; WOW64) AppleWebKit/537.36 (KHTML, like Gecko) Chrome/43.0.2357.134 Safari/537.36" "-"
23.91.97.32 - - [29/Jul/2015:16:21:01 +0800] "POST /admin/remind/newOrderRemind HTTP/1.1" 200 153 "http://www.sinbad.com.cn/login" "Mozilla/5.0 (Windows NT 6.3; WOW64) AppleWebKit/537.36 (KHTML, like Gecko) Chrome/44.0.2403.107 Safari/537.36" "-"
119.130.187.39 - - [29/Jul/2015:16:21:01 +0800] "POST /admin/remind/newOrderRemind HTTP/1.1" 200 2 "http://www.sinbad.com.cn/login" "Mozilla/5.0 (Windows NT 6.3; WOW64) AppleWebKit/537.36 (KHTML, like Gecko) Chrome/43.0.2357.130 Safari/537.36" "-"
113.67.132.125 - - [29/Jul/2015:16:21:01 +0800] "GET /static/upload/images/2015-07-29/543ee206-5cb5-49b1-bdfc-655c581c7b11.jpg HTTP/1.1" 200 358926 "http://www.sinbad.com.cn/login" "Mozilla/5.0 (Windows NT 6.1; WOW64) AppleWebKit/537.36 (KHTML, like Gecko) Chrome/45.0.2427.7 Safari/537.36" "-"
119.130.187.39 - - [29/Jul/2015:16:21:01 +0800] "POST /admin/remind/newOrderRemind HTTP/1.1" 200 2 "http://www.sinbad.com.cn/login#rel0007-3" "Mozilla/4.0 (compatible; MSIE 7.0; Windows NT 5.1; Trident/4.0; .NET CLR 2.0.50727; .NET CLR 3.0.4506.2152; .NET CLR 3.5.30729)" "-"
119.130.187.39 - - [29/Jul/2015:16:21:02 +0800] "POST /admin/remind/newOrderRemind HTTP/1.1" 200 2 "http://www.sinbad.com.cn/login" "Mozilla/5.0 (Windows NT 6.3; WOW64) AppleWebKit/537.36 (KHTML, like Gecko) Chrome/43.0.2357.81 Safari/537.36" "-"
66.249.67.64 - - [29/Jul/2015:16:21:02 +0800] "GET /destination/2546/activity?page=-2 HTTP/1.1" 200 6077 "-" "Mozilla/5.0 (compatible; Googlebot/2.1; +http://www.google.com/bot.html)" "-"
113.67.132.125 - - [29/Jul/2015:16:21:02 +0800] "POST /admin/remind/newOrderRemind HTTP/1.1" 200 153 "http://www.sinbad.com.cn/login" "Mozilla/5.0 (Windows NT 6.1; WOW64) AppleWebKit/537.36 (KHTML, like Gecko) Chrome/45.0.2427.7 Safari/537.36" "-"
113.67.132.125 - - [29/Jul/2015:16:21:04 +0800] "POST /admin/remind/newOrderRemind HTTP/1.1" 200 2 "http://www.sinbad.com.cn/login" "Mozilla/5.0 (Windows NT 6.1; WOW64) AppleWebKit/537.36 (KHTML, like Gecko) Chrome/43.0.2357.134 Safari/537.36" "-"
119.130.187.39 - - [29/Jul/2015:16:21:04 +0800] "POST /admin/remind/newOrderRemind HTTP/1.1" 200 2 "http://www.sinbad.com.cn/login" "Mozilla/5.0 (Windows NT 6.1; WOW64) AppleWebKit/537.36 (KHTML, like Gecko) Chrome/41.0.2272.118 Safari/537.36" "-"
119.130.187.39 - - [29/Jul/2015:16:21:07 +0800] "POST /admin/remind/newOrderRemind HTTP/1.1" 200 2 "http://www.sinbad.com.cn/login" "Mozilla/5.0 (Windows NT 6.1; WOW64) AppleWebKit/537.36 (KHTML, like Gecko) Chrome/31.0.1650.63 Safari/537.36" "-"
119.130.187.39 - - [29/Jul/2015:16:21:07 +0800] "POST /admin/remind/newOrderRemind HTTP/1.1" 200 2 "http://www.sinbad.com.cn/login#_blank" "Mozilla/4.0 (compatible; MSIE 7.0; Windows NT 6.3; WOW64; Trident/7.0; .NET4.0E; .NET4.0C; Tablet PC 2.0; .NET CLR 3.5.30729; .NET CLR 2.0.50727; .NET CLR 3.0.30729; InfoPath.2; GWX:QUALIFIED; LCJB)" "-"
119.130.187.39 - - [29/Jul/2015:16:21:12 +0800] "POST /admin/remind/newOrderRemind HTTP/1.1" 200 2 "http://www.sinbad.com.cn/login" "Mozilla/5.0 (Windows NT 6.1) AppleWebKit/537.36 (KHTML, like Gecko) Chrome/44.0.2403.89 Safari/537.36" "-"
119.130.187.39 - - [29/Jul/2015:16:21:13 +0800] "POST /admin/remind/newOrderRemind HTTP/1.1" 200 2 "http://www.sinbad.com.cn/login" "Mozilla/5.0 (Windows NT 6.3; WOW64) AppleWebKit/537.36 (KHTML, like Gecko) Chrome/38.0.2125.122 Safari/537.36" "-"
113.67.132.125 - - [29/Jul/2015:16:21:15 +0800] "POST /admin/remind/newOrderRemind HTTP/1.1" 200 2 "http://www.sinbad.com.cn/login" "Mozilla/5.0 (Windows NT 6.1; WOW64) AppleWebKit/537.36 (KHTML, like Gecko) Chrome/43.0.2357.134 Safari/537.36" "-"
68.180.228.237 - - [29/Jul/2015:16:21:19 +0800] "GET /destination5006/Poland.html HTTP/1.1" 200 12869 "-" "Mozilla/5.0 (compatible; Yahoo! Slurp; http://help.yahoo.com/help/us/ysearch/slurp)" "-"
1.202.29.231 - - [29/Jul/2015:16:21:20 +0800] "GET /static/upload/images/2014-11-04/4689fbf3-9599-4f64-b265-8a5d4b39aea7.jpg HTTP/1.1" 200 1166889 "http://image.baidu.com/search/detail?ct=503316480&z=3&ipn=d&word=%E4%B9%8C%E6%96%AF%E6%80%80%E4%BA%9A&step_word=&pn=31&spn=0&di=140067305840&pi=&rn=1&tn=baiduimagedetail&is=0%2C0&istype=0&ie=utf-8&oe=utf-8&in=&cl=2&lm=-1&st=-1&cs=3523538835%2C2017747473&os=2718220542%2C241739410&adpicid=0&ln=1000&fr=&fmq=1438157923753_R&ic=0&s=undefined&se=&sme=&tab=0&width=&height=&face=undefined&ist=&jit=&cg=&bdtype=0&objurl=http%3A%2F%2Fbr.china-embassy.org%2Fchn%2Fslgxx%2Fsghd%2FW020130305811102264076.jpg&fromurl=ippr_z2C%24qAzdH3FAzdH3Fk6_z%26e3Bvitgw-j4kwffy_z%26e3B562AzdH3FvigAzdH3Ffs2xxAzdH3Ff2i1AzdH3Fp8a8b089_z%26e3Bip4&gsm=3c" "Mozilla/5.0 (Windows NT 6.3; WOW64) AppleWebKit/537.36 (KHTML, like Gecko) Chrome/31.0.1650.63 Safari/537.36" "-"
23.91.97.32 - - [29/Jul/2015:16:21:20 +0800] "POST /admin/remind/newOrderRemind HTTP/1.1" 200 153 "http://www.sinbad.com.cn/login" "Mozilla/5.0 (Windows NT 6.1) AppleWebKit/537.36 (KHTML, like Gecko) Chrome/43.0.2357.134 Safari/537.36" "-"
119.130.187.39 - - [29/Jul/2015:16:21:21 +0800] "POST /admin/remind/newOrderRemind HTTP/1.1" 200 2 "http://www.sinbad.com.cn/login" "Mozilla/5.0 (Windows NT 6.3; WOW64) AppleWebKit/537.36 (KHTML, like Gecko) Chrome/31.0.1650.63 Safari/537.36" "-"
119.130.187.39 - - [29/Jul/2015:16:21:22 +0800] "POST /admin/remind/newOrderRemind HTTP/1.0" 200 2 "http://www.sinbad.com.cn/login" "Mozilla/5.0 (Windows NT 6.1; WOW64) AppleWebKit/537.36 (KHTML, like Gecko) Chrome/39.0.2171.99 Safari/537.36 LBBROWSER" "-"
123.136.111.18 - - [29/Jul/2015:16:21:22 +0800] "GET /static/upload/images/2015-01-28/2c23687b-a1a1-495a-afee-6a7bb86464e9.jpg HTTP/1.1" 200 337241 "-" "Mozilla/5.0 (Linux; U; Android 4.3; zh-cn; X9076 Build/JLS36C) AppleWebKit/534.30 (KHTML, like Gecko) Version/4.0 Mobile Safari/534.30 GSA/4.8.12.16.arm" "-"
113.96.88.57 - - [29/Jul/2015:16:21:25 +0800] "POST /admin/remind/newOrderRemind HTTP/1.1" 200 2 "http://www.sinbad.com.cn/login" "Mozilla/5.0 (Windows NT 6.3; WOW64) AppleWebKit/537.36 (KHTML, like Gecko) Chrome/43.0.2357.134 Safari/537.36" "-"
23.91.97.32 - - [29/Jul/2015:16:21:26 +0800] "POST /admin/remind/newOrderRemind HTTP/1.1" 200 153 "http://www.sinbad.com.cn/login" "Mozilla/5.0 (Windows NT 6.3; WOW64) AppleWebKit/537.36 (KHTML, like Gecko) Chrome/44.0.2403.107 Safari/537.36" "-"
119.130.187.39 - - [29/Jul/2015:16:21:26 +0800] "POST /admin/remind/newOrderRemind HTTP/1.1" 200 2 "http://www.sinbad.com.cn/login" "Mozilla/5.0 (Windows NT 6.3; WOW64) AppleWebKit/537.36 (KHTML, like Gecko) Chrome/43.0.2357.130 Safari/537.36" "-"
119.130.187.39 - - [29/Jul/2015:16:21:26 +0800] "POST /admin/remind/newOrderRemind HTTP/1.1" 200 2 "http://www.sinbad.com.cn/login#rel0007-3" "Mozilla/4.0 (compatible; MSIE 7.0; Windows NT 5.1; Trident/4.0; .NET CLR 2.0.50727; .NET CLR 3.0.4506.2152; .NET CLR 3.5.30729)" "-"
119.130.187.39 - - [29/Jul/2015:16:21:27 +0800] "POST /admin/remind/newOrderRemind HTTP/1.1" 200 2 "http://www.sinbad.com.cn/login" "Mozilla/5.0 (Windows NT 6.3; WOW64) AppleWebKit/537.36 (KHTML, like Gecko) Chrome/43.0.2357.81 Safari/537.36" "-"
113.67.132.125 - - [29/Jul/2015:16:21:27 +0800] "POST /admin/remind/newOrderRemind HTTP/1.1" 200 153 "http://www.sinbad.com.cn/login" "Mozilla/5.0 (Windows NT 6.1; WOW64) AppleWebKit/537.36 (KHTML, like Gecko) Chrome/45.0.2427.7 Safari/537.36" "-"
66.249.67.70 - - [29/Jul/2015:16:21:28 +0800] "GET /static/upload/images/2014-09-17/39c80d49-04ed-4fc6-b6ea-663c10b9b032.png HTTP/1.1" 200 377717 "-" "Googlebot-Image/1.0" "-"
119.130.187.39 - - [29/Jul/2015:16:21:29 +0800] "POST /admin/remind/newOrderRemind HTTP/1.1" 200 2 "http://www.sinbad.com.cn/login" "Mozilla/5.0 (Windows NT 6.1; WOW64) AppleWebKit/537.36 (KHTML, like Gecko) Chrome/41.0.2272.118 Safari/537.36" "-"
117.160.108.176 - - [29/Jul/2015:16:21:29 +0800] "GET /informationDetail/4702 HTTP/1.1" 200 13493 "http://sinbad.com.cn/globalActivity" "Mozilla/4.0 (compatible; MSIE 8.0; Windows NT 5.1; Trident/4.0; .NET4.0E; .NET4.0C; .NET CLR 3.5.30729; .NET CLR 2.0.50727; .NET CLR 3.0.30729; Tablet PC 2.0; LCJB; MAXTHON)" "-"
117.160.108.176 - - [29/Jul/2015:16:21:29 +0800] "GET /css/global.css HTTP/1.1" 200 5546 "http://www.sinbad.com.cn/informationDetail/4702" "Mozilla/4.0 (compatible; MSIE 8.0; Windows NT 5.1; Trident/4.0; .NET4.0E; .NET4.0C; .NET CLR 3.5.30729; .NET CLR 2.0.50727; .NET CLR 3.0.30729; Tablet PC 2.0; LCJB; MAXTHON)" "-"
117.160.108.176 - - [29/Jul/2015:16:21:29 +0800] "GET /css/activity.css HTTP/1.1" 200 8044 "http://www.sinbad.com.cn/informationDetail/4702" "Mozilla/4.0 (compatible; MSIE 8.0; Windows NT 5.1; Trident/4.0; .NET4.0E; .NET4.0C; .NET CLR 3.5.30729; .NET CLR 2.0.50727; .NET CLR 3.0.30729; Tablet PC 2.0; LCJB; MAXTHON)" "-"
117.160.108.176 - - [29/Jul/2015:16:21:29 +0800] "GET /js/global.js HTTP/1.1" 200 4857 "http://www.sinbad.com.cn/informationDetail/4702" "Mozilla/4.0 (compatible; MSIE 8.0; Windows NT 5.1; Trident/4.0; .NET4.0E; .NET4.0C; .NET CLR 3.5.30729; .NET CLR 2.0.50727; .NET CLR 3.0.30729; Tablet PC 2.0; LCJB; MAXTHON)" "-"
117.160.108.176 - - [29/Jul/2015:16:21:29 +0800] "GET /js/jquery.js HTTP/1.1" 200 37209 "http://www.sinbad.com.cn/informationDetail/4702" "Mozilla/4.0 (compatible; MSIE 8.0; Windows NT 5.1; Trident/4.0; .NET4.0E; .NET4.0C; .NET CLR 3.5.30729; .NET CLR 2.0.50727; .NET CLR 3.0.30729; Tablet PC 2.0; LCJB; MAXTHON)" "-"
113.67.132.125 - - [29/Jul/2015:16:21:30 +0800] "POST /admin/remind/newOrderRemind HTTP/1.1" 200 2 "http://www.sinbad.com.cn/login" "Mozilla/5.0 (Windows NT 6.1; WOW64) AppleWebKit/537.36 (KHTML, like Gecko) Chrome/43.0.2357.134 Safari/537.36" "-"
117.160.108.176 - - [29/Jul/2015:16:21:30 +0800] "GET /js/hoverjs.js HTTP/1.1" 200 206 "http://www.sinbad.com.cn/informationDetail/4702" "Mozilla/4.0 (compatible; MSIE 8.0; Windows NT 5.1; Trident/4.0; .NET4.0E; .NET4.0C; .NET CLR 3.5.30729; .NET CLR 2.0.50727; .NET CLR 3.0.30729; Tablet PC 2.0; LCJB; MAXTHON)" "-"
117.160.108.176 - - [29/Jul/2015:16:21:30 +0800] "GET /js/newstext.js HTTP/1.1" 200 1818 "http://www.sinbad.com.cn/informationDetail/4702" "Mozilla/4.0 (compatible; MSIE 8.0; Windows NT 5.1; Trident/4.0; .NET4.0E; .NET4.0C; .NET CLR 3.5.30729; .NET CLR 2.0.50727; .NET CLR 3.0.30729; Tablet PC 2.0; LCJB; MAXTHON)" "-"
117.160.108.176 - - [29/Jul/2015:16:21:30 +0800] "GET /js/jquery.foucs.js HTTP/1.1" 200 644 "http://www.sinbad.com.cn/informationDetail/4702" "Mozilla/4.0 (compatible; MSIE 8.0; Windows NT 5.1; Trident/4.0; .NET4.0E; .NET4.0C; .NET CLR 3.5.30729; .NET CLR 2.0.50727; .NET CLR 3.0.30729; Tablet PC 2.0; LCJB; MAXTHON)" "-"
119.130.187.39 - - [29/Jul/2015:16:21:32 +0800] "POST /admin/remind/newOrderRemind HTTP/1.1" 200 2 "http://www.sinbad.com.cn/login" "Mozilla/5.0 (Windows NT 6.1; WOW64) AppleWebKit/537.36 (KHTML, like Gecko) Chrome/31.0.1650.63 Safari/537.36" "-"
119.130.187.39 - - [29/Jul/2015:16:21:32 +0800] "POST /admin/remind/newOrderRemind HTTP/1.1" 200 2 "http://www.sinbad.com.cn/login#_blank" "Mozilla/4.0 (compatible; MSIE 7.0; Windows NT 6.3; WOW64; Trident/7.0; .NET4.0E; .NET4.0C; Tablet PC 2.0; .NET CLR 3.5.30729; .NET CLR 2.0.50727; .NET CLR 3.0.30729; InfoPath.2; GWX:QUALIFIED; LCJB)" "-"
119.130.187.39 - - [29/Jul/2015:16:21:37 +0800] "POST /admin/remind/newOrderRemind HTTP/1.1" 200 2 "http://www.sinbad.com.cn/login" "Mozilla/5.0 (Windows NT 6.1) AppleWebKit/537.36 (KHTML, like Gecko) Chrome/44.0.2403.89 Safari/537.36" "-"
117.160.108.176 - - [29/Jul/2015:16:21:38 +0800] "GET /destination116/activity.html HTTP/1.1" 200 10672 "http://www.sinbad.com.cn/informationDetail/4702" "Mozilla/4.0 (compatible; MSIE 8.0; Windows NT 5.1; Trident/4.0; .NET4.0E; .NET4.0C; .NET CLR 3.5.30729; .NET CLR 2.0.50727; .NET CLR 3.0.30729; Tablet PC 2.0; LCJB; MAXTHON)" "-"
117.160.108.176 - - [29/Jul/2015:16:21:39 +0800] "GET /js/city-info.js HTTP/1.1" 200 1909 "http://www.sinbad.com.cn/destination116/activity.html" "Mozilla/4.0 (compatible; MSIE 8.0; Windows NT 5.1; Trident/4.0; .NET4.0E; .NET4.0C; .NET CLR 3.5.30729; .NET CLR 2.0.50727; .NET CLR 3.0.30729; Tablet PC 2.0; LCJB; MAXTHON)" "-"
119.130.187.39 - - [29/Jul/2015:16:21:39 +0800] "POST /admin/remind/newOrderRemind HTTP/1.1" 200 2 "http://www.sinbad.com.cn/login" "Mozilla/5.0 (Windows NT 6.3; WOW64) AppleWebKit/537.36 (KHTML, like Gecko) Chrome/38.0.2125.122 Safari/537.36" "-"
117.160.108.176 - - [29/Jul/2015:16:21:39 +0800] "GET /js/activity.js HTTP/1.1" 200 706 "http://www.sinbad.com.cn/destination116/activity.html" "Mozilla/4.0 (compatible; MSIE 8.0; Windows NT 5.1; Trident/4.0; .NET4.0E; .NET4.0C; .NET CLR 3.5.30729; .NET CLR 2.0.50727; .NET CLR 3.0.30729; Tablet PC 2.0; LCJB; MAXTHON)" "-"
117.160.108.176 - - [29/Jul/2015:16:21:39 +0800] "GET /js/calendar/WdatePicker.js HTTP/1.1" 200 4342 "http://www.sinbad.com.cn/destination116/activity.html" "Mozilla/4.0 (compatible; MSIE 8.0; Windows NT 5.1; Trident/4.0; .NET4.0E; .NET4.0C; .NET CLR 3.5.30729; .NET CLR 2.0.50727; .NET CLR 3.0.30729; Tablet PC 2.0; LCJB; MAXTHON)" "-"
117.160.108.176 - - [29/Jul/2015:16:21:39 +0800] "GET /js/calendar/skin/WdatePicker.css HTTP/1.1" 200 125 "http://www.sinbad.com.cn/destination116/activity.html" "Mozilla/4.0 (compatible; MSIE 8.0; Windows NT 5.1; Trident/4.0; .NET4.0E; .NET4.0C; .NET CLR 3.5.30729; .NET CLR 2.0.50727; .NET CLR 3.0.30729; Tablet PC 2.0; LCJB; MAXTHON)" "-"
113.67.132.125 - - [29/Jul/2015:16:21:40 +0800] "POST /admin/remind/newOrderRemind HTTP/1.1" 200 2 "http://www.sinbad.com.cn/login" "Mozilla/5.0 (Windows NT 6.1; WOW64) AppleWebKit/537.36 (KHTML, like Gecko) Chrome/43.0.2357.134 Safari/537.36" "-"
117.160.108.176 - - [29/Jul/2015:16:21:40 +0800] "POST /gotoSpotComment HTTP/1.1" 500 1547 "http://www.sinbad.com.cn/destination116/activity.html" "Mozilla/4.0 (compatible; MSIE 7.0; Windows NT 6.2; Trident/7.0; .NET4.0E; .NET4.0C; .NET CLR 3.5.30729; .NET CLR 2.0.50727; .NET CLR 3.0.30729; Tablet PC 2.0; LCJB)" "-"
121.40.130.38 - - [29/Jul/2015:16:21:42 +0800] "GET / HTTP/1.1" 200 28245 "-" "Mozilla/5.0 (compatible; MSIE 9.0; Windows NT 6.1; Win64; x64; Trident/5.0)" "-"
23.91.97.32 - - [29/Jul/2015:16:21:45 +0800] "POST /admin/remind/newOrderRemind HTTP/1.1" 200 153 "http://www.sinbad.com.cn/login" "Mozilla/5.0 (Windows NT 6.1) AppleWebKit/537.36 (KHTML, like Gecko) Chrome/43.0.2357.134 Safari/537.36" "-"
119.130.187.39 - - [29/Jul/2015:16:21:46 +0800] "POST /admin/remind/newOrderRemind HTTP/1.1" 200 2 "http://www.sinbad.com.cn/login" "Mozilla/5.0 (Windows NT 6.3; WOW64) AppleWebKit/537.36 (KHTML, like Gecko) Chrome/31.0.1650.63 Safari/537.36" "-"
119.130.187.39 - - [29/Jul/2015:16:21:48 +0800] "POST /admin/remind/newOrderRemind HTTP/1.0" 200 2 "http://www.sinbad.com.cn/login" "Mozilla/5.0 (Windows NT 6.1; WOW64) AppleWebKit/537.36 (KHTML, like Gecko) Chrome/39.0.2171.99 Safari/537.36 LBBROWSER" "-"
113.96.88.57 - - [29/Jul/2015:16:21:50 +0800] "POST /admin/remind/newOrderRemind HTTP/1.1" 200 2 "http://www.sinbad.com.cn/login" "Mozilla/5.0 (Windows NT 6.3; WOW64) AppleWebKit/537.36 (KHTML, like Gecko) Chrome/43.0.2357.134 Safari/537.36" "-"
23.91.97.32 - - [29/Jul/2015:16:21:51 +0800] "POST /admin/remind/newOrderRemind HTTP/1.1" 200 153 "http://www.sinbad.com.cn/login" "Mozilla/5.0 (Windows NT 6.3; WOW64) AppleWebKit/537.36 (KHTML, like Gecko) Chrome/44.0.2403.107 Safari/537.36" "-"
119.130.187.39 - - [29/Jul/2015:16:21:51 +0800] "POST /admin/remind/newOrderRemind HTTP/1.1" 200 2 "http://www.sinbad.com.cn/login" "Mozilla/5.0 (Windows NT 6.3; WOW64) AppleWebKit/537.36 (KHTML, like Gecko) Chrome/43.0.2357.130 Safari/537.36" "-"
122.234.9.144 - - [29/Jul/2015:16:21:51 +0800] "GET /static/upload/images/2015-02-28/5fe7c7fc-95ef-4af4-a60f-1aed967f0d85.jpg HTTP/1.1" 200 513733 "http://image.baidu.com/search/detail?ct=503316480&z=0&ipn=d&word=%E7%A5%9E%E9%B9%BF%E5%85%AC%E5%9B%AD&step_word=&pn=3&spn=0&di=197190788960&pi=&rn=1&tn=baiduimagedetail&is=0%2C0&istype=0&ie=utf-8&oe=utf-8&in=&cl=2&lm=-1&st=-1&cs=1936965964%2C553298121&os=1462311200%2C1219763199&adpicid=0&ln=1000&fr=&fmq=1438157933832_R&ic=0&s=undefined&se=&sme=&tab=0&width=&height=&face=undefined&ist=&jit=&cg=&bdtype=0&objurl=http%3A%2F%2Fwww.my9166.com%2Fuploads%2Flitimg%2F20140217030007_67733.jpg&fromurl=ippr_z2C%24qAzdH3FAzdH3Fooo_z%26e3B4yl8mm_z%26e3Bv54AzdH3F27t1jAzdH3Fvi5g2fijg2-5AzdH3F318mca_z%26e3Bip4s&gsm=0" "Mozilla/5.0 (Windows NT 5.1) AppleWebKit/537.36 (KHTML, like Gecko) Chrome/39.0.2171.99 Safari/537.36 LBBROWSER" "-"
119.130.187.39 - - [29/Jul/2015:16:21:51 +0800] "POST /admin/remind/newOrderRemind HTTP/1.1" 200 2 "http://www.sinbad.com.cn/login#rel0007-3" "Mozilla/4.0 (compatible; MSIE 7.0; Windows NT 5.1; Trident/4.0; .NET CLR 2.0.50727; .NET CLR 3.0.4506.2152; .NET CLR 3.5.30729)" "-"
119.130.187.39 - - [29/Jul/2015:16:21:52 +0800] "POST /admin/remind/newOrderRemind HTTP/1.1" 200 2 "http://www.sinbad.com.cn/login" "Mozilla/5.0 (Windows NT 6.3; WOW64) AppleWebKit/537.36 (KHTML, like Gecko) Chrome/43.0.2357.81 Safari/537.36" "-"
113.67.132.125 - - [29/Jul/2015:16:21:52 +0800] "POST /admin/remind/newOrderRemind HTTP/1.1" 200 153 "http://www.sinbad.com.cn/login" "Mozilla/5.0 (Windows NT 6.1; WOW64) AppleWebKit/537.36 (KHTML, like Gecko) Chrome/45.0.2427.7 Safari/537.36" "-"
113.67.132.125 - - [29/Jul/2015:16:21:54 +0800] "GET /activity_wh/189.html HTTP/1.1" 200 2821 "-" "Mozilla/5.0 (Linux; Android 4.4.2; H60-L11 Build/HDH60-L11) AppleWebKit/537.36 (KHTML, like Gecko) Version/4.0 Chrome/30.0.0.0 Mobile Safari/537.36" "-"
113.67.132.125 - - [29/Jul/2015:16:21:55 +0800] "GET /static/upload/images/2015-04-29/324d9b46-9d0a-4db4-875a-b1170f437a9c.jpg HTTP/1.1" 200 72720 "http://www.sinbad.com.cn/activity_wh/189.html" "Mozilla/5.0 (Linux; Android 4.4.2; H60-L11 Build/HDH60-L11) AppleWebKit/537.36 (KHTML, like Gecko) Version/4.0 Chrome/30.0.0.0 Mobile Safari/537.36" "-"
113.67.132.125 - - [29/Jul/2015:16:21:55 +0800] "GET /static/upload/images/2015-04-29/b01b2412-0323-4cd0-8ba8-f70405165058.jpg HTTP/1.1" 200 40328 "http://www.sinbad.com.cn/activity_wh/189.html" "Mozilla/5.0 (Linux; Android 4.4.2; H60-L11 Build/HDH60-L11) AppleWebKit/537.36 (KHTML, like Gecko) Version/4.0 Chrome/30.0.0.0 Mobile Safari/537.36" "-"
113.67.132.125 - - [29/Jul/2015:16:21:55 +0800] "GET /static/upload/images/2015-04-29/87509e15-0b9b-4cf6-80b6-d6b2e0ab1428.jpg HTTP/1.1" 200 123832 "http://www.sinbad.com.cn/activity_wh/189.html" "Mozilla/5.0 (Linux; Android 4.4.2; H60-L11 Build/HDH60-L11) AppleWebKit/537.36 (KHTML, like Gecko) Version/4.0 Chrome/30.0.0.0 Mobile Safari/537.36" "-"
119.130.187.39 - - [29/Jul/2015:16:21:55 +0800] "POST /admin/remind/newOrderRemind HTTP/1.1" 200 2 "http://www.sinbad.com.cn/login" "Mozilla/5.0 (Windows NT 6.1; WOW64) AppleWebKit/537.36 (KHTML, like Gecko) Chrome/41.0.2272.118 Safari/537.36" "-"
